<!doctype html public "-//w3c//dtd html 4.0 transitional//en">
<html><head>
<title>Static Call Graph - [ToyDrone Configuration\ToyDrone Configuration.axf]</title></head>
<body><HR>
<H1>Static Call Graph for image ToyDrone Configuration\ToyDrone Configuration.axf</H1><HR>
<BR><P>#&#060CALLGRAPH&#062# ARM Linker, 5060750: Last Updated: Fri Dec 21 13:31:30 2018
<BR><P>
<H3>Maximum Stack Usage =        472 bytes + Unknown(Cycles, Untraceable Function Pointers)</H3><H3>
Call chain for Maximum Stack Depth:</H3>
main &rArr; enableAllSensors &rArr; myprintf &rArr; usart_puts &rArr; HAL_UART_Transmit &rArr; UART_WaitOnFlagUntilTimeout
<P>
<H3>
Mutually Recursive functions
</H3> <LI><a href="#[ad]">NMI_Handler</a>&nbsp;&nbsp;&nbsp;&rArr;&nbsp;&nbsp;&nbsp;<a href="#[ad]">NMI_Handler</a><BR>
 <LI><a href="#[ae]">HardFault_Handler</a>&nbsp;&nbsp;&nbsp;&rArr;&nbsp;&nbsp;&nbsp;<a href="#[ae]">HardFault_Handler</a><BR>
 <LI><a href="#[af]">MemManage_Handler</a>&nbsp;&nbsp;&nbsp;&rArr;&nbsp;&nbsp;&nbsp;<a href="#[af]">MemManage_Handler</a><BR>
 <LI><a href="#[b0]">BusFault_Handler</a>&nbsp;&nbsp;&nbsp;&rArr;&nbsp;&nbsp;&nbsp;<a href="#[b0]">BusFault_Handler</a><BR>
 <LI><a href="#[b1]">UsageFault_Handler</a>&nbsp;&nbsp;&nbsp;&rArr;&nbsp;&nbsp;&nbsp;<a href="#[b1]">UsageFault_Handler</a><BR>
 <LI><a href="#[b2]">SVC_Handler</a>&nbsp;&nbsp;&nbsp;&rArr;&nbsp;&nbsp;&nbsp;<a href="#[b2]">SVC_Handler</a><BR>
 <LI><a href="#[b3]">DebugMon_Handler</a>&nbsp;&nbsp;&nbsp;&rArr;&nbsp;&nbsp;&nbsp;<a href="#[b3]">DebugMon_Handler</a><BR>
 <LI><a href="#[b4]">PendSV_Handler</a>&nbsp;&nbsp;&nbsp;&rArr;&nbsp;&nbsp;&nbsp;<a href="#[b4]">PendSV_Handler</a><BR>
 <LI><a href="#[c8]">ADC_IRQHandler</a>&nbsp;&nbsp;&nbsp;&rArr;&nbsp;&nbsp;&nbsp;<a href="#[c8]">ADC_IRQHandler</a><BR>
</UL>
<P>
<H3>
Function Pointers
</H3><UL>
 <LI><a href="#[c8]">ADC_IRQHandler</a> from startup_stm32f401xc.o(.text) referenced from startup_stm32f401xc.o(RESET)
 <LI><a href="#[b0]">BusFault_Handler</a> from startup_stm32f401xc.o(.text) referenced from startup_stm32f401xc.o(RESET)
 <LI><a href="#[c1]">DMA1_Stream0_IRQHandler</a> from startup_stm32f401xc.o(.text) referenced from startup_stm32f401xc.o(RESET)
 <LI><a href="#[c2]">DMA1_Stream1_IRQHandler</a> from startup_stm32f401xc.o(.text) referenced from startup_stm32f401xc.o(RESET)
 <LI><a href="#[c3]">DMA1_Stream2_IRQHandler</a> from startup_stm32f401xc.o(.text) referenced from startup_stm32f401xc.o(RESET)
 <LI><a href="#[c4]">DMA1_Stream3_IRQHandler</a> from startup_stm32f401xc.o(.text) referenced from startup_stm32f401xc.o(RESET)
 <LI><a href="#[c5]">DMA1_Stream4_IRQHandler</a> from startup_stm32f401xc.o(.text) referenced from startup_stm32f401xc.o(RESET)
 <LI><a href="#[c6]">DMA1_Stream5_IRQHandler</a> from startup_stm32f401xc.o(.text) referenced from startup_stm32f401xc.o(RESET)
 <LI><a href="#[c7]">DMA1_Stream6_IRQHandler</a> from startup_stm32f401xc.o(.text) referenced from startup_stm32f401xc.o(RESET)
 <LI><a href="#[dc]">DMA1_Stream7_IRQHandler</a> from startup_stm32f401xc.o(.text) referenced from startup_stm32f401xc.o(RESET)
 <LI><a href="#[e0]">DMA2_Stream0_IRQHandler</a> from startup_stm32f401xc.o(.text) referenced from startup_stm32f401xc.o(RESET)
 <LI><a href="#[e1]">DMA2_Stream1_IRQHandler</a> from startup_stm32f401xc.o(.text) referenced from startup_stm32f401xc.o(RESET)
 <LI><a href="#[e2]">DMA2_Stream2_IRQHandler</a> from startup_stm32f401xc.o(.text) referenced from startup_stm32f401xc.o(RESET)
 <LI><a href="#[e3]">DMA2_Stream3_IRQHandler</a> from startup_stm32f401xc.o(.text) referenced from startup_stm32f401xc.o(RESET)
 <LI><a href="#[e4]">DMA2_Stream4_IRQHandler</a> from startup_stm32f401xc.o(.text) referenced from startup_stm32f401xc.o(RESET)
 <LI><a href="#[e6]">DMA2_Stream5_IRQHandler</a> from startup_stm32f401xc.o(.text) referenced from startup_stm32f401xc.o(RESET)
 <LI><a href="#[e7]">DMA2_Stream6_IRQHandler</a> from startup_stm32f401xc.o(.text) referenced from startup_stm32f401xc.o(RESET)
 <LI><a href="#[e8]">DMA2_Stream7_IRQHandler</a> from startup_stm32f401xc.o(.text) referenced from startup_stm32f401xc.o(RESET)
 <LI><a href="#[b3]">DebugMon_Handler</a> from startup_stm32f401xc.o(.text) referenced from startup_stm32f401xc.o(RESET)
 <LI><a href="#[bc]">EXTI0_IRQHandler</a> from startup_stm32f401xc.o(.text) referenced from startup_stm32f401xc.o(RESET)
 <LI><a href="#[d9]">EXTI15_10_IRQHandler</a> from startup_stm32f401xc.o(.text) referenced from startup_stm32f401xc.o(RESET)
 <LI><a href="#[bd]">EXTI1_IRQHandler</a> from startup_stm32f401xc.o(.text) referenced from startup_stm32f401xc.o(RESET)
 <LI><a href="#[be]">EXTI2_IRQHandler</a> from startup_stm32f401xc.o(.text) referenced from startup_stm32f401xc.o(RESET)
 <LI><a href="#[bf]">EXTI3_IRQHandler</a> from startup_stm32f401xc.o(.text) referenced from startup_stm32f401xc.o(RESET)
 <LI><a href="#[c0]">EXTI4_IRQHandler</a> from startup_stm32f401xc.o(.text) referenced from startup_stm32f401xc.o(RESET)
 <LI><a href="#[c9]">EXTI9_5_IRQHandler</a> from startup_stm32f401xc.o(.text) referenced from startup_stm32f401xc.o(RESET)
 <LI><a href="#[ba]">FLASH_IRQHandler</a> from startup_stm32f401xc.o(.text) referenced from startup_stm32f401xc.o(RESET)
 <LI><a href="#[ec]">FPU_IRQHandler</a> from startup_stm32f401xc.o(.text) referenced from startup_stm32f401xc.o(RESET)
 <LI><a href="#[ae]">HardFault_Handler</a> from startup_stm32f401xc.o(.text) referenced from startup_stm32f401xc.o(RESET)
 <LI><a href="#[d2]">I2C1_ER_IRQHandler</a> from startup_stm32f401xc.o(.text) referenced from startup_stm32f401xc.o(RESET)
 <LI><a href="#[d1]">I2C1_EV_IRQHandler</a> from startup_stm32f401xc.o(.text) referenced from startup_stm32f401xc.o(RESET)
 <LI><a href="#[d4]">I2C2_ER_IRQHandler</a> from startup_stm32f401xc.o(.text) referenced from startup_stm32f401xc.o(RESET)
 <LI><a href="#[d3]">I2C2_EV_IRQHandler</a> from startup_stm32f401xc.o(.text) referenced from startup_stm32f401xc.o(RESET)
 <LI><a href="#[eb]">I2C3_ER_IRQHandler</a> from startup_stm32f401xc.o(.text) referenced from startup_stm32f401xc.o(RESET)
 <LI><a href="#[ea]">I2C3_EV_IRQHandler</a> from startup_stm32f401xc.o(.text) referenced from startup_stm32f401xc.o(RESET)
 <LI><a href="#[62]">LIS2MDL_Check_WhoAmI</a> from lis2mdl_mag_driver_hl.o(i.LIS2MDL_Check_WhoAmI) referenced 2 times from lis2mdl_mag_driver_hl.o(.data)
 <LI><a href="#[5e]">LIS2MDL_DeInit</a> from lis2mdl_mag_driver_hl.o(i.LIS2MDL_DeInit) referenced 2 times from lis2mdl_mag_driver_hl.o(.data)
 <LI><a href="#[63]">LIS2MDL_Get_Axes</a> from lis2mdl_mag_driver_hl.o(i.LIS2MDL_Get_Axes) referenced 2 times from lis2mdl_mag_driver_hl.o(.data)
 <LI><a href="#[64]">LIS2MDL_Get_AxesRaw</a> from lis2mdl_mag_driver_hl.o(i.LIS2MDL_Get_AxesRaw) referenced 2 times from lis2mdl_mag_driver_hl.o(.data)
 <LI><a href="#[6e]">LIS2MDL_Get_DRDY_Status</a> from lis2mdl_mag_driver_hl.o(i.LIS2MDL_Get_DRDY_Status) referenced 2 times from lis2mdl_mag_driver_hl.o(.data)
 <LI><a href="#[69]">LIS2MDL_Get_FS</a> from lis2mdl_mag_driver_hl.o(i.LIS2MDL_Get_FS) referenced 2 times from lis2mdl_mag_driver_hl.o(.data)
 <LI><a href="#[66]">LIS2MDL_Get_ODR</a> from lis2mdl_mag_driver_hl.o(i.LIS2MDL_Get_ODR) referenced 2 times from lis2mdl_mag_driver_hl.o(.data)
 <LI><a href="#[65]">LIS2MDL_Get_Sensitivity</a> from lis2mdl_mag_driver_hl.o(i.LIS2MDL_Get_Sensitivity) referenced 2 times from lis2mdl_mag_driver_hl.o(.data)
 <LI><a href="#[61]">LIS2MDL_Get_WhoAmI</a> from lis2mdl_mag_driver_hl.o(i.LIS2MDL_Get_WhoAmI) referenced 2 times from lis2mdl_mag_driver_hl.o(.data)
 <LI><a href="#[5d]">LIS2MDL_Init</a> from lis2mdl_mag_driver_hl.o(i.LIS2MDL_Init) referenced 2 times from lis2mdl_mag_driver_hl.o(.data)
 <LI><a href="#[6c]">LIS2MDL_Read_Reg</a> from lis2mdl_mag_driver_hl.o(i.LIS2MDL_Read_Reg) referenced 2 times from lis2mdl_mag_driver_hl.o(.data)
 <LI><a href="#[60]">LIS2MDL_Sensor_Disable</a> from lis2mdl_mag_driver_hl.o(i.LIS2MDL_Sensor_Disable) referenced 2 times from lis2mdl_mag_driver_hl.o(.data)
 <LI><a href="#[5f]">LIS2MDL_Sensor_Enable</a> from lis2mdl_mag_driver_hl.o(i.LIS2MDL_Sensor_Enable) referenced 2 times from lis2mdl_mag_driver_hl.o(.data)
 <LI><a href="#[6a]">LIS2MDL_Set_FS</a> from lis2mdl_mag_driver_hl.o(i.LIS2MDL_Set_FS) referenced 2 times from lis2mdl_mag_driver_hl.o(.data)
 <LI><a href="#[6b]">LIS2MDL_Set_FS_Value</a> from lis2mdl_mag_driver_hl.o(i.LIS2MDL_Set_FS_Value) referenced 2 times from lis2mdl_mag_driver_hl.o(.data)
 <LI><a href="#[67]">LIS2MDL_Set_ODR</a> from lis2mdl_mag_driver_hl.o(i.LIS2MDL_Set_ODR) referenced 2 times from lis2mdl_mag_driver_hl.o(.data)
 <LI><a href="#[68]">LIS2MDL_Set_ODR_Value</a> from lis2mdl_mag_driver_hl.o(i.LIS2MDL_Set_ODR_Value) referenced 2 times from lis2mdl_mag_driver_hl.o(.data)
 <LI><a href="#[6d]">LIS2MDL_Write_Reg</a> from lis2mdl_mag_driver_hl.o(i.LIS2MDL_Write_Reg) referenced 2 times from lis2mdl_mag_driver_hl.o(.data)
 <LI><a href="#[90]">LPS22HB_FIFO_Get_Data</a> from lps22hb_driver_hl.o(i.LPS22HB_FIFO_Get_Data) referenced 4 times from lps22hb_driver_hl.o(.data)
 <LI><a href="#[89]">LPS22HB_FIFO_Get_Empty_Status</a> from lps22hb_driver_hl.o(i.LPS22HB_FIFO_Get_Empty_Status) referenced 4 times from lps22hb_driver_hl.o(.data)
 <LI><a href="#[8c]">LPS22HB_FIFO_Get_Fth_Status</a> from lps22hb_driver_hl.o(i.LPS22HB_FIFO_Get_Fth_Status) referenced 4 times from lps22hb_driver_hl.o(.data)
 <LI><a href="#[8a]">LPS22HB_FIFO_Get_Full_Status</a> from lps22hb_driver_hl.o(i.LPS22HB_FIFO_Get_Full_Status) referenced 4 times from lps22hb_driver_hl.o(.data)
 <LI><a href="#[91]">LPS22HB_FIFO_Get_Mode</a> from lps22hb_driver_hl.o(i.LPS22HB_FIFO_Get_Mode) referenced 4 times from lps22hb_driver_hl.o(.data)
 <LI><a href="#[8f]">LPS22HB_FIFO_Get_Num_Of_Samples</a> from lps22hb_driver_hl.o(i.LPS22HB_FIFO_Get_Num_Of_Samples) referenced 4 times from lps22hb_driver_hl.o(.data)
 <LI><a href="#[8b]">LPS22HB_FIFO_Get_Ovr_Status</a> from lps22hb_driver_hl.o(i.LPS22HB_FIFO_Get_Ovr_Status) referenced 4 times from lps22hb_driver_hl.o(.data)
 <LI><a href="#[93]">LPS22HB_FIFO_Get_Watermark_Level</a> from lps22hb_driver_hl.o(i.LPS22HB_FIFO_Get_Watermark_Level) referenced 4 times from lps22hb_driver_hl.o(.data)
 <LI><a href="#[97]">LPS22HB_FIFO_Reset_Interrupt</a> from lps22hb_driver_hl.o(i.LPS22HB_FIFO_Reset_Interrupt) referenced 4 times from lps22hb_driver_hl.o(.data)
 <LI><a href="#[96]">LPS22HB_FIFO_Set_Interrupt</a> from lps22hb_driver_hl.o(i.LPS22HB_FIFO_Set_Interrupt) referenced 4 times from lps22hb_driver_hl.o(.data)
 <LI><a href="#[92]">LPS22HB_FIFO_Set_Mode</a> from lps22hb_driver_hl.o(i.LPS22HB_FIFO_Set_Mode) referenced 4 times from lps22hb_driver_hl.o(.data)
 <LI><a href="#[94]">LPS22HB_FIFO_Set_Watermark_Level</a> from lps22hb_driver_hl.o(i.LPS22HB_FIFO_Set_Watermark_Level) referenced 4 times from lps22hb_driver_hl.o(.data)
 <LI><a href="#[8d]">LPS22HB_FIFO_Stop_On_Fth</a> from lps22hb_driver_hl.o(i.LPS22HB_FIFO_Stop_On_Fth) referenced 4 times from lps22hb_driver_hl.o(.data)
 <LI><a href="#[8e]">LPS22HB_FIFO_Usage</a> from lps22hb_driver_hl.o(i.LPS22HB_FIFO_Usage) referenced 4 times from lps22hb_driver_hl.o(.data)
 <LI><a href="#[95]">LPS22HB_FIFO_Watermark_Usage</a> from lps22hb_driver_hl.o(i.LPS22HB_FIFO_Watermark_Usage) referenced 4 times from lps22hb_driver_hl.o(.data)
 <LI><a href="#[74]">LPS22HB_P_Check_WhoAmI</a> from lps22hb_driver_hl.o(i.LPS22HB_P_Check_WhoAmI) referenced 2 times from lps22hb_driver_hl.o(.data)
 <LI><a href="#[70]">LPS22HB_P_DeInit</a> from lps22hb_driver_hl.o(i.LPS22HB_P_DeInit) referenced 2 times from lps22hb_driver_hl.o(.data)
 <LI><a href="#[7b]">LPS22HB_P_Get_DRDY_Status</a> from lps22hb_driver_hl.o(i.LPS22HB_P_Get_DRDY_Status) referenced 2 times from lps22hb_driver_hl.o(.data)
 <LI><a href="#[76]">LPS22HB_P_Get_ODR</a> from lps22hb_driver_hl.o(i.LPS22HB_P_Get_ODR) referenced 2 times from lps22hb_driver_hl.o(.data)
 <LI><a href="#[75]">LPS22HB_P_Get_Press</a> from lps22hb_driver_hl.o(i.LPS22HB_P_Get_Press) referenced 2 times from lps22hb_driver_hl.o(.data)
 <LI><a href="#[73]">LPS22HB_P_Get_WhoAmI</a> from lps22hb_driver_hl.o(i.LPS22HB_P_Get_WhoAmI) referenced 2 times from lps22hb_driver_hl.o(.data)
 <LI><a href="#[6f]">LPS22HB_P_Init</a> from lps22hb_driver_hl.o(i.LPS22HB_P_Init) referenced 2 times from lps22hb_driver_hl.o(.data)
 <LI><a href="#[79]">LPS22HB_P_Read_Reg</a> from lps22hb_driver_hl.o(i.LPS22HB_P_Read_Reg) referenced 2 times from lps22hb_driver_hl.o(.data)
 <LI><a href="#[72]">LPS22HB_P_Sensor_Disable</a> from lps22hb_driver_hl.o(i.LPS22HB_P_Sensor_Disable) referenced 2 times from lps22hb_driver_hl.o(.data)
 <LI><a href="#[71]">LPS22HB_P_Sensor_Enable</a> from lps22hb_driver_hl.o(i.LPS22HB_P_Sensor_Enable) referenced 2 times from lps22hb_driver_hl.o(.data)
 <LI><a href="#[77]">LPS22HB_P_Set_ODR</a> from lps22hb_driver_hl.o(i.LPS22HB_P_Set_ODR) referenced 2 times from lps22hb_driver_hl.o(.data)
 <LI><a href="#[78]">LPS22HB_P_Set_ODR_Value</a> from lps22hb_driver_hl.o(i.LPS22HB_P_Set_ODR_Value) referenced 2 times from lps22hb_driver_hl.o(.data)
 <LI><a href="#[7a]">LPS22HB_P_Write_Reg</a> from lps22hb_driver_hl.o(i.LPS22HB_P_Write_Reg) referenced 2 times from lps22hb_driver_hl.o(.data)
 <LI><a href="#[81]">LPS22HB_T_Check_WhoAmI</a> from lps22hb_driver_hl.o(i.LPS22HB_T_Check_WhoAmI) referenced 2 times from lps22hb_driver_hl.o(.data)
 <LI><a href="#[7d]">LPS22HB_T_DeInit</a> from lps22hb_driver_hl.o(i.LPS22HB_T_DeInit) referenced 2 times from lps22hb_driver_hl.o(.data)
 <LI><a href="#[88]">LPS22HB_T_Get_DRDY_Status</a> from lps22hb_driver_hl.o(i.LPS22HB_T_Get_DRDY_Status) referenced 2 times from lps22hb_driver_hl.o(.data)
 <LI><a href="#[83]">LPS22HB_T_Get_ODR</a> from lps22hb_driver_hl.o(i.LPS22HB_T_Get_ODR) referenced 2 times from lps22hb_driver_hl.o(.data)
 <LI><a href="#[82]">LPS22HB_T_Get_Temp</a> from lps22hb_driver_hl.o(i.LPS22HB_T_Get_Temp) referenced 2 times from lps22hb_driver_hl.o(.data)
 <LI><a href="#[80]">LPS22HB_T_Get_WhoAmI</a> from lps22hb_driver_hl.o(i.LPS22HB_T_Get_WhoAmI) referenced 2 times from lps22hb_driver_hl.o(.data)
 <LI><a href="#[7c]">LPS22HB_T_Init</a> from lps22hb_driver_hl.o(i.LPS22HB_T_Init) referenced 2 times from lps22hb_driver_hl.o(.data)
 <LI><a href="#[86]">LPS22HB_T_Read_Reg</a> from lps22hb_driver_hl.o(i.LPS22HB_T_Read_Reg) referenced 2 times from lps22hb_driver_hl.o(.data)
 <LI><a href="#[7f]">LPS22HB_T_Sensor_Disable</a> from lps22hb_driver_hl.o(i.LPS22HB_T_Sensor_Disable) referenced 2 times from lps22hb_driver_hl.o(.data)
 <LI><a href="#[7e]">LPS22HB_T_Sensor_Enable</a> from lps22hb_driver_hl.o(i.LPS22HB_T_Sensor_Enable) referenced 2 times from lps22hb_driver_hl.o(.data)
 <LI><a href="#[84]">LPS22HB_T_Set_ODR</a> from lps22hb_driver_hl.o(i.LPS22HB_T_Set_ODR) referenced 2 times from lps22hb_driver_hl.o(.data)
 <LI><a href="#[85]">LPS22HB_T_Set_ODR_Value</a> from lps22hb_driver_hl.o(i.LPS22HB_T_Set_ODR_Value) referenced 2 times from lps22hb_driver_hl.o(.data)
 <LI><a href="#[87]">LPS22HB_T_Write_Reg</a> from lps22hb_driver_hl.o(i.LPS22HB_T_Write_Reg) referenced 2 times from lps22hb_driver_hl.o(.data)
 <LI><a href="#[9d]">LSM303AGR_X_Check_WhoAmI</a> from lsm303agr_acc_driver_hl.o(i.LSM303AGR_X_Check_WhoAmI) referenced 2 times from lsm303agr_acc_driver_hl.o(.data)
 <LI><a href="#[99]">LSM303AGR_X_DeInit</a> from lsm303agr_acc_driver_hl.o(i.LSM303AGR_X_DeInit) referenced 2 times from lsm303agr_acc_driver_hl.o(.data)
 <LI><a href="#[9e]">LSM303AGR_X_Get_Axes</a> from lsm303agr_acc_driver_hl.o(i.LSM303AGR_X_Get_Axes) referenced 2 times from lsm303agr_acc_driver_hl.o(.data)
 <LI><a href="#[9f]">LSM303AGR_X_Get_AxesRaw</a> from lsm303agr_acc_driver_hl.o(i.LSM303AGR_X_Get_AxesRaw) referenced 2 times from lsm303agr_acc_driver_hl.o(.data)
 <LI><a href="#[a7]">LSM303AGR_X_Get_Axes_Status</a> from lsm303agr_acc_driver_hl.o(i.LSM303AGR_X_Get_Axes_Status) referenced 2 times from lsm303agr_acc_driver_hl.o(.data)
 <LI><a href="#[ab]">LSM303AGR_X_Get_DRDY_Status</a> from lsm303agr_acc_driver_hl.o(i.LSM303AGR_X_Get_DRDY_Status) referenced 2 times from lsm303agr_acc_driver_hl.o(.data)
 <LI><a href="#[a4]">LSM303AGR_X_Get_FS</a> from lsm303agr_acc_driver_hl.o(i.LSM303AGR_X_Get_FS) referenced 2 times from lsm303agr_acc_driver_hl.o(.data)
 <LI><a href="#[a1]">LSM303AGR_X_Get_ODR</a> from lsm303agr_acc_driver_hl.o(i.LSM303AGR_X_Get_ODR) referenced 2 times from lsm303agr_acc_driver_hl.o(.data)
 <LI><a href="#[a0]">LSM303AGR_X_Get_Sensitivity</a> from lsm303agr_acc_driver_hl.o(i.LSM303AGR_X_Get_Sensitivity) referenced 2 times from lsm303agr_acc_driver_hl.o(.data)
 <LI><a href="#[9c]">LSM303AGR_X_Get_WhoAmI</a> from lsm303agr_acc_driver_hl.o(i.LSM303AGR_X_Get_WhoAmI) referenced 2 times from lsm303agr_acc_driver_hl.o(.data)
 <LI><a href="#[98]">LSM303AGR_X_Init</a> from lsm303agr_acc_driver_hl.o(i.LSM303AGR_X_Init) referenced 2 times from lsm303agr_acc_driver_hl.o(.data)
 <LI><a href="#[a9]">LSM303AGR_X_Read_Reg</a> from lsm303agr_acc_driver_hl.o(i.LSM303AGR_X_Read_Reg) referenced 2 times from lsm303agr_acc_driver_hl.o(.data)
 <LI><a href="#[9b]">LSM303AGR_X_Sensor_Disable</a> from lsm303agr_acc_driver_hl.o(i.LSM303AGR_X_Sensor_Disable) referenced 2 times from lsm303agr_acc_driver_hl.o(.data)
 <LI><a href="#[9a]">LSM303AGR_X_Sensor_Enable</a> from lsm303agr_acc_driver_hl.o(i.LSM303AGR_X_Sensor_Enable) referenced 2 times from lsm303agr_acc_driver_hl.o(.data)
 <LI><a href="#[a8]">LSM303AGR_X_Set_Axes_Status</a> from lsm303agr_acc_driver_hl.o(i.LSM303AGR_X_Set_Axes_Status) referenced 2 times from lsm303agr_acc_driver_hl.o(.data)
 <LI><a href="#[a5]">LSM303AGR_X_Set_FS</a> from lsm303agr_acc_driver_hl.o(i.LSM303AGR_X_Set_FS) referenced 2 times from lsm303agr_acc_driver_hl.o(.data)
 <LI><a href="#[a6]">LSM303AGR_X_Set_FS_Value</a> from lsm303agr_acc_driver_hl.o(i.LSM303AGR_X_Set_FS_Value) referenced 2 times from lsm303agr_acc_driver_hl.o(.data)
 <LI><a href="#[a2]">LSM303AGR_X_Set_ODR</a> from lsm303agr_acc_driver_hl.o(i.LSM303AGR_X_Set_ODR) referenced 2 times from lsm303agr_acc_driver_hl.o(.data)
 <LI><a href="#[a3]">LSM303AGR_X_Set_ODR_Value</a> from lsm303agr_acc_driver_hl.o(i.LSM303AGR_X_Set_ODR_Value) referenced 2 times from lsm303agr_acc_driver_hl.o(.data)
 <LI><a href="#[aa]">LSM303AGR_X_Write_Reg</a> from lsm303agr_acc_driver_hl.o(i.LSM303AGR_X_Write_Reg) referenced 2 times from lsm303agr_acc_driver_hl.o(.data)
 <LI><a href="#[36]">LSM6DSL_FIFO_G_Get_Axis</a> from lsm6dsl_acc_gyro_driver_hl.o(i.LSM6DSL_FIFO_G_Get_Axis) referenced 2 times from lsm6dsl_acc_gyro_driver_hl.o(.data)
 <LI><a href="#[35]">LSM6DSL_FIFO_G_Set_Decimation</a> from lsm6dsl_acc_gyro_driver_hl.o(i.LSM6DSL_FIFO_G_Set_Decimation) referenced 2 times from lsm6dsl_acc_gyro_driver_hl.o(.data)
 <LI><a href="#[2b]">LSM6DSL_FIFO_Get_Data</a> from lsm6dsl_acc_gyro_driver_hl.o(i.LSM6DSL_FIFO_Get_Data) referenced 4 times from lsm6dsl_acc_gyro_driver_hl.o(.data)
 <LI><a href="#[28]">LSM6DSL_FIFO_Get_Empty_Status</a> from lsm6dsl_acc_gyro_driver_hl.o(i.LSM6DSL_FIFO_Get_Empty_Status) referenced 4 times from lsm6dsl_acc_gyro_driver_hl.o(.data)
 <LI><a href="#[27]">LSM6DSL_FIFO_Get_Full_Status</a> from lsm6dsl_acc_gyro_driver_hl.o(i.LSM6DSL_FIFO_Get_Full_Status) referenced 4 times from lsm6dsl_acc_gyro_driver_hl.o(.data)
 <LI><a href="#[2c]">LSM6DSL_FIFO_Get_Num_Of_Samples</a> from lsm6dsl_acc_gyro_driver_hl.o(i.LSM6DSL_FIFO_Get_Num_Of_Samples) referenced 4 times from lsm6dsl_acc_gyro_driver_hl.o(.data)
 <LI><a href="#[29]">LSM6DSL_FIFO_Get_Overrun_Status</a> from lsm6dsl_acc_gyro_driver_hl.o(i.LSM6DSL_FIFO_Get_Overrun_Status) referenced 4 times from lsm6dsl_acc_gyro_driver_hl.o(.data)
 <LI><a href="#[2a]">LSM6DSL_FIFO_Get_Pattern</a> from lsm6dsl_acc_gyro_driver_hl.o(i.LSM6DSL_FIFO_Get_Pattern) referenced 4 times from lsm6dsl_acc_gyro_driver_hl.o(.data)
 <LI><a href="#[30]">LSM6DSL_FIFO_Set_INT1_FIFO_Full</a> from lsm6dsl_acc_gyro_driver_hl.o(i.LSM6DSL_FIFO_Set_INT1_FIFO_Full) referenced 4 times from lsm6dsl_acc_gyro_driver_hl.o(.data)
 <LI><a href="#[2f]">LSM6DSL_FIFO_Set_Mode</a> from lsm6dsl_acc_gyro_driver_hl.o(i.LSM6DSL_FIFO_Set_Mode) referenced 4 times from lsm6dsl_acc_gyro_driver_hl.o(.data)
 <LI><a href="#[26]">LSM6DSL_FIFO_Set_ODR_Value</a> from lsm6dsl_acc_gyro_driver_hl.o(i.LSM6DSL_FIFO_Set_ODR_Value) referenced 4 times from lsm6dsl_acc_gyro_driver_hl.o(.data)
 <LI><a href="#[32]">LSM6DSL_FIFO_Set_Stop_On_Fth</a> from lsm6dsl_acc_gyro_driver_hl.o(i.LSM6DSL_FIFO_Set_Stop_On_Fth) referenced 4 times from lsm6dsl_acc_gyro_driver_hl.o(.data)
 <LI><a href="#[31]">LSM6DSL_FIFO_Set_Watermark_Level</a> from lsm6dsl_acc_gyro_driver_hl.o(i.LSM6DSL_FIFO_Set_Watermark_Level) referenced 4 times from lsm6dsl_acc_gyro_driver_hl.o(.data)
 <LI><a href="#[2e]">LSM6DSL_FIFO_X_Get_Axis</a> from lsm6dsl_acc_gyro_driver_hl.o(i.LSM6DSL_FIFO_X_Get_Axis) referenced 2 times from lsm6dsl_acc_gyro_driver_hl.o(.data)
 <LI><a href="#[2d]">LSM6DSL_FIFO_X_Set_Decimation</a> from lsm6dsl_acc_gyro_driver_hl.o(i.LSM6DSL_FIFO_X_Set_Decimation) referenced 2 times from lsm6dsl_acc_gyro_driver_hl.o(.data)
 <LI><a href="#[50]">LSM6DSL_G_Check_WhoAmI</a> from lsm6dsl_acc_gyro_driver_hl.o(i.LSM6DSL_G_Check_WhoAmI) referenced 2 times from lsm6dsl_acc_gyro_driver_hl.o(.data)
 <LI><a href="#[4c]">LSM6DSL_G_DeInit</a> from lsm6dsl_acc_gyro_driver_hl.o(i.LSM6DSL_G_DeInit) referenced 2 times from lsm6dsl_acc_gyro_driver_hl.o(.data)
 <LI><a href="#[51]">LSM6DSL_G_Get_Axes</a> from lsm6dsl_acc_gyro_driver_hl.o(i.LSM6DSL_G_Get_Axes) referenced 2 times from lsm6dsl_acc_gyro_driver_hl.o(.data)
 <LI><a href="#[52]">LSM6DSL_G_Get_AxesRaw</a> from lsm6dsl_acc_gyro_driver_hl.o(i.LSM6DSL_G_Get_AxesRaw) referenced 2 times from lsm6dsl_acc_gyro_driver_hl.o(.data)
 <LI><a href="#[5c]">LSM6DSL_G_Get_DRDY_Status</a> from lsm6dsl_acc_gyro_driver_hl.o(i.LSM6DSL_G_Get_DRDY_Status) referenced 2 times from lsm6dsl_acc_gyro_driver_hl.o(.data)
 <LI><a href="#[57]">LSM6DSL_G_Get_FS</a> from lsm6dsl_acc_gyro_driver_hl.o(i.LSM6DSL_G_Get_FS) referenced 2 times from lsm6dsl_acc_gyro_driver_hl.o(.data)
 <LI><a href="#[54]">LSM6DSL_G_Get_ODR</a> from lsm6dsl_acc_gyro_driver_hl.o(i.LSM6DSL_G_Get_ODR) referenced 2 times from lsm6dsl_acc_gyro_driver_hl.o(.data)
 <LI><a href="#[53]">LSM6DSL_G_Get_Sensitivity</a> from lsm6dsl_acc_gyro_driver_hl.o(i.LSM6DSL_G_Get_Sensitivity) referenced 2 times from lsm6dsl_acc_gyro_driver_hl.o(.data)
 <LI><a href="#[4f]">LSM6DSL_G_Get_WhoAmI</a> from lsm6dsl_acc_gyro_driver_hl.o(i.LSM6DSL_G_Get_WhoAmI) referenced 2 times from lsm6dsl_acc_gyro_driver_hl.o(.data)
 <LI><a href="#[4b]">LSM6DSL_G_Init</a> from lsm6dsl_acc_gyro_driver_hl.o(i.LSM6DSL_G_Init) referenced 2 times from lsm6dsl_acc_gyro_driver_hl.o(.data)
 <LI><a href="#[5a]">LSM6DSL_G_Read_Reg</a> from lsm6dsl_acc_gyro_driver_hl.o(i.LSM6DSL_G_Read_Reg) referenced 2 times from lsm6dsl_acc_gyro_driver_hl.o(.data)
 <LI><a href="#[4e]">LSM6DSL_G_Sensor_Disable</a> from lsm6dsl_acc_gyro_driver_hl.o(i.LSM6DSL_G_Sensor_Disable) referenced 2 times from lsm6dsl_acc_gyro_driver_hl.o(.data)
 <LI><a href="#[4d]">LSM6DSL_G_Sensor_Enable</a> from lsm6dsl_acc_gyro_driver_hl.o(i.LSM6DSL_G_Sensor_Enable) referenced 2 times from lsm6dsl_acc_gyro_driver_hl.o(.data)
 <LI><a href="#[58]">LSM6DSL_G_Set_FS</a> from lsm6dsl_acc_gyro_driver_hl.o(i.LSM6DSL_G_Set_FS) referenced 2 times from lsm6dsl_acc_gyro_driver_hl.o(.data)
 <LI><a href="#[59]">LSM6DSL_G_Set_FS_Value</a> from lsm6dsl_acc_gyro_driver_hl.o(i.LSM6DSL_G_Set_FS_Value) referenced 2 times from lsm6dsl_acc_gyro_driver_hl.o(.data)
 <LI><a href="#[37]">LSM6DSL_G_Set_Interrupt_Latch</a> from lsm6dsl_acc_gyro_driver_hl.o(i.LSM6DSL_G_Set_Interrupt_Latch) referenced 2 times from lsm6dsl_acc_gyro_driver_hl.o(.data)
 <LI><a href="#[55]">LSM6DSL_G_Set_ODR</a> from lsm6dsl_acc_gyro_driver_hl.o(i.LSM6DSL_G_Set_ODR) referenced 2 times from lsm6dsl_acc_gyro_driver_hl.o(.data)
 <LI><a href="#[56]">LSM6DSL_G_Set_ODR_Value</a> from lsm6dsl_acc_gyro_driver_hl.o(i.LSM6DSL_G_Set_ODR_Value) referenced 2 times from lsm6dsl_acc_gyro_driver_hl.o(.data)
 <LI><a href="#[38]">LSM6DSL_G_Set_SelfTest</a> from lsm6dsl_acc_gyro_driver_hl.o(i.LSM6DSL_G_Set_SelfTest) referenced 2 times from lsm6dsl_acc_gyro_driver_hl.o(.data)
 <LI><a href="#[5b]">LSM6DSL_G_Write_Reg</a> from lsm6dsl_acc_gyro_driver_hl.o(i.LSM6DSL_G_Write_Reg) referenced 2 times from lsm6dsl_acc_gyro_driver_hl.o(.data)
 <LI><a href="#[3e]">LSM6DSL_X_Check_WhoAmI</a> from lsm6dsl_acc_gyro_driver_hl.o(i.LSM6DSL_X_Check_WhoAmI) referenced 2 times from lsm6dsl_acc_gyro_driver_hl.o(.data)
 <LI><a href="#[3a]">LSM6DSL_X_DeInit</a> from lsm6dsl_acc_gyro_driver_hl.o(i.LSM6DSL_X_DeInit) referenced 2 times from lsm6dsl_acc_gyro_driver_hl.o(.data)
 <LI><a href="#[1e]">LSM6DSL_X_Disable_6D_Orientation</a> from lsm6dsl_acc_gyro_driver_hl.o(i.LSM6DSL_X_Disable_6D_Orientation) referenced 2 times from lsm6dsl_acc_gyro_driver_hl.o(.data)
 <LI><a href="#[17]">LSM6DSL_X_Disable_Double_Tap_Detection</a> from lsm6dsl_acc_gyro_driver_hl.o(i.LSM6DSL_X_Disable_Double_Tap_Detection) referenced 2 times from lsm6dsl_acc_gyro_driver_hl.o(.data)
 <LI><a href="#[2]">LSM6DSL_X_Disable_Free_Fall_Detection</a> from lsm6dsl_acc_gyro_driver_hl.o(i.LSM6DSL_X_Disable_Free_Fall_Detection) referenced 2 times from lsm6dsl_acc_gyro_driver_hl.o(.data)
 <LI><a href="#[6]">LSM6DSL_X_Disable_Pedometer</a> from lsm6dsl_acc_gyro_driver_hl.o(i.LSM6DSL_X_Disable_Pedometer) referenced 2 times from lsm6dsl_acc_gyro_driver_hl.o(.data)
 <LI><a href="#[14]">LSM6DSL_X_Disable_Single_Tap_Detection</a> from lsm6dsl_acc_gyro_driver_hl.o(i.LSM6DSL_X_Disable_Single_Tap_Detection) referenced 2 times from lsm6dsl_acc_gyro_driver_hl.o(.data)
 <LI><a href="#[a]">LSM6DSL_X_Disable_Step_Counter_Reset</a> from lsm6dsl_acc_gyro_driver_hl.o(i.LSM6DSL_X_Disable_Step_Counter_Reset) referenced 2 times from lsm6dsl_acc_gyro_driver_hl.o(.data)
 <LI><a href="#[d]">LSM6DSL_X_Disable_Tilt_Detection</a> from lsm6dsl_acc_gyro_driver_hl.o(i.LSM6DSL_X_Disable_Tilt_Detection) referenced 2 times from lsm6dsl_acc_gyro_driver_hl.o(.data)
 <LI><a href="#[10]">LSM6DSL_X_Disable_Wake_Up_Detection</a> from lsm6dsl_acc_gyro_driver_hl.o(i.LSM6DSL_X_Disable_Wake_Up_Detection) referenced 2 times from lsm6dsl_acc_gyro_driver_hl.o(.data)
 <LI><a href="#[1d]">LSM6DSL_X_Enable_6D_Orientation</a> from lsm6dsl_acc_gyro_driver_hl.o(i.LSM6DSL_X_Enable_6D_Orientation) referenced 2 times from lsm6dsl_acc_gyro_driver_hl.o(.data)
 <LI><a href="#[16]">LSM6DSL_X_Enable_Double_Tap_Detection</a> from lsm6dsl_acc_gyro_driver_hl.o(i.LSM6DSL_X_Enable_Double_Tap_Detection) referenced 2 times from lsm6dsl_acc_gyro_driver_hl.o(.data)
 <LI><a href="#[1]">LSM6DSL_X_Enable_Free_Fall_Detection</a> from lsm6dsl_acc_gyro_driver_hl.o(i.LSM6DSL_X_Enable_Free_Fall_Detection) referenced 2 times from lsm6dsl_acc_gyro_driver_hl.o(.data)
 <LI><a href="#[5]">LSM6DSL_X_Enable_Pedometer</a> from lsm6dsl_acc_gyro_driver_hl.o(i.LSM6DSL_X_Enable_Pedometer) referenced 2 times from lsm6dsl_acc_gyro_driver_hl.o(.data)
 <LI><a href="#[13]">LSM6DSL_X_Enable_Single_Tap_Detection</a> from lsm6dsl_acc_gyro_driver_hl.o(i.LSM6DSL_X_Enable_Single_Tap_Detection) referenced 2 times from lsm6dsl_acc_gyro_driver_hl.o(.data)
 <LI><a href="#[9]">LSM6DSL_X_Enable_Step_Counter_Reset</a> from lsm6dsl_acc_gyro_driver_hl.o(i.LSM6DSL_X_Enable_Step_Counter_Reset) referenced 2 times from lsm6dsl_acc_gyro_driver_hl.o(.data)
 <LI><a href="#[c]">LSM6DSL_X_Enable_Tilt_Detection</a> from lsm6dsl_acc_gyro_driver_hl.o(i.LSM6DSL_X_Enable_Tilt_Detection) referenced 2 times from lsm6dsl_acc_gyro_driver_hl.o(.data)
 <LI><a href="#[f]">LSM6DSL_X_Enable_Wake_Up_Detection</a> from lsm6dsl_acc_gyro_driver_hl.o(i.LSM6DSL_X_Enable_Wake_Up_Detection) referenced 2 times from lsm6dsl_acc_gyro_driver_hl.o(.data)
 <LI><a href="#[1f]">LSM6DSL_X_Get_6D_Orientation_Status</a> from lsm6dsl_acc_gyro_driver_hl.o(i.LSM6DSL_X_Get_6D_Orientation_Status) referenced 2 times from lsm6dsl_acc_gyro_driver_hl.o(.data)
 <LI><a href="#[21]">LSM6DSL_X_Get_6D_Orientation_XH</a> from lsm6dsl_acc_gyro_driver_hl.o(i.LSM6DSL_X_Get_6D_Orientation_XH) referenced 2 times from lsm6dsl_acc_gyro_driver_hl.o(.data)
 <LI><a href="#[20]">LSM6DSL_X_Get_6D_Orientation_XL</a> from lsm6dsl_acc_gyro_driver_hl.o(i.LSM6DSL_X_Get_6D_Orientation_XL) referenced 2 times from lsm6dsl_acc_gyro_driver_hl.o(.data)
 <LI><a href="#[23]">LSM6DSL_X_Get_6D_Orientation_YH</a> from lsm6dsl_acc_gyro_driver_hl.o(i.LSM6DSL_X_Get_6D_Orientation_YH) referenced 2 times from lsm6dsl_acc_gyro_driver_hl.o(.data)
 <LI><a href="#[22]">LSM6DSL_X_Get_6D_Orientation_YL</a> from lsm6dsl_acc_gyro_driver_hl.o(i.LSM6DSL_X_Get_6D_Orientation_YL) referenced 2 times from lsm6dsl_acc_gyro_driver_hl.o(.data)
 <LI><a href="#[25]">LSM6DSL_X_Get_6D_Orientation_ZH</a> from lsm6dsl_acc_gyro_driver_hl.o(i.LSM6DSL_X_Get_6D_Orientation_ZH) referenced 2 times from lsm6dsl_acc_gyro_driver_hl.o(.data)
 <LI><a href="#[24]">LSM6DSL_X_Get_6D_Orientation_ZL</a> from lsm6dsl_acc_gyro_driver_hl.o(i.LSM6DSL_X_Get_6D_Orientation_ZL) referenced 2 times from lsm6dsl_acc_gyro_driver_hl.o(.data)
 <LI><a href="#[3f]">LSM6DSL_X_Get_Axes</a> from lsm6dsl_acc_gyro_driver_hl.o(i.LSM6DSL_X_Get_Axes) referenced 2 times from lsm6dsl_acc_gyro_driver_hl.o(.data)
 <LI><a href="#[40]">LSM6DSL_X_Get_AxesRaw</a> from lsm6dsl_acc_gyro_driver_hl.o(i.LSM6DSL_X_Get_AxesRaw) referenced 2 times from lsm6dsl_acc_gyro_driver_hl.o(.data)
 <LI><a href="#[4a]">LSM6DSL_X_Get_DRDY_Status</a> from lsm6dsl_acc_gyro_driver_hl.o(i.LSM6DSL_X_Get_DRDY_Status) referenced 2 times from lsm6dsl_acc_gyro_driver_hl.o(.data)
 <LI><a href="#[18]">LSM6DSL_X_Get_Double_Tap_Detection_Status</a> from lsm6dsl_acc_gyro_driver_hl.o(i.LSM6DSL_X_Get_Double_Tap_Detection_Status) referenced 2 times from lsm6dsl_acc_gyro_driver_hl.o(.data)
 <LI><a href="#[45]">LSM6DSL_X_Get_FS</a> from lsm6dsl_acc_gyro_driver_hl.o(i.LSM6DSL_X_Get_FS) referenced 2 times from lsm6dsl_acc_gyro_driver_hl.o(.data)
 <LI><a href="#[3]">LSM6DSL_X_Get_Free_Fall_Detection_Status</a> from lsm6dsl_acc_gyro_driver_hl.o(i.LSM6DSL_X_Get_Free_Fall_Detection_Status) referenced 2 times from lsm6dsl_acc_gyro_driver_hl.o(.data)
 <LI><a href="#[42]">LSM6DSL_X_Get_ODR</a> from lsm6dsl_acc_gyro_driver_hl.o(i.LSM6DSL_X_Get_ODR) referenced 2 times from lsm6dsl_acc_gyro_driver_hl.o(.data)
 <LI><a href="#[7]">LSM6DSL_X_Get_Pedometer_Status</a> from lsm6dsl_acc_gyro_driver_hl.o(i.LSM6DSL_X_Get_Pedometer_Status) referenced 2 times from lsm6dsl_acc_gyro_driver_hl.o(.data)
 <LI><a href="#[41]">LSM6DSL_X_Get_Sensitivity</a> from lsm6dsl_acc_gyro_driver_hl.o(i.LSM6DSL_X_Get_Sensitivity) referenced 2 times from lsm6dsl_acc_gyro_driver_hl.o(.data)
 <LI><a href="#[15]">LSM6DSL_X_Get_Single_Tap_Detection_Status</a> from lsm6dsl_acc_gyro_driver_hl.o(i.LSM6DSL_X_Get_Single_Tap_Detection_Status) referenced 2 times from lsm6dsl_acc_gyro_driver_hl.o(.data)
 <LI><a href="#[8]">LSM6DSL_X_Get_Step_Count</a> from lsm6dsl_acc_gyro_driver_hl.o(i.LSM6DSL_X_Get_Step_Count) referenced 2 times from lsm6dsl_acc_gyro_driver_hl.o(.data)
 <LI><a href="#[e]">LSM6DSL_X_Get_Tilt_Detection_Status</a> from lsm6dsl_acc_gyro_driver_hl.o(i.LSM6DSL_X_Get_Tilt_Detection_Status) referenced 2 times from lsm6dsl_acc_gyro_driver_hl.o(.data)
 <LI><a href="#[11]">LSM6DSL_X_Get_Wake_Up_Detection_Status</a> from lsm6dsl_acc_gyro_driver_hl.o(i.LSM6DSL_X_Get_Wake_Up_Detection_Status) referenced 2 times from lsm6dsl_acc_gyro_driver_hl.o(.data)
 <LI><a href="#[3d]">LSM6DSL_X_Get_WhoAmI</a> from lsm6dsl_acc_gyro_driver_hl.o(i.LSM6DSL_X_Get_WhoAmI) referenced 2 times from lsm6dsl_acc_gyro_driver_hl.o(.data)
 <LI><a href="#[39]">LSM6DSL_X_Init</a> from lsm6dsl_acc_gyro_driver_hl.o(i.LSM6DSL_X_Init) referenced 2 times from lsm6dsl_acc_gyro_driver_hl.o(.data)
 <LI><a href="#[48]">LSM6DSL_X_Read_Reg</a> from lsm6dsl_acc_gyro_driver_hl.o(i.LSM6DSL_X_Read_Reg) referenced 2 times from lsm6dsl_acc_gyro_driver_hl.o(.data)
 <LI><a href="#[3c]">LSM6DSL_X_Sensor_Disable</a> from lsm6dsl_acc_gyro_driver_hl.o(i.LSM6DSL_X_Sensor_Disable) referenced 2 times from lsm6dsl_acc_gyro_driver_hl.o(.data)
 <LI><a href="#[3b]">LSM6DSL_X_Sensor_Enable</a> from lsm6dsl_acc_gyro_driver_hl.o(i.LSM6DSL_X_Sensor_Enable) referenced 2 times from lsm6dsl_acc_gyro_driver_hl.o(.data)
 <LI><a href="#[46]">LSM6DSL_X_Set_FS</a> from lsm6dsl_acc_gyro_driver_hl.o(i.LSM6DSL_X_Set_FS) referenced 2 times from lsm6dsl_acc_gyro_driver_hl.o(.data)
 <LI><a href="#[47]">LSM6DSL_X_Set_FS_Value</a> from lsm6dsl_acc_gyro_driver_hl.o(i.LSM6DSL_X_Set_FS_Value) referenced 2 times from lsm6dsl_acc_gyro_driver_hl.o(.data)
 <LI><a href="#[4]">LSM6DSL_X_Set_Free_Fall_Threshold</a> from lsm6dsl_acc_gyro_driver_hl.o(i.LSM6DSL_X_Set_Free_Fall_Threshold) referenced 2 times from lsm6dsl_acc_gyro_driver_hl.o(.data)
 <LI><a href="#[33]">LSM6DSL_X_Set_Interrupt_Latch</a> from lsm6dsl_acc_gyro_driver_hl.o(i.LSM6DSL_X_Set_Interrupt_Latch) referenced 2 times from lsm6dsl_acc_gyro_driver_hl.o(.data)
 <LI><a href="#[43]">LSM6DSL_X_Set_ODR</a> from lsm6dsl_acc_gyro_driver_hl.o(i.LSM6DSL_X_Set_ODR) referenced 2 times from lsm6dsl_acc_gyro_driver_hl.o(.data)
 <LI><a href="#[44]">LSM6DSL_X_Set_ODR_Value</a> from lsm6dsl_acc_gyro_driver_hl.o(i.LSM6DSL_X_Set_ODR_Value) referenced 2 times from lsm6dsl_acc_gyro_driver_hl.o(.data)
 <LI><a href="#[b]">LSM6DSL_X_Set_Pedometer_Threshold</a> from lsm6dsl_acc_gyro_driver_hl.o(i.LSM6DSL_X_Set_Pedometer_Threshold) referenced 2 times from lsm6dsl_acc_gyro_driver_hl.o(.data)
 <LI><a href="#[34]">LSM6DSL_X_Set_SelfTest</a> from lsm6dsl_acc_gyro_driver_hl.o(i.LSM6DSL_X_Set_SelfTest) referenced 2 times from lsm6dsl_acc_gyro_driver_hl.o(.data)
 <LI><a href="#[1c]">LSM6DSL_X_Set_Tap_Duration_Time</a> from lsm6dsl_acc_gyro_driver_hl.o(i.LSM6DSL_X_Set_Tap_Duration_Time) referenced 2 times from lsm6dsl_acc_gyro_driver_hl.o(.data)
 <LI><a href="#[1b]">LSM6DSL_X_Set_Tap_Quiet_Time</a> from lsm6dsl_acc_gyro_driver_hl.o(i.LSM6DSL_X_Set_Tap_Quiet_Time) referenced 2 times from lsm6dsl_acc_gyro_driver_hl.o(.data)
 <LI><a href="#[1a]">LSM6DSL_X_Set_Tap_Shock_Time</a> from lsm6dsl_acc_gyro_driver_hl.o(i.LSM6DSL_X_Set_Tap_Shock_Time) referenced 2 times from lsm6dsl_acc_gyro_driver_hl.o(.data)
 <LI><a href="#[19]">LSM6DSL_X_Set_Tap_Threshold</a> from lsm6dsl_acc_gyro_driver_hl.o(i.LSM6DSL_X_Set_Tap_Threshold) referenced 2 times from lsm6dsl_acc_gyro_driver_hl.o(.data)
 <LI><a href="#[12]">LSM6DSL_X_Set_Wake_Up_Threshold</a> from lsm6dsl_acc_gyro_driver_hl.o(i.LSM6DSL_X_Set_Wake_Up_Threshold) referenced 2 times from lsm6dsl_acc_gyro_driver_hl.o(.data)
 <LI><a href="#[49]">LSM6DSL_X_Write_Reg</a> from lsm6dsl_acc_gyro_driver_hl.o(i.LSM6DSL_X_Write_Reg) referenced 2 times from lsm6dsl_acc_gyro_driver_hl.o(.data)
 <LI><a href="#[af]">MemManage_Handler</a> from startup_stm32f401xc.o(.text) referenced from startup_stm32f401xc.o(RESET)
 <LI><a href="#[ad]">NMI_Handler</a> from startup_stm32f401xc.o(.text) referenced from startup_stm32f401xc.o(RESET)
 <LI><a href="#[e5]">OTG_FS_IRQHandler</a> from stm32f4xx_it.o(i.OTG_FS_IRQHandler) referenced from startup_stm32f401xc.o(RESET)
 <LI><a href="#[db]">OTG_FS_WKUP_IRQHandler</a> from startup_stm32f401xc.o(.text) referenced from startup_stm32f401xc.o(RESET)
 <LI><a href="#[b7]">PVD_IRQHandler</a> from startup_stm32f401xc.o(.text) referenced from startup_stm32f401xc.o(RESET)
 <LI><a href="#[b4]">PendSV_Handler</a> from startup_stm32f401xc.o(.text) referenced from startup_stm32f401xc.o(RESET)
 <LI><a href="#[bb]">RCC_IRQHandler</a> from startup_stm32f401xc.o(.text) referenced from startup_stm32f401xc.o(RESET)
 <LI><a href="#[da]">RTC_Alarm_IRQHandler</a> from startup_stm32f401xc.o(.text) referenced from startup_stm32f401xc.o(RESET)
 <LI><a href="#[b9]">RTC_WKUP_IRQHandler</a> from startup_stm32f401xc.o(.text) referenced from startup_stm32f401xc.o(RESET)
 <LI><a href="#[ac]">Reset_Handler</a> from startup_stm32f401xc.o(.text) referenced from startup_stm32f401xc.o(RESET)
 <LI><a href="#[dd]">SDIO_IRQHandler</a> from startup_stm32f401xc.o(.text) referenced from startup_stm32f401xc.o(RESET)
 <LI><a href="#[d5]">SPI1_IRQHandler</a> from stm32f4xx_it.o(i.SPI1_IRQHandler) referenced from startup_stm32f401xc.o(RESET)
 <LI><a href="#[d6]">SPI2_IRQHandler</a> from stm32f4xx_it.o(i.SPI2_IRQHandler) referenced from startup_stm32f401xc.o(RESET)
 <LI><a href="#[df]">SPI3_IRQHandler</a> from startup_stm32f401xc.o(.text) referenced from startup_stm32f401xc.o(RESET)
 <LI><a href="#[ed]">SPI4_IRQHandler</a> from startup_stm32f401xc.o(.text) referenced from startup_stm32f401xc.o(RESET)
 <LI><a href="#[f1]">SPI_DMAAbortOnError</a> from stm32f4xx_hal_spi.o(i.SPI_DMAAbortOnError) referenced from stm32f4xx_hal_spi.o(i.HAL_SPI_IRQHandler)
 <LI><a href="#[b2]">SVC_Handler</a> from startup_stm32f401xc.o(.text) referenced from startup_stm32f401xc.o(RESET)
 <LI><a href="#[b5]">SysTick_Handler</a> from stm32f4xx_it.o(i.SysTick_Handler) referenced from startup_stm32f401xc.o(RESET)
 <LI><a href="#[ef]">SystemInit</a> from system_stm32f4xx.o(i.SystemInit) referenced from startup_stm32f401xc.o(.text)
 <LI><a href="#[b8]">TAMP_STAMP_IRQHandler</a> from startup_stm32f401xc.o(.text) referenced from startup_stm32f401xc.o(RESET)
 <LI><a href="#[ca]">TIM1_BRK_TIM9_IRQHandler</a> from stm32f4xx_it.o(i.TIM1_BRK_TIM9_IRQHandler) referenced from startup_stm32f401xc.o(RESET)
 <LI><a href="#[cd]">TIM1_CC_IRQHandler</a> from startup_stm32f401xc.o(.text) referenced from startup_stm32f401xc.o(RESET)
 <LI><a href="#[cc]">TIM1_TRG_COM_TIM11_IRQHandler</a> from startup_stm32f401xc.o(.text) referenced from startup_stm32f401xc.o(RESET)
 <LI><a href="#[cb]">TIM1_UP_TIM10_IRQHandler</a> from startup_stm32f401xc.o(.text) referenced from startup_stm32f401xc.o(RESET)
 <LI><a href="#[ce]">TIM2_IRQHandler</a> from stm32f4xx_it.o(i.TIM2_IRQHandler) referenced from startup_stm32f401xc.o(RESET)
 <LI><a href="#[cf]">TIM3_IRQHandler</a> from startup_stm32f401xc.o(.text) referenced from startup_stm32f401xc.o(RESET)
 <LI><a href="#[d0]">TIM4_IRQHandler</a> from startup_stm32f401xc.o(.text) referenced from startup_stm32f401xc.o(RESET)
 <LI><a href="#[de]">TIM5_IRQHandler</a> from startup_stm32f401xc.o(.text) referenced from startup_stm32f401xc.o(RESET)
 <LI><a href="#[f2]">UART_DMAAbortOnError</a> from stm32f4xx_hal_uart.o(i.UART_DMAAbortOnError) referenced from stm32f4xx_hal_uart.o(i.HAL_UART_IRQHandler)
 <LI><a href="#[d7]">USART1_IRQHandler</a> from stm32f4xx_it.o(i.USART1_IRQHandler) referenced from startup_stm32f401xc.o(RESET)
 <LI><a href="#[d8]">USART2_IRQHandler</a> from startup_stm32f401xc.o(.text) referenced from startup_stm32f401xc.o(RESET)
 <LI><a href="#[e9]">USART6_IRQHandler</a> from startup_stm32f401xc.o(.text) referenced from startup_stm32f401xc.o(RESET)
 <LI><a href="#[b1]">UsageFault_Handler</a> from startup_stm32f401xc.o(.text) referenced from startup_stm32f401xc.o(RESET)
 <LI><a href="#[b6]">WWDG_IRQHandler</a> from startup_stm32f401xc.o(.text) referenced from startup_stm32f401xc.o(RESET)
 <LI><a href="#[f0]">__main</a> from entry.o(.ARM.Collect$$$$00000000) referenced from startup_stm32f401xc.o(.text)
 <LI><a href="#[f3]">_snputc</a> from printfa.o(i._snputc) referenced from printfa.o(i.__0vsnprintf)
 <LI><a href="#[ee]">main</a> from main.o(i.main) referenced from entry9a.o(.ARM.Collect$$$$0000000B)
</UL>
<P>
<H3>
Global Symbols
</H3>
<P><STRONG><a name="[f0]"></a>__main</STRONG> (Thumb, 0 bytes, Stack size unknown bytes, entry.o(.ARM.Collect$$$$00000000))
<BR>[Address Reference Count : 1]<UL><LI> startup_stm32f401xc.o(.text)
</UL>
<P><STRONG><a name="[2bb]"></a>_main_stk</STRONG> (Thumb, 0 bytes, Stack size unknown bytes, entry2.o(.ARM.Collect$$$$00000001))

<P><STRONG><a name="[f4]"></a>_main_scatterload</STRONG> (Thumb, 0 bytes, Stack size unknown bytes, entry5.o(.ARM.Collect$$$$00000004))
<BR><BR>[Calls]<UL><LI><a href="#[f5]">&gt;&gt;</a>&nbsp;&nbsp;&nbsp;__scatterload
</UL>

<P><STRONG><a name="[10a]"></a>__main_after_scatterload</STRONG> (Thumb, 0 bytes, Stack size unknown bytes, entry5.o(.ARM.Collect$$$$00000004))
<BR><BR>[Called By]<UL><LI><a href="#[f5]">&gt;&gt;</a>&nbsp;&nbsp;&nbsp;__scatterload
</UL>

<P><STRONG><a name="[2bc]"></a>_main_clock</STRONG> (Thumb, 0 bytes, Stack size unknown bytes, entry7b.o(.ARM.Collect$$$$00000008))

<P><STRONG><a name="[2bd]"></a>_main_cpp_init</STRONG> (Thumb, 0 bytes, Stack size unknown bytes, entry8b.o(.ARM.Collect$$$$0000000A))

<P><STRONG><a name="[2be]"></a>_main_init</STRONG> (Thumb, 0 bytes, Stack size unknown bytes, entry9a.o(.ARM.Collect$$$$0000000B))

<P><STRONG><a name="[2bf]"></a>__rt_final_cpp</STRONG> (Thumb, 0 bytes, Stack size unknown bytes, entry10a.o(.ARM.Collect$$$$0000000D))

<P><STRONG><a name="[2c0]"></a>__rt_final_exit</STRONG> (Thumb, 0 bytes, Stack size unknown bytes, entry11a.o(.ARM.Collect$$$$0000000F))

<P><STRONG><a name="[ac]"></a>Reset_Handler</STRONG> (Thumb, 8 bytes, Stack size 0 bytes, startup_stm32f401xc.o(.text))
<BR>[Address Reference Count : 1]<UL><LI> startup_stm32f401xc.o(RESET)
</UL>
<P><STRONG><a name="[ad]"></a>NMI_Handler</STRONG> (Thumb, 2 bytes, Stack size 0 bytes, startup_stm32f401xc.o(.text))
<BR><BR>[Calls]<UL><LI><a href="#[ad]">&gt;&gt;</a>&nbsp;&nbsp;&nbsp;NMI_Handler
</UL>
<BR>[Called By]<UL><LI><a href="#[ad]">&gt;&gt;</a>&nbsp;&nbsp;&nbsp;NMI_Handler
</UL>
<BR>[Address Reference Count : 1]<UL><LI> startup_stm32f401xc.o(RESET)
</UL>
<P><STRONG><a name="[ae]"></a>HardFault_Handler</STRONG> (Thumb, 2 bytes, Stack size 0 bytes, startup_stm32f401xc.o(.text))
<BR><BR>[Calls]<UL><LI><a href="#[ae]">&gt;&gt;</a>&nbsp;&nbsp;&nbsp;HardFault_Handler
</UL>
<BR>[Called By]<UL><LI><a href="#[ae]">&gt;&gt;</a>&nbsp;&nbsp;&nbsp;HardFault_Handler
</UL>
<BR>[Address Reference Count : 1]<UL><LI> startup_stm32f401xc.o(RESET)
</UL>
<P><STRONG><a name="[af]"></a>MemManage_Handler</STRONG> (Thumb, 2 bytes, Stack size 0 bytes, startup_stm32f401xc.o(.text))
<BR><BR>[Calls]<UL><LI><a href="#[af]">&gt;&gt;</a>&nbsp;&nbsp;&nbsp;MemManage_Handler
</UL>
<BR>[Called By]<UL><LI><a href="#[af]">&gt;&gt;</a>&nbsp;&nbsp;&nbsp;MemManage_Handler
</UL>
<BR>[Address Reference Count : 1]<UL><LI> startup_stm32f401xc.o(RESET)
</UL>
<P><STRONG><a name="[b0]"></a>BusFault_Handler</STRONG> (Thumb, 2 bytes, Stack size 0 bytes, startup_stm32f401xc.o(.text))
<BR><BR>[Calls]<UL><LI><a href="#[b0]">&gt;&gt;</a>&nbsp;&nbsp;&nbsp;BusFault_Handler
</UL>
<BR>[Called By]<UL><LI><a href="#[b0]">&gt;&gt;</a>&nbsp;&nbsp;&nbsp;BusFault_Handler
</UL>
<BR>[Address Reference Count : 1]<UL><LI> startup_stm32f401xc.o(RESET)
</UL>
<P><STRONG><a name="[b1]"></a>UsageFault_Handler</STRONG> (Thumb, 2 bytes, Stack size 0 bytes, startup_stm32f401xc.o(.text))
<BR><BR>[Calls]<UL><LI><a href="#[b1]">&gt;&gt;</a>&nbsp;&nbsp;&nbsp;UsageFault_Handler
</UL>
<BR>[Called By]<UL><LI><a href="#[b1]">&gt;&gt;</a>&nbsp;&nbsp;&nbsp;UsageFault_Handler
</UL>
<BR>[Address Reference Count : 1]<UL><LI> startup_stm32f401xc.o(RESET)
</UL>
<P><STRONG><a name="[b2]"></a>SVC_Handler</STRONG> (Thumb, 2 bytes, Stack size 0 bytes, startup_stm32f401xc.o(.text))
<BR><BR>[Calls]<UL><LI><a href="#[b2]">&gt;&gt;</a>&nbsp;&nbsp;&nbsp;SVC_Handler
</UL>
<BR>[Called By]<UL><LI><a href="#[b2]">&gt;&gt;</a>&nbsp;&nbsp;&nbsp;SVC_Handler
</UL>
<BR>[Address Reference Count : 1]<UL><LI> startup_stm32f401xc.o(RESET)
</UL>
<P><STRONG><a name="[b3]"></a>DebugMon_Handler</STRONG> (Thumb, 2 bytes, Stack size 0 bytes, startup_stm32f401xc.o(.text))
<BR><BR>[Calls]<UL><LI><a href="#[b3]">&gt;&gt;</a>&nbsp;&nbsp;&nbsp;DebugMon_Handler
</UL>
<BR>[Called By]<UL><LI><a href="#[b3]">&gt;&gt;</a>&nbsp;&nbsp;&nbsp;DebugMon_Handler
</UL>
<BR>[Address Reference Count : 1]<UL><LI> startup_stm32f401xc.o(RESET)
</UL>
<P><STRONG><a name="[b4]"></a>PendSV_Handler</STRONG> (Thumb, 2 bytes, Stack size 0 bytes, startup_stm32f401xc.o(.text))
<BR><BR>[Calls]<UL><LI><a href="#[b4]">&gt;&gt;</a>&nbsp;&nbsp;&nbsp;PendSV_Handler
</UL>
<BR>[Called By]<UL><LI><a href="#[b4]">&gt;&gt;</a>&nbsp;&nbsp;&nbsp;PendSV_Handler
</UL>
<BR>[Address Reference Count : 1]<UL><LI> startup_stm32f401xc.o(RESET)
</UL>
<P><STRONG><a name="[c8]"></a>ADC_IRQHandler</STRONG> (Thumb, 0 bytes, Stack size 0 bytes, startup_stm32f401xc.o(.text))
<BR><BR>[Calls]<UL><LI><a href="#[c8]">&gt;&gt;</a>&nbsp;&nbsp;&nbsp;ADC_IRQHandler
</UL>
<BR>[Called By]<UL><LI><a href="#[c8]">&gt;&gt;</a>&nbsp;&nbsp;&nbsp;ADC_IRQHandler
</UL>
<BR>[Address Reference Count : 1]<UL><LI> startup_stm32f401xc.o(RESET)
</UL>
<P><STRONG><a name="[c1]"></a>DMA1_Stream0_IRQHandler</STRONG> (Thumb, 0 bytes, Stack size 0 bytes, startup_stm32f401xc.o(.text))
<BR>[Address Reference Count : 1]<UL><LI> startup_stm32f401xc.o(RESET)
</UL>
<P><STRONG><a name="[c2]"></a>DMA1_Stream1_IRQHandler</STRONG> (Thumb, 0 bytes, Stack size 0 bytes, startup_stm32f401xc.o(.text))
<BR>[Address Reference Count : 1]<UL><LI> startup_stm32f401xc.o(RESET)
</UL>
<P><STRONG><a name="[c3]"></a>DMA1_Stream2_IRQHandler</STRONG> (Thumb, 0 bytes, Stack size 0 bytes, startup_stm32f401xc.o(.text))
<BR>[Address Reference Count : 1]<UL><LI> startup_stm32f401xc.o(RESET)
</UL>
<P><STRONG><a name="[c4]"></a>DMA1_Stream3_IRQHandler</STRONG> (Thumb, 0 bytes, Stack size 0 bytes, startup_stm32f401xc.o(.text))
<BR>[Address Reference Count : 1]<UL><LI> startup_stm32f401xc.o(RESET)
</UL>
<P><STRONG><a name="[c5]"></a>DMA1_Stream4_IRQHandler</STRONG> (Thumb, 0 bytes, Stack size 0 bytes, startup_stm32f401xc.o(.text))
<BR>[Address Reference Count : 1]<UL><LI> startup_stm32f401xc.o(RESET)
</UL>
<P><STRONG><a name="[c6]"></a>DMA1_Stream5_IRQHandler</STRONG> (Thumb, 0 bytes, Stack size 0 bytes, startup_stm32f401xc.o(.text))
<BR>[Address Reference Count : 1]<UL><LI> startup_stm32f401xc.o(RESET)
</UL>
<P><STRONG><a name="[c7]"></a>DMA1_Stream6_IRQHandler</STRONG> (Thumb, 0 bytes, Stack size 0 bytes, startup_stm32f401xc.o(.text))
<BR>[Address Reference Count : 1]<UL><LI> startup_stm32f401xc.o(RESET)
</UL>
<P><STRONG><a name="[dc]"></a>DMA1_Stream7_IRQHandler</STRONG> (Thumb, 0 bytes, Stack size 0 bytes, startup_stm32f401xc.o(.text))
<BR>[Address Reference Count : 1]<UL><LI> startup_stm32f401xc.o(RESET)
</UL>
<P><STRONG><a name="[e0]"></a>DMA2_Stream0_IRQHandler</STRONG> (Thumb, 0 bytes, Stack size 0 bytes, startup_stm32f401xc.o(.text))
<BR>[Address Reference Count : 1]<UL><LI> startup_stm32f401xc.o(RESET)
</UL>
<P><STRONG><a name="[e1]"></a>DMA2_Stream1_IRQHandler</STRONG> (Thumb, 0 bytes, Stack size 0 bytes, startup_stm32f401xc.o(.text))
<BR>[Address Reference Count : 1]<UL><LI> startup_stm32f401xc.o(RESET)
</UL>
<P><STRONG><a name="[e2]"></a>DMA2_Stream2_IRQHandler</STRONG> (Thumb, 0 bytes, Stack size 0 bytes, startup_stm32f401xc.o(.text))
<BR>[Address Reference Count : 1]<UL><LI> startup_stm32f401xc.o(RESET)
</UL>
<P><STRONG><a name="[e3]"></a>DMA2_Stream3_IRQHandler</STRONG> (Thumb, 0 bytes, Stack size 0 bytes, startup_stm32f401xc.o(.text))
<BR>[Address Reference Count : 1]<UL><LI> startup_stm32f401xc.o(RESET)
</UL>
<P><STRONG><a name="[e4]"></a>DMA2_Stream4_IRQHandler</STRONG> (Thumb, 0 bytes, Stack size 0 bytes, startup_stm32f401xc.o(.text))
<BR>[Address Reference Count : 1]<UL><LI> startup_stm32f401xc.o(RESET)
</UL>
<P><STRONG><a name="[e6]"></a>DMA2_Stream5_IRQHandler</STRONG> (Thumb, 0 bytes, Stack size 0 bytes, startup_stm32f401xc.o(.text))
<BR>[Address Reference Count : 1]<UL><LI> startup_stm32f401xc.o(RESET)
</UL>
<P><STRONG><a name="[e7]"></a>DMA2_Stream6_IRQHandler</STRONG> (Thumb, 0 bytes, Stack size 0 bytes, startup_stm32f401xc.o(.text))
<BR>[Address Reference Count : 1]<UL><LI> startup_stm32f401xc.o(RESET)
</UL>
<P><STRONG><a name="[e8]"></a>DMA2_Stream7_IRQHandler</STRONG> (Thumb, 0 bytes, Stack size 0 bytes, startup_stm32f401xc.o(.text))
<BR>[Address Reference Count : 1]<UL><LI> startup_stm32f401xc.o(RESET)
</UL>
<P><STRONG><a name="[bc]"></a>EXTI0_IRQHandler</STRONG> (Thumb, 0 bytes, Stack size 0 bytes, startup_stm32f401xc.o(.text))
<BR>[Address Reference Count : 1]<UL><LI> startup_stm32f401xc.o(RESET)
</UL>
<P><STRONG><a name="[d9]"></a>EXTI15_10_IRQHandler</STRONG> (Thumb, 0 bytes, Stack size 0 bytes, startup_stm32f401xc.o(.text))
<BR>[Address Reference Count : 1]<UL><LI> startup_stm32f401xc.o(RESET)
</UL>
<P><STRONG><a name="[bd]"></a>EXTI1_IRQHandler</STRONG> (Thumb, 0 bytes, Stack size 0 bytes, startup_stm32f401xc.o(.text))
<BR>[Address Reference Count : 1]<UL><LI> startup_stm32f401xc.o(RESET)
</UL>
<P><STRONG><a name="[be]"></a>EXTI2_IRQHandler</STRONG> (Thumb, 0 bytes, Stack size 0 bytes, startup_stm32f401xc.o(.text))
<BR>[Address Reference Count : 1]<UL><LI> startup_stm32f401xc.o(RESET)
</UL>
<P><STRONG><a name="[bf]"></a>EXTI3_IRQHandler</STRONG> (Thumb, 0 bytes, Stack size 0 bytes, startup_stm32f401xc.o(.text))
<BR>[Address Reference Count : 1]<UL><LI> startup_stm32f401xc.o(RESET)
</UL>
<P><STRONG><a name="[c0]"></a>EXTI4_IRQHandler</STRONG> (Thumb, 0 bytes, Stack size 0 bytes, startup_stm32f401xc.o(.text))
<BR>[Address Reference Count : 1]<UL><LI> startup_stm32f401xc.o(RESET)
</UL>
<P><STRONG><a name="[c9]"></a>EXTI9_5_IRQHandler</STRONG> (Thumb, 0 bytes, Stack size 0 bytes, startup_stm32f401xc.o(.text))
<BR>[Address Reference Count : 1]<UL><LI> startup_stm32f401xc.o(RESET)
</UL>
<P><STRONG><a name="[ba]"></a>FLASH_IRQHandler</STRONG> (Thumb, 0 bytes, Stack size 0 bytes, startup_stm32f401xc.o(.text))
<BR>[Address Reference Count : 1]<UL><LI> startup_stm32f401xc.o(RESET)
</UL>
<P><STRONG><a name="[ec]"></a>FPU_IRQHandler</STRONG> (Thumb, 0 bytes, Stack size 0 bytes, startup_stm32f401xc.o(.text))
<BR>[Address Reference Count : 1]<UL><LI> startup_stm32f401xc.o(RESET)
</UL>
<P><STRONG><a name="[d2]"></a>I2C1_ER_IRQHandler</STRONG> (Thumb, 0 bytes, Stack size 0 bytes, startup_stm32f401xc.o(.text))
<BR>[Address Reference Count : 1]<UL><LI> startup_stm32f401xc.o(RESET)
</UL>
<P><STRONG><a name="[d1]"></a>I2C1_EV_IRQHandler</STRONG> (Thumb, 0 bytes, Stack size 0 bytes, startup_stm32f401xc.o(.text))
<BR>[Address Reference Count : 1]<UL><LI> startup_stm32f401xc.o(RESET)
</UL>
<P><STRONG><a name="[d4]"></a>I2C2_ER_IRQHandler</STRONG> (Thumb, 0 bytes, Stack size 0 bytes, startup_stm32f401xc.o(.text))
<BR>[Address Reference Count : 1]<UL><LI> startup_stm32f401xc.o(RESET)
</UL>
<P><STRONG><a name="[d3]"></a>I2C2_EV_IRQHandler</STRONG> (Thumb, 0 bytes, Stack size 0 bytes, startup_stm32f401xc.o(.text))
<BR>[Address Reference Count : 1]<UL><LI> startup_stm32f401xc.o(RESET)
</UL>
<P><STRONG><a name="[eb]"></a>I2C3_ER_IRQHandler</STRONG> (Thumb, 0 bytes, Stack size 0 bytes, startup_stm32f401xc.o(.text))
<BR>[Address Reference Count : 1]<UL><LI> startup_stm32f401xc.o(RESET)
</UL>
<P><STRONG><a name="[ea]"></a>I2C3_EV_IRQHandler</STRONG> (Thumb, 0 bytes, Stack size 0 bytes, startup_stm32f401xc.o(.text))
<BR>[Address Reference Count : 1]<UL><LI> startup_stm32f401xc.o(RESET)
</UL>
<P><STRONG><a name="[db]"></a>OTG_FS_WKUP_IRQHandler</STRONG> (Thumb, 0 bytes, Stack size 0 bytes, startup_stm32f401xc.o(.text))
<BR>[Address Reference Count : 1]<UL><LI> startup_stm32f401xc.o(RESET)
</UL>
<P><STRONG><a name="[b7]"></a>PVD_IRQHandler</STRONG> (Thumb, 0 bytes, Stack size 0 bytes, startup_stm32f401xc.o(.text))
<BR>[Address Reference Count : 1]<UL><LI> startup_stm32f401xc.o(RESET)
</UL>
<P><STRONG><a name="[bb]"></a>RCC_IRQHandler</STRONG> (Thumb, 0 bytes, Stack size 0 bytes, startup_stm32f401xc.o(.text))
<BR>[Address Reference Count : 1]<UL><LI> startup_stm32f401xc.o(RESET)
</UL>
<P><STRONG><a name="[da]"></a>RTC_Alarm_IRQHandler</STRONG> (Thumb, 0 bytes, Stack size 0 bytes, startup_stm32f401xc.o(.text))
<BR>[Address Reference Count : 1]<UL><LI> startup_stm32f401xc.o(RESET)
</UL>
<P><STRONG><a name="[b9]"></a>RTC_WKUP_IRQHandler</STRONG> (Thumb, 0 bytes, Stack size 0 bytes, startup_stm32f401xc.o(.text))
<BR>[Address Reference Count : 1]<UL><LI> startup_stm32f401xc.o(RESET)
</UL>
<P><STRONG><a name="[dd]"></a>SDIO_IRQHandler</STRONG> (Thumb, 0 bytes, Stack size 0 bytes, startup_stm32f401xc.o(.text))
<BR>[Address Reference Count : 1]<UL><LI> startup_stm32f401xc.o(RESET)
</UL>
<P><STRONG><a name="[df]"></a>SPI3_IRQHandler</STRONG> (Thumb, 0 bytes, Stack size 0 bytes, startup_stm32f401xc.o(.text))
<BR>[Address Reference Count : 1]<UL><LI> startup_stm32f401xc.o(RESET)
</UL>
<P><STRONG><a name="[ed]"></a>SPI4_IRQHandler</STRONG> (Thumb, 0 bytes, Stack size 0 bytes, startup_stm32f401xc.o(.text))
<BR>[Address Reference Count : 1]<UL><LI> startup_stm32f401xc.o(RESET)
</UL>
<P><STRONG><a name="[b8]"></a>TAMP_STAMP_IRQHandler</STRONG> (Thumb, 0 bytes, Stack size 0 bytes, startup_stm32f401xc.o(.text))
<BR>[Address Reference Count : 1]<UL><LI> startup_stm32f401xc.o(RESET)
</UL>
<P><STRONG><a name="[cd]"></a>TIM1_CC_IRQHandler</STRONG> (Thumb, 0 bytes, Stack size 0 bytes, startup_stm32f401xc.o(.text))
<BR>[Address Reference Count : 1]<UL><LI> startup_stm32f401xc.o(RESET)
</UL>
<P><STRONG><a name="[cc]"></a>TIM1_TRG_COM_TIM11_IRQHandler</STRONG> (Thumb, 0 bytes, Stack size 0 bytes, startup_stm32f401xc.o(.text))
<BR>[Address Reference Count : 1]<UL><LI> startup_stm32f401xc.o(RESET)
</UL>
<P><STRONG><a name="[cb]"></a>TIM1_UP_TIM10_IRQHandler</STRONG> (Thumb, 0 bytes, Stack size 0 bytes, startup_stm32f401xc.o(.text))
<BR>[Address Reference Count : 1]<UL><LI> startup_stm32f401xc.o(RESET)
</UL>
<P><STRONG><a name="[cf]"></a>TIM3_IRQHandler</STRONG> (Thumb, 0 bytes, Stack size 0 bytes, startup_stm32f401xc.o(.text))
<BR>[Address Reference Count : 1]<UL><LI> startup_stm32f401xc.o(RESET)
</UL>
<P><STRONG><a name="[d0]"></a>TIM4_IRQHandler</STRONG> (Thumb, 0 bytes, Stack size 0 bytes, startup_stm32f401xc.o(.text))
<BR>[Address Reference Count : 1]<UL><LI> startup_stm32f401xc.o(RESET)
</UL>
<P><STRONG><a name="[de]"></a>TIM5_IRQHandler</STRONG> (Thumb, 0 bytes, Stack size 0 bytes, startup_stm32f401xc.o(.text))
<BR>[Address Reference Count : 1]<UL><LI> startup_stm32f401xc.o(RESET)
</UL>
<P><STRONG><a name="[d8]"></a>USART2_IRQHandler</STRONG> (Thumb, 0 bytes, Stack size 0 bytes, startup_stm32f401xc.o(.text))
<BR>[Address Reference Count : 1]<UL><LI> startup_stm32f401xc.o(RESET)
</UL>
<P><STRONG><a name="[e9]"></a>USART6_IRQHandler</STRONG> (Thumb, 0 bytes, Stack size 0 bytes, startup_stm32f401xc.o(.text))
<BR>[Address Reference Count : 1]<UL><LI> startup_stm32f401xc.o(RESET)
</UL>
<P><STRONG><a name="[b6]"></a>WWDG_IRQHandler</STRONG> (Thumb, 0 bytes, Stack size 0 bytes, startup_stm32f401xc.o(.text))
<BR>[Address Reference Count : 1]<UL><LI> startup_stm32f401xc.o(RESET)
</UL>
<P><STRONG><a name="[f6]"></a>__aeabi_ldivmod</STRONG> (Thumb, 98 bytes, Stack size 24 bytes, ldiv.o(.text))
<BR><BR>[Stack]<UL><LI>Max Depth = 64<LI>Call Chain = __aeabi_ldivmod &rArr; __aeabi_uldivmod
</UL>
<BR>[Calls]<UL><LI><a href="#[f7]">&gt;&gt;</a>&nbsp;&nbsp;&nbsp;__aeabi_uldivmod
</UL>
<BR>[Called By]<UL><LI><a href="#[1d7]">&gt;&gt;</a>&nbsp;&nbsp;&nbsp;LSM303AGR_ACC_Get_Acceleration
</UL>

<P><STRONG><a name="[f9]"></a>__aeabi_memset</STRONG> (Thumb, 14 bytes, Stack size 0 bytes, memseta.o(.text))
<BR><BR>[Called By]<UL><LI><a href="#[fa]">&gt;&gt;</a>&nbsp;&nbsp;&nbsp;_memset$wrapper
<LI><a href="#[f8]">&gt;&gt;</a>&nbsp;&nbsp;&nbsp;__aeabi_memclr
</UL>

<P><STRONG><a name="[2c1]"></a>__aeabi_memset4</STRONG> (Thumb, 0 bytes, Stack size 0 bytes, memseta.o(.text), UNUSED)

<P><STRONG><a name="[2c2]"></a>__aeabi_memset8</STRONG> (Thumb, 0 bytes, Stack size 0 bytes, memseta.o(.text), UNUSED)

<P><STRONG><a name="[f8]"></a>__aeabi_memclr</STRONG> (Thumb, 4 bytes, Stack size 0 bytes, memseta.o(.text))
<BR><BR>[Calls]<UL><LI><a href="#[f9]">&gt;&gt;</a>&nbsp;&nbsp;&nbsp;__aeabi_memset
</UL>
<BR>[Called By]<UL><LI><a href="#[110]">&gt;&gt;</a>&nbsp;&nbsp;&nbsp;BSP_LSM6DSL_GYRO_Init
<LI><a href="#[10d]">&gt;&gt;</a>&nbsp;&nbsp;&nbsp;BSP_LSM6DSL_ACCELERO_Init
<LI><a href="#[10e]">&gt;&gt;</a>&nbsp;&nbsp;&nbsp;BSP_LSM303AGR_ACCELERO_Init
<LI><a href="#[119]">&gt;&gt;</a>&nbsp;&nbsp;&nbsp;BSP_LPS22HB_PRESSURE_Init
<LI><a href="#[118]">&gt;&gt;</a>&nbsp;&nbsp;&nbsp;BSP_LIS2MDL_MAGNETO_Init
</UL>

<P><STRONG><a name="[2c3]"></a>__aeabi_memclr4</STRONG> (Thumb, 0 bytes, Stack size 0 bytes, memseta.o(.text), UNUSED)

<P><STRONG><a name="[2c4]"></a>__aeabi_memclr8</STRONG> (Thumb, 0 bytes, Stack size 0 bytes, memseta.o(.text), UNUSED)

<P><STRONG><a name="[fa]"></a>_memset$wrapper</STRONG> (Thumb, 18 bytes, Stack size 8 bytes, memseta.o(.text), UNUSED)
<BR><BR>[Calls]<UL><LI><a href="#[f9]">&gt;&gt;</a>&nbsp;&nbsp;&nbsp;__aeabi_memset
</UL>

<P><STRONG><a name="[fb]"></a>__aeabi_dadd</STRONG> (Thumb, 322 bytes, Stack size 48 bytes, dadd.o(.text))
<BR><BR>[Stack]<UL><LI>Max Depth = 88<LI>Call Chain = __aeabi_dadd &rArr; _double_epilogue &rArr; _double_round
</UL>
<BR>[Calls]<UL><LI><a href="#[fd]">&gt;&gt;</a>&nbsp;&nbsp;&nbsp;__aeabi_lasr
<LI><a href="#[fc]">&gt;&gt;</a>&nbsp;&nbsp;&nbsp;__aeabi_llsl
<LI><a href="#[ff]">&gt;&gt;</a>&nbsp;&nbsp;&nbsp;_double_round
<LI><a href="#[fe]">&gt;&gt;</a>&nbsp;&nbsp;&nbsp;_double_epilogue
</UL>
<BR>[Called By]<UL><LI><a href="#[189]">&gt;&gt;</a>&nbsp;&nbsp;&nbsp;HAL_TIM_PeriodElapsedCallback
<LI><a href="#[2a0]">&gt;&gt;</a>&nbsp;&nbsp;&nbsp;ahrs_fusion_ag
<LI><a href="#[295]">&gt;&gt;</a>&nbsp;&nbsp;&nbsp;__kernel_poly
<LI><a href="#[299]">&gt;&gt;</a>&nbsp;&nbsp;&nbsp;__mathlib_dbl_infnan2
<LI><a href="#[290]">&gt;&gt;</a>&nbsp;&nbsp;&nbsp;__mathlib_dbl_infnan
<LI><a href="#[298]">&gt;&gt;</a>&nbsp;&nbsp;&nbsp;__hardfp_atan
<LI><a href="#[29b]">&gt;&gt;</a>&nbsp;&nbsp;&nbsp;_fp_digits
<LI><a href="#[100]">&gt;&gt;</a>&nbsp;&nbsp;&nbsp;__aeabi_dsub
<LI><a href="#[101]">&gt;&gt;</a>&nbsp;&nbsp;&nbsp;__aeabi_drsub
<LI><a href="#[25f]">&gt;&gt;</a>&nbsp;&nbsp;&nbsp;__hardfp_asin
</UL>

<P><STRONG><a name="[100]"></a>__aeabi_dsub</STRONG> (Thumb, 6 bytes, Stack size 0 bytes, dadd.o(.text))
<BR><BR>[Stack]<UL><LI>Max Depth = 88<LI>Call Chain = __aeabi_dsub &rArr; __aeabi_dadd &rArr; _double_epilogue &rArr; _double_round
</UL>
<BR>[Calls]<UL><LI><a href="#[fb]">&gt;&gt;</a>&nbsp;&nbsp;&nbsp;__aeabi_dadd
</UL>
<BR>[Called By]<UL><LI><a href="#[298]">&gt;&gt;</a>&nbsp;&nbsp;&nbsp;__hardfp_atan
<LI><a href="#[25e]">&gt;&gt;</a>&nbsp;&nbsp;&nbsp;__hardfp_atan2
<LI><a href="#[25f]">&gt;&gt;</a>&nbsp;&nbsp;&nbsp;__hardfp_asin
</UL>

<P><STRONG><a name="[101]"></a>__aeabi_drsub</STRONG> (Thumb, 6 bytes, Stack size 0 bytes, dadd.o(.text))
<BR><BR>[Stack]<UL><LI>Max Depth = 88<LI>Call Chain = __aeabi_drsub &rArr; __aeabi_dadd &rArr; _double_epilogue &rArr; _double_round
</UL>
<BR>[Calls]<UL><LI><a href="#[fb]">&gt;&gt;</a>&nbsp;&nbsp;&nbsp;__aeabi_dadd
</UL>
<BR>[Called By]<UL><LI><a href="#[298]">&gt;&gt;</a>&nbsp;&nbsp;&nbsp;__hardfp_atan
<LI><a href="#[25e]">&gt;&gt;</a>&nbsp;&nbsp;&nbsp;__hardfp_atan2
<LI><a href="#[25f]">&gt;&gt;</a>&nbsp;&nbsp;&nbsp;__hardfp_asin
</UL>

<P><STRONG><a name="[102]"></a>__aeabi_dmul</STRONG> (Thumb, 228 bytes, Stack size 48 bytes, dmul.o(.text))
<BR><BR>[Stack]<UL><LI>Max Depth = 88<LI>Call Chain = __aeabi_dmul &rArr; _double_epilogue &rArr; _double_round
</UL>
<BR>[Calls]<UL><LI><a href="#[fe]">&gt;&gt;</a>&nbsp;&nbsp;&nbsp;_double_epilogue
</UL>
<BR>[Called By]<UL><LI><a href="#[ee]">&gt;&gt;</a>&nbsp;&nbsp;&nbsp;main
<LI><a href="#[189]">&gt;&gt;</a>&nbsp;&nbsp;&nbsp;HAL_TIM_PeriodElapsedCallback
<LI><a href="#[2a0]">&gt;&gt;</a>&nbsp;&nbsp;&nbsp;ahrs_fusion_ag
<LI><a href="#[295]">&gt;&gt;</a>&nbsp;&nbsp;&nbsp;__kernel_poly
<LI><a href="#[294]">&gt;&gt;</a>&nbsp;&nbsp;&nbsp;__mathlib_dbl_underflow
<LI><a href="#[298]">&gt;&gt;</a>&nbsp;&nbsp;&nbsp;__hardfp_atan
<LI><a href="#[29b]">&gt;&gt;</a>&nbsp;&nbsp;&nbsp;_fp_digits
<LI><a href="#[25f]">&gt;&gt;</a>&nbsp;&nbsp;&nbsp;__hardfp_asin
</UL>

<P><STRONG><a name="[103]"></a>__aeabi_i2d</STRONG> (Thumb, 34 bytes, Stack size 16 bytes, dflti.o(.text))
<BR><BR>[Stack]<UL><LI>Max Depth = 56<LI>Call Chain = __aeabi_i2d &rArr; _double_epilogue &rArr; _double_round
</UL>
<BR>[Calls]<UL><LI><a href="#[fe]">&gt;&gt;</a>&nbsp;&nbsp;&nbsp;_double_epilogue
</UL>
<BR>[Called By]<UL><LI><a href="#[189]">&gt;&gt;</a>&nbsp;&nbsp;&nbsp;HAL_TIM_PeriodElapsedCallback
</UL>

<P><STRONG><a name="[104]"></a>__aeabi_d2iz</STRONG> (Thumb, 62 bytes, Stack size 16 bytes, dfixi.o(.text))
<BR><BR>[Stack]<UL><LI>Max Depth = 16<LI>Call Chain = __aeabi_d2iz
</UL>
<BR>[Calls]<UL><LI><a href="#[105]">&gt;&gt;</a>&nbsp;&nbsp;&nbsp;__aeabi_llsr
</UL>
<BR>[Called By]<UL><LI><a href="#[189]">&gt;&gt;</a>&nbsp;&nbsp;&nbsp;HAL_TIM_PeriodElapsedCallback
</UL>

<P><STRONG><a name="[196]"></a>__aeabi_f2d</STRONG> (Thumb, 38 bytes, Stack size 0 bytes, f2d.o(.text))
<BR><BR>[Called By]<UL><LI><a href="#[199]">&gt;&gt;</a>&nbsp;&nbsp;&nbsp;set_motor_pwm
<LI><a href="#[25d]">&gt;&gt;</a>&nbsp;&nbsp;&nbsp;QuaternionToEuler
<LI><a href="#[ee]">&gt;&gt;</a>&nbsp;&nbsp;&nbsp;main
<LI><a href="#[189]">&gt;&gt;</a>&nbsp;&nbsp;&nbsp;HAL_TIM_PeriodElapsedCallback
<LI><a href="#[2a0]">&gt;&gt;</a>&nbsp;&nbsp;&nbsp;ahrs_fusion_ag
</UL>

<P><STRONG><a name="[2c5]"></a>__aeabi_cdcmpeq</STRONG> (Thumb, 0 bytes, Stack size 0 bytes, cdcmple.o(.text), UNUSED)

<P><STRONG><a name="[2ba]"></a>__aeabi_cdcmple</STRONG> (Thumb, 48 bytes, Stack size 0 bytes, cdcmple.o(.text))
<BR><BR>[Called By]<UL><LI><a href="#[199]">&gt;&gt;</a>&nbsp;&nbsp;&nbsp;set_motor_pwm
</UL>

<P><STRONG><a name="[29c]"></a>__aeabi_cdrcmple</STRONG> (Thumb, 48 bytes, Stack size 0 bytes, cdrcmple.o(.text))
<BR><BR>[Called By]<UL><LI><a href="#[199]">&gt;&gt;</a>&nbsp;&nbsp;&nbsp;set_motor_pwm
<LI><a href="#[29b]">&gt;&gt;</a>&nbsp;&nbsp;&nbsp;_fp_digits
</UL>

<P><STRONG><a name="[106]"></a>__aeabi_d2f</STRONG> (Thumb, 56 bytes, Stack size 8 bytes, d2f.o(.text))
<BR><BR>[Stack]<UL><LI>Max Depth = 8<LI>Call Chain = __aeabi_d2f
</UL>
<BR>[Calls]<UL><LI><a href="#[107]">&gt;&gt;</a>&nbsp;&nbsp;&nbsp;_float_round
</UL>
<BR>[Called By]<UL><LI><a href="#[25d]">&gt;&gt;</a>&nbsp;&nbsp;&nbsp;QuaternionToEuler
<LI><a href="#[ee]">&gt;&gt;</a>&nbsp;&nbsp;&nbsp;main
<LI><a href="#[189]">&gt;&gt;</a>&nbsp;&nbsp;&nbsp;HAL_TIM_PeriodElapsedCallback
<LI><a href="#[2a0]">&gt;&gt;</a>&nbsp;&nbsp;&nbsp;ahrs_fusion_ag
</UL>

<P><STRONG><a name="[2c6]"></a>__aeabi_uidiv</STRONG> (Thumb, 0 bytes, Stack size 12 bytes, uidiv.o(.text), UNUSED)

<P><STRONG><a name="[29f]"></a>__aeabi_uidivmod</STRONG> (Thumb, 44 bytes, Stack size 12 bytes, uidiv.o(.text), UNUSED)
<BR><BR>[Called By]<UL><LI><a href="#[28f]">&gt;&gt;</a>&nbsp;&nbsp;&nbsp;_printf_core
</UL>

<P><STRONG><a name="[f7]"></a>__aeabi_uldivmod</STRONG> (Thumb, 98 bytes, Stack size 40 bytes, uldiv.o(.text))
<BR><BR>[Stack]<UL><LI>Max Depth = 40<LI>Call Chain = __aeabi_uldivmod
</UL>
<BR>[Calls]<UL><LI><a href="#[105]">&gt;&gt;</a>&nbsp;&nbsp;&nbsp;__aeabi_llsr
<LI><a href="#[fc]">&gt;&gt;</a>&nbsp;&nbsp;&nbsp;__aeabi_llsl
</UL>
<BR>[Called By]<UL><LI><a href="#[28f]">&gt;&gt;</a>&nbsp;&nbsp;&nbsp;_printf_core
<LI><a href="#[29b]">&gt;&gt;</a>&nbsp;&nbsp;&nbsp;_fp_digits
<LI><a href="#[f6]">&gt;&gt;</a>&nbsp;&nbsp;&nbsp;__aeabi_ldivmod
</UL>

<P><STRONG><a name="[fc]"></a>__aeabi_llsl</STRONG> (Thumb, 30 bytes, Stack size 0 bytes, llshl.o(.text))
<BR><BR>[Called By]<UL><LI><a href="#[fb]">&gt;&gt;</a>&nbsp;&nbsp;&nbsp;__aeabi_dadd
<LI><a href="#[f7]">&gt;&gt;</a>&nbsp;&nbsp;&nbsp;__aeabi_uldivmod
<LI><a href="#[fe]">&gt;&gt;</a>&nbsp;&nbsp;&nbsp;_double_epilogue
<LI><a href="#[109]">&gt;&gt;</a>&nbsp;&nbsp;&nbsp;__aeabi_d2ulz
</UL>

<P><STRONG><a name="[2c7]"></a>_ll_shift_l</STRONG> (Thumb, 0 bytes, Stack size 0 bytes, llshl.o(.text), UNUSED)

<P><STRONG><a name="[105]"></a>__aeabi_llsr</STRONG> (Thumb, 32 bytes, Stack size 0 bytes, llushr.o(.text))
<BR><BR>[Called By]<UL><LI><a href="#[104]">&gt;&gt;</a>&nbsp;&nbsp;&nbsp;__aeabi_d2iz
<LI><a href="#[f7]">&gt;&gt;</a>&nbsp;&nbsp;&nbsp;__aeabi_uldivmod
<LI><a href="#[10b]">&gt;&gt;</a>&nbsp;&nbsp;&nbsp;_dsqrt
<LI><a href="#[fe]">&gt;&gt;</a>&nbsp;&nbsp;&nbsp;_double_epilogue
<LI><a href="#[109]">&gt;&gt;</a>&nbsp;&nbsp;&nbsp;__aeabi_d2ulz
</UL>

<P><STRONG><a name="[2c8]"></a>_ll_ushift_r</STRONG> (Thumb, 0 bytes, Stack size 0 bytes, llushr.o(.text), UNUSED)

<P><STRONG><a name="[fd]"></a>__aeabi_lasr</STRONG> (Thumb, 36 bytes, Stack size 0 bytes, llsshr.o(.text))
<BR><BR>[Called By]<UL><LI><a href="#[fb]">&gt;&gt;</a>&nbsp;&nbsp;&nbsp;__aeabi_dadd
</UL>

<P><STRONG><a name="[2c9]"></a>_ll_sshift_r</STRONG> (Thumb, 0 bytes, Stack size 0 bytes, llsshr.o(.text), UNUSED)

<P><STRONG><a name="[2ca]"></a>__I$use$fp</STRONG> (Thumb, 0 bytes, Stack size 0 bytes, iusefp.o(.text), UNUSED)

<P><STRONG><a name="[107]"></a>_float_round</STRONG> (Thumb, 18 bytes, Stack size 0 bytes, fepilogue.o(.text))
<BR><BR>[Called By]<UL><LI><a href="#[106]">&gt;&gt;</a>&nbsp;&nbsp;&nbsp;__aeabi_d2f
</UL>

<P><STRONG><a name="[2cb]"></a>_float_epilogue</STRONG> (Thumb, 92 bytes, Stack size 4 bytes, fepilogue.o(.text), UNUSED)

<P><STRONG><a name="[ff]"></a>_double_round</STRONG> (Thumb, 30 bytes, Stack size 8 bytes, depilogue.o(.text))
<BR><BR>[Stack]<UL><LI>Max Depth = 8<LI>Call Chain = _double_round
</UL>
<BR>[Called By]<UL><LI><a href="#[fb]">&gt;&gt;</a>&nbsp;&nbsp;&nbsp;__aeabi_dadd
<LI><a href="#[10b]">&gt;&gt;</a>&nbsp;&nbsp;&nbsp;_dsqrt
<LI><a href="#[fe]">&gt;&gt;</a>&nbsp;&nbsp;&nbsp;_double_epilogue
<LI><a href="#[108]">&gt;&gt;</a>&nbsp;&nbsp;&nbsp;__aeabi_ddiv
</UL>

<P><STRONG><a name="[fe]"></a>_double_epilogue</STRONG> (Thumb, 156 bytes, Stack size 32 bytes, depilogue.o(.text))
<BR><BR>[Stack]<UL><LI>Max Depth = 40<LI>Call Chain = _double_epilogue &rArr; _double_round
</UL>
<BR>[Calls]<UL><LI><a href="#[105]">&gt;&gt;</a>&nbsp;&nbsp;&nbsp;__aeabi_llsr
<LI><a href="#[fc]">&gt;&gt;</a>&nbsp;&nbsp;&nbsp;__aeabi_llsl
<LI><a href="#[ff]">&gt;&gt;</a>&nbsp;&nbsp;&nbsp;_double_round
</UL>
<BR>[Called By]<UL><LI><a href="#[103]">&gt;&gt;</a>&nbsp;&nbsp;&nbsp;__aeabi_i2d
<LI><a href="#[102]">&gt;&gt;</a>&nbsp;&nbsp;&nbsp;__aeabi_dmul
<LI><a href="#[fb]">&gt;&gt;</a>&nbsp;&nbsp;&nbsp;__aeabi_dadd
</UL>

<P><STRONG><a name="[108]"></a>__aeabi_ddiv</STRONG> (Thumb, 222 bytes, Stack size 32 bytes, ddiv.o(.text))
<BR><BR>[Stack]<UL><LI>Max Depth = 40<LI>Call Chain = __aeabi_ddiv &rArr; _double_round
</UL>
<BR>[Calls]<UL><LI><a href="#[ff]">&gt;&gt;</a>&nbsp;&nbsp;&nbsp;_double_round
</UL>
<BR>[Called By]<UL><LI><a href="#[292]">&gt;&gt;</a>&nbsp;&nbsp;&nbsp;__mathlib_dbl_invalid
<LI><a href="#[298]">&gt;&gt;</a>&nbsp;&nbsp;&nbsp;__hardfp_atan
<LI><a href="#[29b]">&gt;&gt;</a>&nbsp;&nbsp;&nbsp;_fp_digits
<LI><a href="#[25e]">&gt;&gt;</a>&nbsp;&nbsp;&nbsp;__hardfp_atan2
<LI><a href="#[25f]">&gt;&gt;</a>&nbsp;&nbsp;&nbsp;__hardfp_asin
</UL>

<P><STRONG><a name="[109]"></a>__aeabi_d2ulz</STRONG> (Thumb, 48 bytes, Stack size 0 bytes, dfixul.o(.text), UNUSED)
<BR><BR>[Calls]<UL><LI><a href="#[105]">&gt;&gt;</a>&nbsp;&nbsp;&nbsp;__aeabi_llsr
<LI><a href="#[fc]">&gt;&gt;</a>&nbsp;&nbsp;&nbsp;__aeabi_llsl
</UL>
<BR>[Called By]<UL><LI><a href="#[29b]">&gt;&gt;</a>&nbsp;&nbsp;&nbsp;_fp_digits
</UL>

<P><STRONG><a name="[f5]"></a>__scatterload</STRONG> (Thumb, 28 bytes, Stack size 0 bytes, init.o(.text))
<BR><BR>[Calls]<UL><LI><a href="#[10a]">&gt;&gt;</a>&nbsp;&nbsp;&nbsp;__main_after_scatterload
</UL>
<BR>[Called By]<UL><LI><a href="#[f4]">&gt;&gt;</a>&nbsp;&nbsp;&nbsp;_main_scatterload
</UL>

<P><STRONG><a name="[2cc]"></a>__scatterload_rt2</STRONG> (Thumb, 0 bytes, Stack size 0 bytes, init.o(.text), UNUSED)

<P><STRONG><a name="[10b]"></a>_dsqrt</STRONG> (Thumb, 162 bytes, Stack size 32 bytes, dsqrt.o(.text))
<BR><BR>[Stack]<UL><LI>Max Depth = 40<LI>Call Chain = _dsqrt &rArr; _double_round
</UL>
<BR>[Calls]<UL><LI><a href="#[105]">&gt;&gt;</a>&nbsp;&nbsp;&nbsp;__aeabi_llsr
<LI><a href="#[ff]">&gt;&gt;</a>&nbsp;&nbsp;&nbsp;_double_round
</UL>
<BR>[Called By]<UL><LI><a href="#[297]">&gt;&gt;</a>&nbsp;&nbsp;&nbsp;sqrt
</UL>

<P><STRONG><a name="[2cd]"></a>__decompress</STRONG> (Thumb, 0 bytes, Stack size unknown bytes, __dczerorl2.o(.text), UNUSED)

<P><STRONG><a name="[2ce]"></a>__decompress1</STRONG> (Thumb, 86 bytes, Stack size unknown bytes, __dczerorl2.o(.text), UNUSED)

<P><STRONG><a name="[260]"></a>BSP_ACCELERO_Get_Axes</STRONG> (Thumb, 54 bytes, Stack size 24 bytes, steval_fcu001_v1_accelero.o(i.BSP_ACCELERO_Get_Axes))
<BR><BR>[Stack]<UL><LI>Max Depth = 24<LI>Call Chain = BSP_ACCELERO_Get_Axes
</UL>
<BR>[Called By]<UL><LI><a href="#[195]">&gt;&gt;</a>&nbsp;&nbsp;&nbsp;ReadSensorRawData
</UL>

<P><STRONG><a name="[10c]"></a>BSP_ACCELERO_Init</STRONG> (Thumb, 82 bytes, Stack size 16 bytes, steval_fcu001_v1_accelero.o(i.BSP_ACCELERO_Init))
<BR><BR>[Stack]<UL><LI>Max Depth = 152<LI>Call Chain = BSP_ACCELERO_Init &rArr; BSP_LSM6DSL_ACCELERO_Init &rArr; Sensor_IO_SPI_Init &rArr; HAL_SPI_Init &rArr; HAL_SPI_MspInit &rArr; HAL_NVIC_SetPriority &rArr; NVIC_SetPriority
</UL>
<BR>[Calls]<UL><LI><a href="#[10d]">&gt;&gt;</a>&nbsp;&nbsp;&nbsp;BSP_LSM6DSL_ACCELERO_Init
<LI><a href="#[10e]">&gt;&gt;</a>&nbsp;&nbsp;&nbsp;BSP_LSM303AGR_ACCELERO_Init
</UL>
<BR>[Called By]<UL><LI><a href="#[2aa]">&gt;&gt;</a>&nbsp;&nbsp;&nbsp;initializeAllSensors
</UL>

<P><STRONG><a name="[2ad]"></a>BSP_ACCELERO_Read_Reg</STRONG> (Thumb, 58 bytes, Stack size 24 bytes, steval_fcu001_v1_accelero.o(i.BSP_ACCELERO_Read_Reg))
<BR><BR>[Stack]<UL><LI>Max Depth = 24<LI>Call Chain = BSP_ACCELERO_Read_Reg
</UL>
<BR>[Called By]<UL><LI><a href="#[ee]">&gt;&gt;</a>&nbsp;&nbsp;&nbsp;main
</UL>

<P><STRONG><a name="[2a3]"></a>BSP_ACCELERO_Sensor_Enable</STRONG> (Thumb, 40 bytes, Stack size 16 bytes, steval_fcu001_v1_accelero.o(i.BSP_ACCELERO_Sensor_Enable))
<BR><BR>[Stack]<UL><LI>Max Depth = 16<LI>Call Chain = BSP_ACCELERO_Sensor_Enable
</UL>
<BR>[Called By]<UL><LI><a href="#[2a2]">&gt;&gt;</a>&nbsp;&nbsp;&nbsp;enableAllSensors
</UL>

<P><STRONG><a name="[2ac]"></a>BSP_ACCELERO_Set_FS</STRONG> (Thumb, 48 bytes, Stack size 24 bytes, steval_fcu001_v1_accelero.o(i.BSP_ACCELERO_Set_FS))
<BR><BR>[Stack]<UL><LI>Max Depth = 24<LI>Call Chain = BSP_ACCELERO_Set_FS
</UL>
<BR>[Called By]<UL><LI><a href="#[ee]">&gt;&gt;</a>&nbsp;&nbsp;&nbsp;main
</UL>

<P><STRONG><a name="[2ab]"></a>BSP_ACCELERO_Set_ODR_Value</STRONG> (Thumb, 56 bytes, Stack size 24 bytes, steval_fcu001_v1_accelero.o(i.BSP_ACCELERO_Set_ODR_Value))
<BR><BR>[Stack]<UL><LI>Max Depth = 24<LI>Call Chain = BSP_ACCELERO_Set_ODR_Value
</UL>
<BR>[Called By]<UL><LI><a href="#[ee]">&gt;&gt;</a>&nbsp;&nbsp;&nbsp;main
</UL>

<P><STRONG><a name="[2ae]"></a>BSP_ACCELERO_Write_Reg</STRONG> (Thumb, 52 bytes, Stack size 24 bytes, steval_fcu001_v1_accelero.o(i.BSP_ACCELERO_Write_Reg))
<BR><BR>[Stack]<UL><LI>Max Depth = 24<LI>Call Chain = BSP_ACCELERO_Write_Reg
</UL>
<BR>[Called By]<UL><LI><a href="#[ee]">&gt;&gt;</a>&nbsp;&nbsp;&nbsp;main
</UL>

<P><STRONG><a name="[261]"></a>BSP_GYRO_Get_Axes</STRONG> (Thumb, 54 bytes, Stack size 24 bytes, steval_fcu001_v1_gyro.o(i.BSP_GYRO_Get_Axes))
<BR><BR>[Stack]<UL><LI>Max Depth = 24<LI>Call Chain = BSP_GYRO_Get_Axes
</UL>
<BR>[Called By]<UL><LI><a href="#[195]">&gt;&gt;</a>&nbsp;&nbsp;&nbsp;ReadSensorRawData
</UL>

<P><STRONG><a name="[10f]"></a>BSP_GYRO_Init</STRONG> (Thumb, 54 bytes, Stack size 16 bytes, steval_fcu001_v1_gyro.o(i.BSP_GYRO_Init))
<BR><BR>[Stack]<UL><LI>Max Depth = 152<LI>Call Chain = BSP_GYRO_Init &rArr; BSP_LSM6DSL_GYRO_Init &rArr; Sensor_IO_SPI_Init &rArr; HAL_SPI_Init &rArr; HAL_SPI_MspInit &rArr; HAL_NVIC_SetPriority &rArr; NVIC_SetPriority
</UL>
<BR>[Calls]<UL><LI><a href="#[110]">&gt;&gt;</a>&nbsp;&nbsp;&nbsp;BSP_LSM6DSL_GYRO_Init
</UL>
<BR>[Called By]<UL><LI><a href="#[2aa]">&gt;&gt;</a>&nbsp;&nbsp;&nbsp;initializeAllSensors
</UL>

<P><STRONG><a name="[2a5]"></a>BSP_GYRO_Sensor_Enable</STRONG> (Thumb, 40 bytes, Stack size 16 bytes, steval_fcu001_v1_gyro.o(i.BSP_GYRO_Sensor_Enable))
<BR><BR>[Stack]<UL><LI>Max Depth = 16<LI>Call Chain = BSP_GYRO_Sensor_Enable
</UL>
<BR>[Called By]<UL><LI><a href="#[2a2]">&gt;&gt;</a>&nbsp;&nbsp;&nbsp;enableAllSensors
</UL>

<P><STRONG><a name="[2af]"></a>BSP_GYRO_Write_Reg</STRONG> (Thumb, 52 bytes, Stack size 24 bytes, steval_fcu001_v1_gyro.o(i.BSP_GYRO_Write_Reg))
<BR><BR>[Stack]<UL><LI>Max Depth = 24<LI>Call Chain = BSP_GYRO_Write_Reg
</UL>
<BR>[Called By]<UL><LI><a href="#[ee]">&gt;&gt;</a>&nbsp;&nbsp;&nbsp;main
</UL>

<P><STRONG><a name="[111]"></a>BSP_LED_Init</STRONG> (Thumb, 116 bytes, Stack size 32 bytes, steval_fcu001_v1.o(i.BSP_LED_Init))
<BR><BR>[Stack]<UL><LI>Max Depth = 56<LI>Call Chain = BSP_LED_Init &rArr; HAL_GPIO_Init
</UL>
<BR>[Calls]<UL><LI><a href="#[112]">&gt;&gt;</a>&nbsp;&nbsp;&nbsp;HAL_GPIO_Init
</UL>
<BR>[Called By]<UL><LI><a href="#[ee]">&gt;&gt;</a>&nbsp;&nbsp;&nbsp;main
</UL>

<P><STRONG><a name="[113]"></a>BSP_LED_Off</STRONG> (Thumb, 26 bytes, Stack size 8 bytes, steval_fcu001_v1.o(i.BSP_LED_Off))
<BR><BR>[Stack]<UL><LI>Max Depth = 8<LI>Call Chain = BSP_LED_Off
</UL>
<BR>[Calls]<UL><LI><a href="#[114]">&gt;&gt;</a>&nbsp;&nbsp;&nbsp;HAL_GPIO_WritePin
</UL>
<BR>[Called By]<UL><LI><a href="#[ee]">&gt;&gt;</a>&nbsp;&nbsp;&nbsp;main
</UL>

<P><STRONG><a name="[115]"></a>BSP_LED_On</STRONG> (Thumb, 26 bytes, Stack size 8 bytes, steval_fcu001_v1.o(i.BSP_LED_On))
<BR><BR>[Stack]<UL><LI>Max Depth = 8<LI>Call Chain = BSP_LED_On
</UL>
<BR>[Calls]<UL><LI><a href="#[114]">&gt;&gt;</a>&nbsp;&nbsp;&nbsp;HAL_GPIO_WritePin
</UL>
<BR>[Called By]<UL><LI><a href="#[ee]">&gt;&gt;</a>&nbsp;&nbsp;&nbsp;main
</UL>

<P><STRONG><a name="[116]"></a>BSP_LED_Toggle</STRONG> (Thumb, 24 bytes, Stack size 8 bytes, steval_fcu001_v1.o(i.BSP_LED_Toggle))
<BR><BR>[Stack]<UL><LI>Max Depth = 8<LI>Call Chain = BSP_LED_Toggle
</UL>
<BR>[Calls]<UL><LI><a href="#[117]">&gt;&gt;</a>&nbsp;&nbsp;&nbsp;HAL_GPIO_TogglePin
</UL>
<BR>[Called By]<UL><LI><a href="#[ee]">&gt;&gt;</a>&nbsp;&nbsp;&nbsp;main
</UL>

<P><STRONG><a name="[123]"></a>BSP_MAGNETO_Init</STRONG> (Thumb, 54 bytes, Stack size 16 bytes, steval_fcu001_v1_magneto.o(i.BSP_MAGNETO_Init))
<BR><BR>[Stack]<UL><LI>Max Depth = 32<LI>Call Chain = BSP_MAGNETO_Init &rArr; BSP_LIS2MDL_MAGNETO_Init
</UL>
<BR>[Calls]<UL><LI><a href="#[118]">&gt;&gt;</a>&nbsp;&nbsp;&nbsp;BSP_LIS2MDL_MAGNETO_Init
</UL>
<BR>[Called By]<UL><LI><a href="#[2aa]">&gt;&gt;</a>&nbsp;&nbsp;&nbsp;initializeAllSensors
</UL>

<P><STRONG><a name="[2a6]"></a>BSP_MAGNETO_Sensor_Enable</STRONG> (Thumb, 40 bytes, Stack size 16 bytes, steval_fcu001_v1_magneto.o(i.BSP_MAGNETO_Sensor_Enable))
<BR><BR>[Stack]<UL><LI>Max Depth = 16<LI>Call Chain = BSP_MAGNETO_Sensor_Enable
</UL>
<BR>[Called By]<UL><LI><a href="#[2a2]">&gt;&gt;</a>&nbsp;&nbsp;&nbsp;enableAllSensors
</UL>

<P><STRONG><a name="[2b0]"></a>BSP_MAGNETO_Write_Reg</STRONG> (Thumb, 52 bytes, Stack size 24 bytes, steval_fcu001_v1_magneto.o(i.BSP_MAGNETO_Write_Reg))
<BR><BR>[Stack]<UL><LI>Max Depth = 24<LI>Call Chain = BSP_MAGNETO_Write_Reg
</UL>
<BR>[Called By]<UL><LI><a href="#[ee]">&gt;&gt;</a>&nbsp;&nbsp;&nbsp;main
</UL>

<P><STRONG><a name="[262]"></a>BSP_PRESSURE_Get_Press</STRONG> (Thumb, 54 bytes, Stack size 24 bytes, steval_fcu001_v1_pressure.o(i.BSP_PRESSURE_Get_Press))
<BR><BR>[Stack]<UL><LI>Max Depth = 24<LI>Call Chain = BSP_PRESSURE_Get_Press
</UL>
<BR>[Called By]<UL><LI><a href="#[195]">&gt;&gt;</a>&nbsp;&nbsp;&nbsp;ReadSensorRawData
</UL>

<P><STRONG><a name="[124]"></a>BSP_PRESSURE_Init</STRONG> (Thumb, 54 bytes, Stack size 16 bytes, steval_fcu001_v1_pressure.o(i.BSP_PRESSURE_Init))
<BR><BR>[Stack]<UL><LI>Max Depth = 152<LI>Call Chain = BSP_PRESSURE_Init &rArr; BSP_LPS22HB_PRESSURE_Init &rArr; Sensor_IO_SPI_Init &rArr; HAL_SPI_Init &rArr; HAL_SPI_MspInit &rArr; HAL_NVIC_SetPriority &rArr; NVIC_SetPriority
</UL>
<BR>[Calls]<UL><LI><a href="#[119]">&gt;&gt;</a>&nbsp;&nbsp;&nbsp;BSP_LPS22HB_PRESSURE_Init
</UL>
<BR>[Called By]<UL><LI><a href="#[2aa]">&gt;&gt;</a>&nbsp;&nbsp;&nbsp;initializeAllSensors
</UL>

<P><STRONG><a name="[2a7]"></a>BSP_PRESSURE_Sensor_Enable</STRONG> (Thumb, 40 bytes, Stack size 16 bytes, steval_fcu001_v1_pressure.o(i.BSP_PRESSURE_Sensor_Enable))
<BR><BR>[Stack]<UL><LI>Max Depth = 16<LI>Call Chain = BSP_PRESSURE_Sensor_Enable
</UL>
<BR>[Called By]<UL><LI><a href="#[2a2]">&gt;&gt;</a>&nbsp;&nbsp;&nbsp;enableAllSensors
</UL>

<P><STRONG><a name="[2b7]"></a>ClearTimer</STRONG> (Thumb, 6 bytes, Stack size 0 bytes, timer.o(i.ClearTimer))
<BR><BR>[Called By]<UL><LI><a href="#[ee]">&gt;&gt;</a>&nbsp;&nbsp;&nbsp;main
</UL>

<P><STRONG><a name="[2b5]"></a>FlightControlPID_OuterLoop</STRONG> (Thumb, 412 bytes, Stack size 8 bytes, flight_control.o(i.FlightControlPID_OuterLoop))
<BR><BR>[Stack]<UL><LI>Max Depth = 8<LI>Call Chain = FlightControlPID_OuterLoop
</UL>
<BR>[Called By]<UL><LI><a href="#[ee]">&gt;&gt;</a>&nbsp;&nbsp;&nbsp;main
</UL>

<P><STRONG><a name="[197]"></a>FlightControlPID_innerLoop</STRONG> (Thumb, 1072 bytes, Stack size 16 bytes, flight_control.o(i.FlightControlPID_innerLoop))
<BR><BR>[Stack]<UL><LI>Max Depth = 16<LI>Call Chain = FlightControlPID_innerLoop
</UL>
<BR>[Called By]<UL><LI><a href="#[189]">&gt;&gt;</a>&nbsp;&nbsp;&nbsp;HAL_TIM_PeriodElapsedCallback
</UL>

<P><STRONG><a name="[2b4]"></a>GetTargetEulerAngle</STRONG> (Thumb, 292 bytes, Stack size 0 bytes, rc.o(i.GetTargetEulerAngle))
<BR><BR>[Called By]<UL><LI><a href="#[ee]">&gt;&gt;</a>&nbsp;&nbsp;&nbsp;main
</UL>

<P><STRONG><a name="[255]"></a>HAL_ADC_ConfigChannel</STRONG> (Thumb, 386 bytes, Stack size 12 bytes, stm32f4xx_hal_adc.o(i.HAL_ADC_ConfigChannel))
<BR><BR>[Stack]<UL><LI>Max Depth = 12<LI>Call Chain = HAL_ADC_ConfigChannel
</UL>
<BR>[Called By]<UL><LI><a href="#[254]">&gt;&gt;</a>&nbsp;&nbsp;&nbsp;MX_ADC1_Init
</UL>

<P><STRONG><a name="[125]"></a>HAL_ADC_Init</STRONG> (Thumb, 100 bytes, Stack size 16 bytes, stm32f4xx_hal_adc.o(i.HAL_ADC_Init))
<BR><BR>[Stack]<UL><LI>Max Depth = 72<LI>Call Chain = HAL_ADC_Init &rArr; HAL_ADC_MspInit &rArr; HAL_GPIO_Init
</UL>
<BR>[Calls]<UL><LI><a href="#[127]">&gt;&gt;</a>&nbsp;&nbsp;&nbsp;ADC_Init
<LI><a href="#[126]">&gt;&gt;</a>&nbsp;&nbsp;&nbsp;HAL_ADC_MspInit
</UL>
<BR>[Called By]<UL><LI><a href="#[254]">&gt;&gt;</a>&nbsp;&nbsp;&nbsp;MX_ADC1_Init
</UL>

<P><STRONG><a name="[126]"></a>HAL_ADC_MspInit</STRONG> (Thumb, 70 bytes, Stack size 32 bytes, stm32f4xx_hal_msp.o(i.HAL_ADC_MspInit))
<BR><BR>[Stack]<UL><LI>Max Depth = 56<LI>Call Chain = HAL_ADC_MspInit &rArr; HAL_GPIO_Init
</UL>
<BR>[Calls]<UL><LI><a href="#[112]">&gt;&gt;</a>&nbsp;&nbsp;&nbsp;HAL_GPIO_Init
</UL>
<BR>[Called By]<UL><LI><a href="#[125]">&gt;&gt;</a>&nbsp;&nbsp;&nbsp;HAL_ADC_Init
</UL>

<P><STRONG><a name="[168]"></a>HAL_DMA_Abort_IT</STRONG> (Thumb, 40 bytes, Stack size 0 bytes, stm32f4xx_hal_dma.o(i.HAL_DMA_Abort_IT))
<BR><BR>[Called By]<UL><LI><a href="#[167]">&gt;&gt;</a>&nbsp;&nbsp;&nbsp;HAL_SPI_IRQHandler
<LI><a href="#[19a]">&gt;&gt;</a>&nbsp;&nbsp;&nbsp;HAL_UART_IRQHandler
</UL>

<P><STRONG><a name="[11e]"></a>HAL_Delay</STRONG> (Thumb, 26 bytes, Stack size 16 bytes, stm32f4xx_hal.o(i.HAL_Delay))
<BR><BR>[Stack]<UL><LI>Max Depth = 16<LI>Call Chain = HAL_Delay
</UL>
<BR>[Calls]<UL><LI><a href="#[128]">&gt;&gt;</a>&nbsp;&nbsp;&nbsp;HAL_GetTick
</UL>
<BR>[Called By]<UL><LI><a href="#[119]">&gt;&gt;</a>&nbsp;&nbsp;&nbsp;BSP_LPS22HB_PRESSURE_Init
</UL>

<P><STRONG><a name="[112]"></a>HAL_GPIO_Init</STRONG> (Thumb, 436 bytes, Stack size 24 bytes, stm32f4xx_hal_gpio.o(i.HAL_GPIO_Init))
<BR><BR>[Stack]<UL><LI>Max Depth = 24<LI>Call Chain = HAL_GPIO_Init
</UL>
<BR>[Called By]<UL><LI><a href="#[1a1]">&gt;&gt;</a>&nbsp;&nbsp;&nbsp;HAL_UART_MspInit
<LI><a href="#[172]">&gt;&gt;</a>&nbsp;&nbsp;&nbsp;HAL_TIM_Base_MspInit
<LI><a href="#[16b]">&gt;&gt;</a>&nbsp;&nbsp;&nbsp;HAL_SPI_MspInit
<LI><a href="#[126]">&gt;&gt;</a>&nbsp;&nbsp;&nbsp;HAL_ADC_MspInit
<LI><a href="#[266]">&gt;&gt;</a>&nbsp;&nbsp;&nbsp;Sensor_IO_SPI_CS_Init_All
<LI><a href="#[111]">&gt;&gt;</a>&nbsp;&nbsp;&nbsp;BSP_LED_Init
<LI><a href="#[256]">&gt;&gt;</a>&nbsp;&nbsp;&nbsp;MX_GPIO_Init
<LI><a href="#[11a]">&gt;&gt;</a>&nbsp;&nbsp;&nbsp;Sensor_IO_SPI_Init
<LI><a href="#[11b]">&gt;&gt;</a>&nbsp;&nbsp;&nbsp;Sensor_IO_SPI_CS_Init
</UL>

<P><STRONG><a name="[17a]"></a>HAL_GPIO_ReadPin</STRONG> (Thumb, 16 bytes, Stack size 0 bytes, stm32f4xx_hal_gpio.o(i.HAL_GPIO_ReadPin))
<BR><BR>[Called By]<UL><LI><a href="#[ee]">&gt;&gt;</a>&nbsp;&nbsp;&nbsp;main
<LI><a href="#[179]">&gt;&gt;</a>&nbsp;&nbsp;&nbsp;HAL_TIM_IC_CaptureCallback
</UL>

<P><STRONG><a name="[117]"></a>HAL_GPIO_TogglePin</STRONG> (Thumb, 8 bytes, Stack size 0 bytes, stm32f4xx_hal_gpio.o(i.HAL_GPIO_TogglePin))
[...]

<P><STRONG><a name="[9d]"></a>LSM303AGR_X_Check_WhoAmI</STRONG> (Thumb, 40 bytes, Stack size 16 bytes, lsm303agr_acc_driver_hl.o(i.LSM303AGR_X_Check_WhoAmI))
<BR><BR>[Stack]<UL><LI>Max Depth = 136<LI>Call Chain = LSM303AGR_X_Check_WhoAmI &rArr; LSM303AGR_X_Get_WhoAmI &rArr; LSM303AGR_ACC_R_WHO_AM_I &rArr; LSM303AGR_ACC_ReadReg &rArr; Sensor_IO_Read &rArr; Sensor_IO_SPI_Read &rArr; Sensor_IO_SPI_CS_Enable
</UL>
<BR>[Calls]<UL><LI><a href="#[9c]">&gt;&gt;</a>&nbsp;&nbsp;&nbsp;LSM303AGR_X_Get_WhoAmI
</UL>
<BR>[Called By]<UL><LI><a href="#[98]">&gt;&gt;</a>&nbsp;&nbsp;&nbsp;LSM303AGR_X_Init
<LI><a href="#[99]">&gt;&gt;</a>&nbsp;&nbsp;&nbsp;LSM303AGR_X_DeInit
</UL>
<BR>[Address Reference Count : 1]<UL><LI> lsm303agr_acc_driver_hl.o(.data)
</UL>
<P><STRONG><a name="[99]"></a>LSM303AGR_X_DeInit</STRONG> (Thumb, 48 bytes, Stack size 16 bytes, lsm303agr_acc_driver_hl.o(i.LSM303AGR_X_DeInit))
<BR><BR>[Stack]<UL><LI>Max Depth = 152<LI>Call Chain = LSM303AGR_X_DeInit &rArr; LSM303AGR_X_Sensor_Disable &rArr; LSM303AGR_X_Get_ODR &rArr; LSM303AGR_ACC_R_ODR &rArr; LSM303AGR_ACC_ReadReg &rArr; Sensor_IO_Read &rArr; Sensor_IO_SPI_Read &rArr; Sensor_IO_SPI_CS_Enable
</UL>
<BR>[Calls]<UL><LI><a href="#[9b]">&gt;&gt;</a>&nbsp;&nbsp;&nbsp;LSM303AGR_X_Sensor_Disable
<LI><a href="#[9d]">&gt;&gt;</a>&nbsp;&nbsp;&nbsp;LSM303AGR_X_Check_WhoAmI
</UL>
<BR>[Address Reference Count : 1]<UL><LI> lsm303agr_acc_driver_hl.o(.data)
</UL>
<P><STRONG><a name="[9e]"></a>LSM303AGR_X_Get_Axes</STRONG> (Thumb, 36 bytes, Stack size 24 bytes, lsm303agr_acc_driver_hl.o(i.LSM303AGR_X_Get_Axes))
<BR><BR>[Stack]<UL><LI>Max Depth = 200<LI>Call Chain = LSM303AGR_X_Get_Axes &rArr; LSM303AGR_ACC_Get_Acceleration &rArr; LSM303AGR_ACC_Get_Raw_Acceleration &rArr; LSM303AGR_ACC_ReadReg &rArr; Sensor_IO_Read &rArr; Sensor_IO_SPI_Read &rArr; Sensor_IO_SPI_CS_Enable
</UL>
<BR>[Calls]<UL><LI><a href="#[1d7]">&gt;&gt;</a>&nbsp;&nbsp;&nbsp;LSM303AGR_ACC_Get_Acceleration
</UL>
<BR>[Address Reference Count : 1]<UL><LI> lsm303agr_acc_driver_hl.o(.data)
</UL>
<P><STRONG><a name="[9f]"></a>LSM303AGR_X_Get_AxesRaw</STRONG> (Thumb, 42 bytes, Stack size 24 bytes, lsm303agr_acc_driver_hl.o(i.LSM303AGR_X_Get_AxesRaw))
<BR><BR>[Stack]<UL><LI>Max Depth = 176<LI>Call Chain = LSM303AGR_X_Get_AxesRaw &rArr; LSM303AGR_X_Get_Axes_Raw &rArr; LSM303AGR_ACC_Get_Raw_Acceleration &rArr; LSM303AGR_ACC_ReadReg &rArr; Sensor_IO_Read &rArr; Sensor_IO_SPI_Read &rArr; Sensor_IO_SPI_CS_Enable
</UL>
<BR>[Calls]<UL><LI><a href="#[1eb]">&gt;&gt;</a>&nbsp;&nbsp;&nbsp;LSM303AGR_X_Get_Axes_Raw
</UL>
<BR>[Address Reference Count : 1]<UL><LI> lsm303agr_acc_driver_hl.o(.data)
</UL>
<P><STRONG><a name="[1eb]"></a>LSM303AGR_X_Get_Axes_Raw</STRONG> (Thumb, 136 bytes, Stack size 32 bytes, lsm303agr_acc_driver_hl.o(i.LSM303AGR_X_Get_Axes_Raw))
<BR><BR>[Stack]<UL><LI>Max Depth = 152<LI>Call Chain = LSM303AGR_X_Get_Axes_Raw &rArr; LSM303AGR_ACC_Get_Raw_Acceleration &rArr; LSM303AGR_ACC_ReadReg &rArr; Sensor_IO_Read &rArr; Sensor_IO_SPI_Read &rArr; Sensor_IO_SPI_CS_Enable
</UL>
<BR>[Calls]<UL><LI><a href="#[1d9]">&gt;&gt;</a>&nbsp;&nbsp;&nbsp;LSM303AGR_ACC_R_LOWPWR_EN
<LI><a href="#[1d8]">&gt;&gt;</a>&nbsp;&nbsp;&nbsp;LSM303AGR_ACC_R_HiRes
<LI><a href="#[1db]">&gt;&gt;</a>&nbsp;&nbsp;&nbsp;LSM303AGR_ACC_Get_Raw_Acceleration
</UL>
<BR>[Called By]<UL><LI><a href="#[9f]">&gt;&gt;</a>&nbsp;&nbsp;&nbsp;LSM303AGR_X_Get_AxesRaw
</UL>

<P><STRONG><a name="[a7]"></a>LSM303AGR_X_Get_Axes_Status</STRONG> (Thumb, 98 bytes, Stack size 24 bytes, lsm303agr_acc_driver_hl.o(i.LSM303AGR_X_Get_Axes_Status))
<BR><BR>[Stack]<UL><LI>Max Depth = 128<LI>Call Chain = LSM303AGR_X_Get_Axes_Status &rArr; LSM303AGR_ACC_R_ZEN &rArr; LSM303AGR_ACC_ReadReg &rArr; Sensor_IO_Read &rArr; Sensor_IO_SPI_Read &rArr; Sensor_IO_SPI_CS_Enable
</UL>
<BR>[Calls]<UL><LI><a href="#[1e2]">&gt;&gt;</a>&nbsp;&nbsp;&nbsp;LSM303AGR_ACC_R_ZEN
<LI><a href="#[1e1]">&gt;&gt;</a>&nbsp;&nbsp;&nbsp;LSM303AGR_ACC_R_YEN
<LI><a href="#[1e0]">&gt;&gt;</a>&nbsp;&nbsp;&nbsp;LSM303AGR_ACC_R_XEN
</UL>
<BR>[Address Reference Count : 1]<UL><LI> lsm303agr_acc_driver_hl.o(.data)
</UL>
<P><STRONG><a name="[ab]"></a>LSM303AGR_X_Get_DRDY_Status</STRONG> (Thumb, 50 bytes, Stack size 16 bytes, lsm303agr_acc_driver_hl.o(i.LSM303AGR_X_Get_DRDY_Status))
<BR><BR>[Stack]<UL><LI>Max Depth = 120<LI>Call Chain = LSM303AGR_X_Get_DRDY_Status &rArr; LSM303AGR_ACC_R_XDataAvail &rArr; LSM303AGR_ACC_ReadReg &rArr; Sensor_IO_Read &rArr; Sensor_IO_SPI_Read &rArr; Sensor_IO_SPI_CS_Enable
</UL>
<BR>[Calls]<UL><LI><a href="#[1df]">&gt;&gt;</a>&nbsp;&nbsp;&nbsp;LSM303AGR_ACC_R_XDataAvail
</UL>
<BR>[Address Reference Count : 1]<UL><LI> lsm303agr_acc_driver_hl.o(.data)
</UL>
<P><STRONG><a name="[a4]"></a>LSM303AGR_X_Get_FS</STRONG> (Thumb, 98 bytes, Stack size 16 bytes, lsm303agr_acc_driver_hl.o(i.LSM303AGR_X_Get_FS))
<BR><BR>[Stack]<UL><LI>Max Depth = 120<LI>Call Chain = LSM303AGR_X_Get_FS &rArr; LSM303AGR_ACC_R_FullScale &rArr; LSM303AGR_ACC_ReadReg &rArr; Sensor_IO_Read &rArr; Sensor_IO_SPI_Read &rArr; Sensor_IO_SPI_CS_Enable
</UL>
<BR>[Calls]<UL><LI><a href="#[1da]">&gt;&gt;</a>&nbsp;&nbsp;&nbsp;LSM303AGR_ACC_R_FullScale
</UL>
<BR>[Address Reference Count : 1]<UL><LI> lsm303agr_acc_driver_hl.o(.data)
</UL>
<P><STRONG><a name="[a1]"></a>LSM303AGR_X_Get_ODR</STRONG> (Thumb, 148 bytes, Stack size 16 bytes, lsm303agr_acc_driver_hl.o(i.LSM303AGR_X_Get_ODR))
<BR><BR>[Stack]<UL><LI>Max Depth = 120<LI>Call Chain = LSM303AGR_X_Get_ODR &rArr; LSM303AGR_ACC_R_ODR &rArr; LSM303AGR_ACC_ReadReg &rArr; Sensor_IO_Read &rArr; Sensor_IO_SPI_Read &rArr; Sensor_IO_SPI_CS_Enable
</UL>
<BR>[Calls]<UL><LI><a href="#[1dd]">&gt;&gt;</a>&nbsp;&nbsp;&nbsp;LSM303AGR_ACC_R_ODR
</UL>
<BR>[Called By]<UL><LI><a href="#[9b]">&gt;&gt;</a>&nbsp;&nbsp;&nbsp;LSM303AGR_X_Sensor_Disable
</UL>
<BR>[Address Reference Count : 1]<UL><LI> lsm303agr_acc_driver_hl.o(.data)
</UL>
<P><STRONG><a name="[a0]"></a>LSM303AGR_X_Get_Sensitivity</STRONG> (Thumb, 108 bytes, Stack size 24 bytes, lsm303agr_acc_driver_hl.o(i.LSM303AGR_X_Get_Sensitivity))
<BR><BR>[Stack]<UL><LI>Max Depth = 144<LI>Call Chain = LSM303AGR_X_Get_Sensitivity &rArr; LSM303AGR_X_Get_Sensitivity_Normal_Mode &rArr; LSM303AGR_ACC_R_FullScale &rArr; LSM303AGR_ACC_ReadReg &rArr; Sensor_IO_Read &rArr; Sensor_IO_SPI_Read &rArr; Sensor_IO_SPI_CS_Enable
</UL>
<BR>[Calls]<UL><LI><a href="#[1ec]">&gt;&gt;</a>&nbsp;&nbsp;&nbsp;LSM303AGR_X_Get_Sensitivity_Normal_Mode
<LI><a href="#[1ed]">&gt;&gt;</a>&nbsp;&nbsp;&nbsp;LSM303AGR_X_Get_Sensitivity_LP_Mode
<LI><a href="#[1ee]">&gt;&gt;</a>&nbsp;&nbsp;&nbsp;LSM303AGR_X_Get_Sensitivity_HR_Mode
<LI><a href="#[1d9]">&gt;&gt;</a>&nbsp;&nbsp;&nbsp;LSM303AGR_ACC_R_LOWPWR_EN
<LI><a href="#[1d8]">&gt;&gt;</a>&nbsp;&nbsp;&nbsp;LSM303AGR_ACC_R_HiRes
</UL>
<BR>[Address Reference Count : 1]<UL><LI> lsm303agr_acc_driver_hl.o(.data)
</UL>
<P><STRONG><a name="[1ee]"></a>LSM303AGR_X_Get_Sensitivity_HR_Mode</STRONG> (Thumb, 98 bytes, Stack size 16 bytes, lsm303agr_acc_driver_hl.o(i.LSM303AGR_X_Get_Sensitivity_HR_Mode))
<BR><BR>[Stack]<UL><LI>Max Depth = 120<LI>Call Chain = LSM303AGR_X_Get_Sensitivity_HR_Mode &rArr; LSM303AGR_ACC_R_FullScale &rArr; LSM303AGR_ACC_ReadReg &rArr; Sensor_IO_Read &rArr; Sensor_IO_SPI_Read &rArr; Sensor_IO_SPI_CS_Enable
</UL>
<BR>[Calls]<UL><LI><a href="#[1da]">&gt;&gt;</a>&nbsp;&nbsp;&nbsp;LSM303AGR_ACC_R_FullScale
</UL>
<BR>[Called By]<UL><LI><a href="#[a0]">&gt;&gt;</a>&nbsp;&nbsp;&nbsp;LSM303AGR_X_Get_Sensitivity
</UL>

<P><STRONG><a name="[1ed]"></a>LSM303AGR_X_Get_Sensitivity_LP_Mode</STRONG> (Thumb, 98 bytes, Stack size 16 bytes, lsm303agr_acc_driver_hl.o(i.LSM303AGR_X_Get_Sensitivity_LP_Mode))
<BR><BR>[Stack]<UL><LI>Max Depth = 120<LI>Call Chain = LSM303AGR_X_Get_Sensitivity_LP_Mode &rArr; LSM303AGR_ACC_R_FullScale &rArr; LSM303AGR_ACC_ReadReg &rArr; Sensor_IO_Read &rArr; Sensor_IO_SPI_Read &rArr; Sensor_IO_SPI_CS_Enable
</UL>
<BR>[Calls]<UL><LI><a href="#[1da]">&gt;&gt;</a>&nbsp;&nbsp;&nbsp;LSM303AGR_ACC_R_FullScale
</UL>
<BR>[Called By]<UL><LI><a href="#[a0]">&gt;&gt;</a>&nbsp;&nbsp;&nbsp;LSM303AGR_X_Get_Sensitivity
</UL>

<P><STRONG><a name="[1ec]"></a>LSM303AGR_X_Get_Sensitivity_Normal_Mode</STRONG> (Thumb, 98 bytes, Stack size 16 bytes, lsm303agr_acc_driver_hl.o(i.LSM303AGR_X_Get_Sensitivity_Normal_Mode))
<BR><BR>[Stack]<UL><LI>Max Depth = 120<LI>Call Chain = LSM303AGR_X_Get_Sensitivity_Normal_Mode &rArr; LSM303AGR_ACC_R_FullScale &rArr; LSM303AGR_ACC_ReadReg &rArr; Sensor_IO_Read &rArr; Sensor_IO_SPI_Read &rArr; Sensor_IO_SPI_CS_Enable
</UL>
<BR>[Calls]<UL><LI><a href="#[1da]">&gt;&gt;</a>&nbsp;&nbsp;&nbsp;LSM303AGR_ACC_R_FullScale
</UL>
<BR>[Called By]<UL><LI><a href="#[a0]">&gt;&gt;</a>&nbsp;&nbsp;&nbsp;LSM303AGR_X_Get_Sensitivity
</UL>

<P><STRONG><a name="[9c]"></a>LSM303AGR_X_Get_WhoAmI</STRONG> (Thumb, 24 bytes, Stack size 16 bytes, lsm303agr_acc_driver_hl.o(i.LSM303AGR_X_Get_WhoAmI))
<BR><BR>[Stack]<UL><LI>Max Depth = 120<LI>Call Chain = LSM303AGR_X_Get_WhoAmI &rArr; LSM303AGR_ACC_R_WHO_AM_I &rArr; LSM303AGR_ACC_ReadReg &rArr; Sensor_IO_Read &rArr; Sensor_IO_SPI_Read &rArr; Sensor_IO_SPI_CS_Enable
</UL>
<BR>[Calls]<UL><LI><a href="#[1de]">&gt;&gt;</a>&nbsp;&nbsp;&nbsp;LSM303AGR_ACC_R_WHO_AM_I
</UL>
<BR>[Called By]<UL><LI><a href="#[9d]">&gt;&gt;</a>&nbsp;&nbsp;&nbsp;LSM303AGR_X_Check_WhoAmI
</UL>
<BR>[Address Reference Count : 1]<UL><LI> lsm303agr_acc_driver_hl.o(.data)
</UL>
<P><STRONG><a name="[98]"></a>LSM303AGR_X_Init</STRONG> (Thumb, 112 bytes, Stack size 24 bytes, lsm303agr_acc_driver_hl.o(i.LSM303AGR_X_Init))
<BR><BR>[Stack]<UL><LI>Max Depth = 160<LI>Call Chain = LSM303AGR_X_Init &rArr; LSM303AGR_X_Check_WhoAmI &rArr; LSM303AGR_X_Get_WhoAmI &rArr; LSM303AGR_ACC_R_WHO_AM_I &rArr; LSM303AGR_ACC_ReadReg &rArr; Sensor_IO_Read &rArr; Sensor_IO_SPI_Read &rArr; Sensor_IO_SPI_CS_Enable
</UL>
<BR>[Calls]<UL><LI><a href="#[a5]">&gt;&gt;</a>&nbsp;&nbsp;&nbsp;LSM303AGR_X_Set_FS
<LI><a href="#[a8]">&gt;&gt;</a>&nbsp;&nbsp;&nbsp;LSM303AGR_X_Set_Axes_Status
<LI><a href="#[9d]">&gt;&gt;</a>&nbsp;&nbsp;&nbsp;LSM303AGR_X_Check_WhoAmI
<LI><a href="#[1e7]">&gt;&gt;</a>&nbsp;&nbsp;&nbsp;LSM303AGR_ACC_W_ODR
<LI><a href="#[1e5]">&gt;&gt;</a>&nbsp;&nbsp;&nbsp;LSM303AGR_ACC_W_FifoMode
<LI><a href="#[1e3]">&gt;&gt;</a>&nbsp;&nbsp;&nbsp;LSM303AGR_ACC_W_BlockDataUpdate
</UL>
<BR>[Address Reference Count : 1]<UL><LI> lsm303agr_acc_driver_hl.o(.data)
</UL>
<P><STRONG><a name="[a9]"></a>LSM303AGR_X_Read_Reg</STRONG> (Thumb, 30 bytes, Stack size 16 bytes, lsm303agr_acc_driver_hl.o(i.LSM303AGR_X_Read_Reg))
<BR><BR>[Stack]<UL><LI>Max Depth = 104<LI>Call Chain = LSM303AGR_X_Read_Reg &rArr; LSM303AGR_ACC_ReadReg &rArr; Sensor_IO_Read &rArr; Sensor_IO_SPI_Read &rArr; Sensor_IO_SPI_CS_Enable
</UL>
<BR>[Calls]<UL><LI><a href="#[1dc]">&gt;&gt;</a>&nbsp;&nbsp;&nbsp;LSM303AGR_ACC_ReadReg
</UL>
<BR>[Address Reference Count : 1]<UL><LI> lsm303agr_acc_driver_hl.o(.data)
</UL>
<P><STRONG><a name="[9b]"></a>LSM303AGR_X_Sensor_Disable</STRONG> (Thumb, 52 bytes, Stack size 16 bytes, lsm303agr_acc_driver_hl.o(i.LSM303AGR_X_Sensor_Disable))
<BR><BR>[Stack]<UL><LI>Max Depth = 136<LI>Call Chain = LSM303AGR_X_Sensor_Disable &rArr; LSM303AGR_X_Get_ODR &rArr; LSM303AGR_ACC_R_ODR &rArr; LSM303AGR_ACC_ReadReg &rArr; Sensor_IO_Read &rArr; Sensor_IO_SPI_Read &rArr; Sensor_IO_SPI_CS_Enable
</UL>
<BR>[Calls]<UL><LI><a href="#[a1]">&gt;&gt;</a>&nbsp;&nbsp;&nbsp;LSM303AGR_X_Get_ODR
<LI><a href="#[1e7]">&gt;&gt;</a>&nbsp;&nbsp;&nbsp;LSM303AGR_ACC_W_ODR
</UL>
<BR>[Called By]<UL><LI><a href="#[99]">&gt;&gt;</a>&nbsp;&nbsp;&nbsp;LSM303AGR_X_DeInit
</UL>
<BR>[Address Reference Count : 1]<UL><LI> lsm303agr_acc_driver_hl.o(.data)
</UL>
<P><STRONG><a name="[9a]"></a>LSM303AGR_X_Sensor_Enable</STRONG> (Thumb, 46 bytes, Stack size 16 bytes, lsm303agr_acc_driver_hl.o(i.LSM303AGR_X_Sensor_Enable))
<BR><BR>[Stack]<UL><LI>Max Depth = 144<LI>Call Chain = LSM303AGR_X_Sensor_Enable &rArr; LSM303AGR_X_Set_ODR_Value_When_Enabled &rArr; LSM303AGR_ACC_W_ODR &rArr; LSM303AGR_ACC_WriteReg &rArr; Sensor_IO_Write &rArr; Sensor_IO_SPI_Write &rArr; Sensor_IO_SPI_CS_Enable
</UL>
<BR>[Calls]<UL><LI><a href="#[1ef]">&gt;&gt;</a>&nbsp;&nbsp;&nbsp;LSM303AGR_X_Set_ODR_Value_When_Enabled
</UL>
<BR>[Address Reference Count : 1]<UL><LI> lsm303agr_acc_driver_hl.o(.data)
</UL>
<P><STRONG><a name="[a8]"></a>LSM303AGR_X_Set_Axes_Status</STRONG> (Thumb, 86 bytes, Stack size 16 bytes, lsm303agr_acc_driver_hl.o(i.LSM303AGR_X_Set_Axes_Status))
<BR><BR>[Stack]<UL><LI>Max Depth = 120<LI>Call Chain = LSM303AGR_X_Set_Axes_Status &rArr; LSM303AGR_ACC_W_ZEN &rArr; LSM303AGR_ACC_WriteReg &rArr; Sensor_IO_Write &rArr; Sensor_IO_SPI_Write &rArr; Sensor_IO_SPI_CS_Enable
</UL>
<BR>[Calls]<UL><LI><a href="#[1ea]">&gt;&gt;</a>&nbsp;&nbsp;&nbsp;LSM303AGR_ACC_W_ZEN
<LI><a href="#[1e9]">&gt;&gt;</a>&nbsp;&nbsp;&nbsp;LSM303AGR_ACC_W_YEN
<LI><a href="#[1e8]">&gt;&gt;</a>&nbsp;&nbsp;&nbsp;LSM303AGR_ACC_W_XEN
</UL>
<BR>[Called By]<UL><LI><a href="#[98]">&gt;&gt;</a>&nbsp;&nbsp;&nbsp;LSM303AGR_X_Init
</UL>
<BR>[Address Reference Count : 1]<UL><LI> lsm303agr_acc_driver_hl.o(.data)
</UL>
<P><STRONG><a name="[a5]"></a>LSM303AGR_X_Set_FS</STRONG> (Thumb, 54 bytes, Stack size 16 bytes, lsm303agr_acc_driver_hl.o(i.LSM303AGR_X_Set_FS))
<BR><BR>[Stack]<UL><LI>Max Depth = 120<LI>Call Chain = LSM303AGR_X_Set_FS &rArr; LSM303AGR_ACC_W_FullScale &rArr; LSM303AGR_ACC_WriteReg &rArr; Sensor_IO_Write &rArr; Sensor_IO_SPI_Write &rArr; Sensor_IO_SPI_CS_Enable
</UL>
<BR>[Calls]<UL><LI><a href="#[1e6]">&gt;&gt;</a>&nbsp;&nbsp;&nbsp;LSM303AGR_ACC_W_FullScale
</UL>
<BR>[Called By]<UL><LI><a href="#[98]">&gt;&gt;</a>&nbsp;&nbsp;&nbsp;LSM303AGR_X_Init
</UL>
<BR>[Address Reference Count : 1]<UL><LI> lsm303agr_acc_driver_hl.o(.data)
</UL>
<P><STRONG><a name="[a6]"></a>LSM303AGR_X_Set_FS_Value</STRONG> (Thumb, 92 bytes, Stack size 24 bytes, lsm303agr_acc_driver_hl.o(i.LSM303AGR_X_Set_FS_Value))
<BR><BR>[Stack]<UL><LI>Max Depth = 128<LI>Call Chain = LSM303AGR_X_Set_FS_Value &rArr; LSM303AGR_ACC_W_FullScale &rArr; LSM303AGR_ACC_WriteReg &rArr; Sensor_IO_Write &rArr; Sensor_IO_SPI_Write &rArr; Sensor_IO_SPI_CS_Enable
</UL>
<BR>[Calls]<UL><LI><a href="#[1e6]">&gt;&gt;</a>&nbsp;&nbsp;&nbsp;LSM303AGR_ACC_W_FullScale
</UL>
<BR>[Address Reference Count : 1]<UL><LI> lsm303agr_acc_driver_hl.o(.data)
</UL>
<P><STRONG><a name="[a2]"></a>LSM303AGR_X_Set_ODR</STRONG> (Thumb, 44 bytes, Stack size 16 bytes, lsm303agr_acc_driver_hl.o(i.LSM303AGR_X_Set_ODR))
<BR><BR>[Stack]<UL><LI>Max Depth = 136<LI>Call Chain = LSM303AGR_X_Set_ODR &rArr; LSM303AGR_X_Set_ODR_When_Enabled &rArr; LSM303AGR_ACC_W_ODR &rArr; LSM303AGR_ACC_WriteReg &rArr; Sensor_IO_Write &rArr; Sensor_IO_SPI_Write &rArr; Sensor_IO_SPI_CS_Enable
</UL>
<BR>[Calls]<UL><LI><a href="#[1f0]">&gt;&gt;</a>&nbsp;&nbsp;&nbsp;LSM303AGR_X_Set_ODR_When_Enabled
<LI><a href="#[1f1]">&gt;&gt;</a>&nbsp;&nbsp;&nbsp;LSM303AGR_X_Set_ODR_When_Disabled
</UL>
<BR>[Address Reference Count : 1]<UL><LI> lsm303agr_acc_driver_hl.o(.data)
</UL>
<P><STRONG><a name="[a3]"></a>LSM303AGR_X_Set_ODR_Value</STRONG> (Thumb, 58 bytes, Stack size 16 bytes, lsm303agr_acc_driver_hl.o(i.LSM303AGR_X_Set_ODR_Value))
<BR><BR>[Stack]<UL><LI>Max Depth = 144<LI>Call Chain = LSM303AGR_X_Set_ODR_Value &rArr; LSM303AGR_X_Set_ODR_Value_When_Enabled &rArr; LSM303AGR_ACC_W_ODR &rArr; LSM303AGR_ACC_WriteReg &rArr; Sensor_IO_Write &rArr; Sensor_IO_SPI_Write &rArr; Sensor_IO_SPI_CS_Enable
</UL>
<BR>[Calls]<UL><LI><a href="#[1ef]">&gt;&gt;</a>&nbsp;&nbsp;&nbsp;LSM303AGR_X_Set_ODR_Value_When_Enabled
<LI><a href="#[1f2]">&gt;&gt;</a>&nbsp;&nbsp;&nbsp;LSM303AGR_X_Set_ODR_Value_When_Disabled
</UL>
<BR>[Address Reference Count : 1]<UL><LI> lsm303agr_acc_driver_hl.o(.data)
</UL>
<P><STRONG><a name="[1f2]"></a>LSM303AGR_X_Set_ODR_Value_When_Disabled</STRONG> (Thumb, 138 bytes, Stack size 0 bytes, lsm303agr_acc_driver_hl.o(i.LSM303AGR_X_Set_ODR_Value_When_Disabled))
<BR><BR>[Called By]<UL><LI><a href="#[a3]">&gt;&gt;</a>&nbsp;&nbsp;&nbsp;LSM303AGR_X_Set_ODR_Value
</UL>

<P><STRONG><a name="[1ef]"></a>LSM303AGR_X_Set_ODR_Value_When_Enabled</STRONG> (Thumb, 146 bytes, Stack size 24 bytes, lsm303agr_acc_driver_hl.o(i.LSM303AGR_X_Set_ODR_Value_When_Enabled))
<BR><BR>[Stack]<UL><LI>Max Depth = 128<LI>Call Chain = LSM303AGR_X_Set_ODR_Value_When_Enabled &rArr; LSM303AGR_ACC_W_ODR &rArr; LSM303AGR_ACC_WriteReg &rArr; Sensor_IO_Write &rArr; Sensor_IO_SPI_Write &rArr; Sensor_IO_SPI_CS_Enable
</UL>
<BR>[Calls]<UL><LI><a href="#[1e7]">&gt;&gt;</a>&nbsp;&nbsp;&nbsp;LSM303AGR_ACC_W_ODR
</UL>
<BR>[Called By]<UL><LI><a href="#[a3]">&gt;&gt;</a>&nbsp;&nbsp;&nbsp;LSM303AGR_X_Set_ODR_Value
<LI><a href="#[9a]">&gt;&gt;</a>&nbsp;&nbsp;&nbsp;LSM303AGR_X_Sensor_Enable
</UL>

<P><STRONG><a name="[1f1]"></a>LSM303AGR_X_Set_ODR_When_Disabled</STRONG> (Thumb, 84 bytes, Stack size 8 bytes, lsm303agr_acc_driver_hl.o(i.LSM303AGR_X_Set_ODR_When_Disabled))
<BR><BR>[Stack]<UL><LI>Max Depth = 8<LI>Call Chain = LSM303AGR_X_Set_ODR_When_Disabled
</UL>
<BR>[Called By]<UL><LI><a href="#[a2]">&gt;&gt;</a>&nbsp;&nbsp;&nbsp;LSM303AGR_X_Set_ODR
</UL>

<P><STRONG><a name="[1f0]"></a>LSM303AGR_X_Set_ODR_When_Enabled</STRONG> (Thumb, 64 bytes, Stack size 16 bytes, lsm303agr_acc_driver_hl.o(i.LSM303AGR_X_Set_ODR_When_Enabled))
<BR><BR>[Stack]<UL><LI>Max Depth = 120<LI>Call Chain = LSM303AGR_X_Set_ODR_When_Enabled &rArr; LSM303AGR_ACC_W_ODR &rArr; LSM303AGR_ACC_WriteReg &rArr; Sensor_IO_Write &rArr; Sensor_IO_SPI_Write &rArr; Sensor_IO_SPI_CS_Enable
</UL>
<BR>[Calls]<UL><LI><a href="#[1e7]">&gt;&gt;</a>&nbsp;&nbsp;&nbsp;LSM303AGR_ACC_W_ODR
</UL>
<BR>[Called By]<UL><LI><a href="#[a2]">&gt;&gt;</a>&nbsp;&nbsp;&nbsp;LSM303AGR_X_Set_ODR
</UL>

<P><STRONG><a name="[aa]"></a>LSM303AGR_X_Write_Reg</STRONG> (Thumb, 28 bytes, Stack size 24 bytes, lsm303agr_acc_driver_hl.o(i.LSM303AGR_X_Write_Reg))
<BR><BR>[Stack]<UL><LI>Max Depth = 112<LI>Call Chain = LSM303AGR_X_Write_Reg &rArr; LSM303AGR_ACC_WriteReg &rArr; Sensor_IO_Write &rArr; Sensor_IO_SPI_Write &rArr; Sensor_IO_SPI_CS_Enable
</UL>
<BR>[Calls]<UL><LI><a href="#[1e4]">&gt;&gt;</a>&nbsp;&nbsp;&nbsp;LSM303AGR_ACC_WriteReg
</UL>
<BR>[Address Reference Count : 1]<UL><LI> lsm303agr_acc_driver_hl.o(.data)
</UL>
<P><STRONG><a name="[29b]"></a>_fp_digits</STRONG> (Thumb, 366 bytes, Stack size 64 bytes, printfa.o(i._fp_digits), UNUSED)
<BR><BR>[Calls]<UL><LI><a href="#[29c]">&gt;&gt;</a>&nbsp;&nbsp;&nbsp;__aeabi_cdrcmple
<LI><a href="#[102]">&gt;&gt;</a>&nbsp;&nbsp;&nbsp;__aeabi_dmul
<LI><a href="#[fb]">&gt;&gt;</a>&nbsp;&nbsp;&nbsp;__aeabi_dadd
<LI><a href="#[f7]">&gt;&gt;</a>&nbsp;&nbsp;&nbsp;__aeabi_uldivmod
<LI><a href="#[109]">&gt;&gt;</a>&nbsp;&nbsp;&nbsp;__aeabi_d2ulz
<LI><a href="#[108]">&gt;&gt;</a>&nbsp;&nbsp;&nbsp;__aeabi_ddiv
</UL>
<BR>[Called By]<UL><LI><a href="#[28f]">&gt;&gt;</a>&nbsp;&nbsp;&nbsp;_printf_core
</UL>

<P><STRONG><a name="[28f]"></a>_printf_core</STRONG> (Thumb, 1744 bytes, Stack size 136 bytes, printfa.o(i._printf_core), UNUSED)
<BR><BR>[Calls]<UL><LI><a href="#[f7]">&gt;&gt;</a>&nbsp;&nbsp;&nbsp;__aeabi_uldivmod
<LI><a href="#[29f]">&gt;&gt;</a>&nbsp;&nbsp;&nbsp;__aeabi_uidivmod
<LI><a href="#[29d]">&gt;&gt;</a>&nbsp;&nbsp;&nbsp;_printf_pre_padding
<LI><a href="#[29e]">&gt;&gt;</a>&nbsp;&nbsp;&nbsp;_printf_post_padding
<LI><a href="#[29b]">&gt;&gt;</a>&nbsp;&nbsp;&nbsp;_fp_digits
</UL>
<BR>[Called By]<UL><LI><a href="#[28e]">&gt;&gt;</a>&nbsp;&nbsp;&nbsp;__0vsnprintf
</UL>

<P><STRONG><a name="[29e]"></a>_printf_post_padding</STRONG> (Thumb, 36 bytes, Stack size 24 bytes, printfa.o(i._printf_post_padding), UNUSED)
<BR><BR>[Called By]<UL><LI><a href="#[28f]">&gt;&gt;</a>&nbsp;&nbsp;&nbsp;_printf_core
</UL>

<P><STRONG><a name="[29d]"></a>_printf_pre_padding</STRONG> (Thumb, 46 bytes, Stack size 24 bytes, printfa.o(i._printf_pre_padding), UNUSED)
<BR><BR>[Called By]<UL><LI><a href="#[28f]">&gt;&gt;</a>&nbsp;&nbsp;&nbsp;_printf_core
</UL>

<P><STRONG><a name="[f3]"></a>_snputc</STRONG> (Thumb, 22 bytes, Stack size 0 bytes, printfa.o(i._snputc))
<BR>[Address Reference Count : 1]<UL><LI> printfa.o(i.__0vsnprintf)
</UL><P>
<H3>
Undefined Global Symbols
</H3><HR></body></html>
