Component: ARM Compiler 5.06 update 6 (build 750) Tool: armlink [4d35ed]

==============================================================================

Section Cross References

    stm32f4xx_hal_rcc.o(i.HAL_RCC_ClockConfig) refers to stm32f4xx_hal.o(i.HAL_GetTick) for HAL_GetTick
    stm32f4xx_hal_rcc.o(i.HAL_RCC_ClockConfig) refers to stm32f4xx_hal_rcc.o(i.HAL_RCC_GetSysClockFreq) for HAL_RCC_GetSysClockFreq
    stm32f4xx_hal_rcc.o(i.HAL_RCC_ClockConfig) refers to stm32f4xx_hal.o(i.HAL_InitTick) for HAL_InitTick
    stm32f4xx_hal_rcc.o(i.HAL_RCC_ClockConfig) refers to stm32f4xx_hal_rcc.o(.constdata) for APBAHBPrescTable
    stm32f4xx_hal_rcc.o(i.HAL_RCC_ClockConfig) refers to system_stm32f4xx.o(.data) for SystemCoreClock
    stm32f4xx_hal_rcc.o(i.HAL_RCC_GetHCLKFreq) refers to system_stm32f4xx.o(.data) for SystemCoreClock
    stm32f4xx_hal_rcc.o(i.HAL_RCC_GetPCLK1Freq) refers to stm32f4xx_hal_rcc.o(i.HAL_RCC_GetHCLKFreq) for HAL_RCC_GetHCLKFreq
    stm32f4xx_hal_rcc.o(i.HAL_RCC_GetPCLK1Freq) refers to stm32f4xx_hal_rcc.o(.constdata) for APBAHBPrescTable
    stm32f4xx_hal_rcc.o(i.HAL_RCC_GetPCLK2Freq) refers to stm32f4xx_hal_rcc.o(i.HAL_RCC_GetHCLKFreq) for HAL_RCC_GetHCLKFreq
    stm32f4xx_hal_rcc.o(i.HAL_RCC_GetPCLK2Freq) refers to stm32f4xx_hal_rcc.o(.constdata) for APBAHBPrescTable
    stm32f4xx_hal_rcc.o(i.HAL_RCC_MCOConfig) refers to stm32f4xx_hal_gpio.o(i.HAL_GPIO_Init) for HAL_GPIO_Init
    stm32f4xx_hal_rcc.o(i.HAL_RCC_NMI_IRQHandler) refers to stm32f4xx_hal_rcc.o(i.HAL_RCC_CSSCallback) for HAL_RCC_CSSCallback
    stm32f4xx_hal_rcc.o(i.HAL_RCC_OscConfig) refers to stm32f4xx_hal.o(i.HAL_GetTick) for HAL_GetTick
    stm32f4xx_hal_adc.o(i.ADC_DMAConvCplt) refers to stm32f4xx_hal_adc.o(i.HAL_ADC_ConvCpltCallback) for HAL_ADC_ConvCpltCallback
    stm32f4xx_hal_adc.o(i.ADC_DMAError) refers to stm32f4xx_hal_adc.o(i.HAL_ADC_ErrorCallback) for HAL_ADC_ErrorCallback
    stm32f4xx_hal_adc.o(i.ADC_DMAHalfConvCplt) refers to stm32f4xx_hal_adc.o(i.HAL_ADC_ConvHalfCpltCallback) for HAL_ADC_ConvHalfCpltCallback
    stm32f4xx_hal_adc.o(i.HAL_ADC_ConfigChannel) refers to system_stm32f4xx.o(.data) for SystemCoreClock
    stm32f4xx_hal_adc.o(i.HAL_ADC_DeInit) refers to stm32f4xx_hal_msp.o(i.HAL_ADC_MspDeInit) for HAL_ADC_MspDeInit
    stm32f4xx_hal_adc.o(i.HAL_ADC_IRQHandler) refers to stm32f4xx_hal_adc.o(i.HAL_ADC_ConvCpltCallback) for HAL_ADC_ConvCpltCallback
    stm32f4xx_hal_adc.o(i.HAL_ADC_IRQHandler) refers to stm32f4xx_hal_adc_ex.o(i.HAL_ADCEx_InjectedConvCpltCallback) for HAL_ADCEx_InjectedConvCpltCallback
    stm32f4xx_hal_adc.o(i.HAL_ADC_IRQHandler) refers to stm32f4xx_hal_adc.o(i.HAL_ADC_LevelOutOfWindowCallback) for HAL_ADC_LevelOutOfWindowCallback
    stm32f4xx_hal_adc.o(i.HAL_ADC_IRQHandler) refers to stm32f4xx_hal_adc.o(i.HAL_ADC_ErrorCallback) for HAL_ADC_ErrorCallback
    stm32f4xx_hal_adc.o(i.HAL_ADC_Init) refers to stm32f4xx_hal_msp.o(i.HAL_ADC_MspInit) for HAL_ADC_MspInit
    stm32f4xx_hal_adc.o(i.HAL_ADC_Init) refers to stm32f4xx_hal_adc.o(i.ADC_Init) for ADC_Init
    stm32f4xx_hal_adc.o(i.HAL_ADC_PollForConversion) refers to stm32f4xx_hal.o(i.HAL_GetTick) for HAL_GetTick
    stm32f4xx_hal_adc.o(i.HAL_ADC_PollForEvent) refers to stm32f4xx_hal.o(i.HAL_GetTick) for HAL_GetTick
    stm32f4xx_hal_adc.o(i.HAL_ADC_Start) refers to system_stm32f4xx.o(.data) for SystemCoreClock
    stm32f4xx_hal_adc.o(i.HAL_ADC_Start_DMA) refers to stm32f4xx_hal_dma.o(i.HAL_DMA_Start_IT) for HAL_DMA_Start_IT
    stm32f4xx_hal_adc.o(i.HAL_ADC_Start_DMA) refers to system_stm32f4xx.o(.data) for SystemCoreClock
    stm32f4xx_hal_adc.o(i.HAL_ADC_Start_DMA) refers to stm32f4xx_hal_adc.o(i.ADC_DMAConvCplt) for ADC_DMAConvCplt
    stm32f4xx_hal_adc.o(i.HAL_ADC_Start_DMA) refers to stm32f4xx_hal_adc.o(i.ADC_DMAHalfConvCplt) for ADC_DMAHalfConvCplt
    stm32f4xx_hal_adc.o(i.HAL_ADC_Start_DMA) refers to stm32f4xx_hal_adc.o(i.ADC_DMAError) for ADC_DMAError
    stm32f4xx_hal_adc.o(i.HAL_ADC_Start_IT) refers to system_stm32f4xx.o(.data) for SystemCoreClock
    stm32f4xx_hal_adc.o(i.HAL_ADC_Stop_DMA) refers to stm32f4xx_hal_dma.o(i.HAL_DMA_Abort) for HAL_DMA_Abort
    stm32f4xx_hal_rcc_ex.o(i.HAL_RCCEx_PeriphCLKConfig) refers to stm32f4xx_hal.o(i.HAL_GetTick) for HAL_GetTick
    stm32f4xx_hal_rcc_ex.o(i.HAL_RCC_DeInit) refers to system_stm32f4xx.o(.data) for SystemCoreClock
    stm32f4xx_hal_dma.o(i.DMA_CalcBaseAndBitshift) refers to stm32f4xx_hal_dma.o(.constdata) for flagBitshiftOffset
    stm32f4xx_hal_dma.o(i.HAL_DMA_Abort) refers to stm32f4xx_hal.o(i.HAL_GetTick) for HAL_GetTick
    stm32f4xx_hal_dma.o(i.HAL_DMA_DeInit) refers to stm32f4xx_hal_dma.o(i.DMA_CalcBaseAndBitshift) for DMA_CalcBaseAndBitshift
    stm32f4xx_hal_dma.o(i.HAL_DMA_IRQHandler) refers to system_stm32f4xx.o(.data) for SystemCoreClock
    stm32f4xx_hal_dma.o(i.HAL_DMA_Init) refers to stm32f4xx_hal.o(i.HAL_GetTick) for HAL_GetTick
    stm32f4xx_hal_dma.o(i.HAL_DMA_Init) refers to stm32f4xx_hal_dma.o(i.DMA_CheckFifoParam) for DMA_CheckFifoParam
[...]
    Region$$Table$$Limit                     0x0800f1a0   Number         0  anon$$obj.o(Region$$Table)
    uwTick                                   0x20000000   Data           4  stm32f4xx_hal.o(.data)
    SystemCoreClock                          0x20000004   Data           4  system_stm32f4xx.o(.data)
    pid_x_integ1                             0x20000008   Data           4  flight_control.o(.data)
    pid_y_integ1                             0x2000000c   Data           4  flight_control.o(.data)
    pid_z_integ1                             0x20000010   Data           4  flight_control.o(.data)
    pid_x_integ2                             0x20000014   Data           4  flight_control.o(.data)
    pid_y_integ2                             0x20000018   Data           4  flight_control.o(.data)
    pid_z_integ2                             0x2000001c   Data           4  flight_control.o(.data)
    pid_x_pre_error2                         0x20000020   Data           4  flight_control.o(.data)
    pid_y_pre_error2                         0x20000024   Data           4  flight_control.o(.data)
    pid_z_pre_error2                         0x20000028   Data           4  flight_control.o(.data)
    pid_x_pre_deriv                          0x2000002c   Data           4  flight_control.o(.data)
    pid_y_pre_deriv                          0x20000030   Data           4  flight_control.o(.data)
    motor_thr                                0x20000034   Data           2  flight_control.o(.data)
    dt_recip                                 0x20000038   Data           4  flight_control.o(.data)
    t1                                       0x2000003c   Data           4  rc.o(.data)
    ail_center                               0x20000040   Data           4  rc.o(.data)
    ele_center                               0x20000044   Data           4  rc.o(.data)
    rud_center                               0x20000048   Data           4  rc.o(.data)
    rc_cnt                                   0x2000004c   Data           4  rc.o(.data)
    rc_z_control_flag                        0x20000050   Data           4  rc.o(.data)
    RC_Channel_Ports                         0x20000054   Data          16  rc.o(.data)
    RC_Channel_Pins                          0x20000064   Data           8  rc.o(.data)
    rc_timeout                               0x2000006c   Data           4  rc.o(.data)
    rc_connection_flag                       0x20000070   Data           1  rc.o(.data)
    rc_flag                                  0x20000071   Data           4  rc.o(.data)
    gAIL                                     0x20000076   Data           2  rc.o(.data)
    gELE                                     0x20000078   Data           2  rc.o(.data)
    gTHR                                     0x2000007a   Data           2  rc.o(.data)
    gRUD                                     0x2000007c   Data           2  rc.o(.data)
    cnt                                      0x20000080   Data           4  rc.o(.data)
    q0                                       0x20000084   Data           4  ahrs.o(.data)
    q1                                       0x20000088   Data           4  ahrs.o(.data)
    q2                                       0x2000008c   Data           4  ahrs.o(.data)
    q3                                       0x20000090   Data           4  ahrs.o(.data)
    gx_off                                   0x20000094   Data           4  ahrs.o(.data)
    gy_off                                   0x20000098   Data           4  ahrs.o(.data)
    gz_off                                   0x2000009c   Data           4  ahrs.o(.data)
    mx_mag                                   0x200000a0   Data           4  ahrs.o(.data)
    my_mag                                   0x200000a4   Data           4  ahrs.o(.data)
    mz_mag                                   0x200000a8   Data           4  ahrs.o(.data)
    wbx                                      0x200000ac   Data           4  ahrs.o(.data)
    wby                                      0x200000b0   Data           4  ahrs.o(.data)
    wbz                                      0x200000b4   Data           4  ahrs.o(.data)
    by                                       0x200000b8   Data           4  ahrs.o(.data)
    bz                                       0x200000bc   Data           4  ahrs.o(.data)
    exInt                                    0x200000c0   Data           4  ahrs.o(.data)
    eyInt                                    0x200000c4   Data           4  ahrs.o(.data)
    ezInt                                    0x200000c8   Data           4  ahrs.o(.data)
    count                                    0x200000cc   Data           4  ahrs.o(.data)
    ahrs_init_flag                           0x200000d0   Data           4  ahrs.o(.data)
    acc_over                                 0x200000d4   Data           4  ahrs.o(.data)
    ahrs_kp                                  0x200000d8   Data           4  ahrs.o(.data)
    rc_cal_flag                              0x200000ec   Data           4  main.o(.data)
    rc_enable_motor                          0x200000f0   Data           4  main.o(.data)
    rc_cal_cnt                               0x200000f4   Data           4  main.o(.data)
    fly_ready                                0x200000f8   Data           4  main.o(.data)
    ch                                       0x200000fc   Data           1  main.o(.data)
    ch_flag                                  0x200000fd   Data           1  main.o(.data)
    tim9_event_flag                          0x20000100   Data           4  main.o(.data)
    tim9_cnt                                 0x20000104   Data           4  main.o(.data)
    tim9_cnt2                                0x20000108   Data           4  main.o(.data)
    tmp_euler_z                              0x2000010c   Data           4  main.o(.data)
    sensor_init_cali                         0x20000110   Data           4  main.o(.data)
    sensor_init_cali_count                   0x20000114   Data           4  main.o(.data)
    gyro_cali_count                          0x20000118   Data           4  main.o(.data)
    gyro_fil_coeff                           0x2000011c   Data          20  main.o(.data)
    Fly                                      0x20000130   Data           6  main.o(.data)
    Fly_offset                               0x20000136   Data           6  main.o(.data)
    Fly_origin                               0x2000013c   Data           6  main.o(.data)
    count1                                   0x20000144   Data           4  main.o(.data)
    count2                                   0x20000148   Data           4  main.o(.data)
    pre                                      0x2000014c   Data           4  main.o(.data)
    VBAT_Sense                               0x20000150   Data           4  main.o(.data)
    VBAT                                     0x20000154   Data           4  main.o(.data)
    tmp_lis2mdl                              0x20000158   Data           1  main.o(.data)
    GPIO_PORT                                0x2000015c   Data           8  steval_fcu001_v1.o(.data)
    LSM6DSL_X_ExtDrv                         0x2000019c   Data         208  lsm6dsl_acc_gyro_driver_hl.o(.data)
    LSM6DSL_G_ExtDrv                         0x2000026c   Data          60  lsm6dsl_acc_gyro_driver_hl.o(.data)
    LSM6DSL_X_Drv                            0x200002a8   Data          80  lsm6dsl_acc_gyro_driver_hl.o(.data)
    LSM6DSL_G_Drv                            0x200002f8   Data          80  lsm6dsl_acc_gyro_driver_hl.o(.data)
    LSM6DSL_Combo_Data                       0x20000348   Data           2  lsm6dsl_acc_gyro_driver_hl.o(.data)
    LIS2MDLDrv                               0x2000034c   Data          72  lis2mdl_mag_driver_hl.o(.data)
    LPS22HB_P_Drv                            0x20000394   Data          52  lps22hb_driver_hl.o(.data)
    LPS22HB_T_Drv                            0x200003c8   Data          52  lps22hb_driver_hl.o(.data)
    LPS22HB_P_ExtDrv                         0x200003fc   Data          60  lps22hb_driver_hl.o(.data)
    LPS22HB_T_ExtDrv                         0x20000438   Data          60  lps22hb_driver_hl.o(.data)
    LPS22HB_Combo_Data                       0x20000474   Data           8  lps22hb_driver_hl.o(.data)
    LSM303AGR_X_Drv                          0x2000047c   Data          80  lsm303agr_acc_driver_hl.o(.data)
    hpcd_USB_OTG_FS                          0x200004d0   Data        1008  usbd_conf.o(.bss)
    tim                                      0x200008c0   Data          20  timer.o(.bss)
    rc_acc                                   0x200008d4   Data          16  rc.o(.bss)
    rc_t_rise                                0x200008e4   Data          16  rc.o(.bss)
    rc_t_fall                                0x200008f4   Data          16  rc.o(.bss)
    rc_t                                     0x20000904   Data          16  rc.o(.bss)
    que                                      0x20000914   Data          74  rc.o(.bss)
    hadc1                                    0x20000960   Data          72  main.o(.bss)
    hspi1                                    0x200009a8   Data          88  main.o(.bss)
    hspi2                                    0x20000a00   Data          88  main.o(.bss)
    htim2                                    0x20000a58   Data          60  main.o(.bss)
    htim4                                    0x20000a94   Data          60  main.o(.bss)
    htim9                                    0x20000ad0   Data          60  main.o(.bss)
    huart1                                   0x20000b0c   Data          64  main.o(.bss)
    pid                                      0x20000b4c   Data         112  main.o(.bss)
    euler_rc                                 0x20000bbc   Data          12  main.o(.bss)
    euler_ahrs                               0x20000bc8   Data          12  main.o(.bss)
    euler_rc_fil                             0x20000bd4   Data          12  main.o(.bss)
    euler_rc_y_pre                           0x20000be0   Data          48  main.o(.bss)
    euler_rc_x_pre                           0x20000c10   Data          48  main.o(.bss)
    acc                                      0x20000c40   Data          12  main.o(.bss)
    gyro                                     0x20000c4c   Data          12  main.o(.bss)
    mag                                      0x20000c58   Data          12  main.o(.bss)
    acc_fil_int                              0x20000c64   Data          12  main.o(.bss)
    gyro_fil_int                             0x20000c70   Data          12  main.o(.bss)
    mag_fil_int                              0x20000c7c   Data          12  main.o(.bss)
    acc_fil                                  0x20000c88   Data          12  main.o(.bss)
    acc_y_pre                                0x20000c94   Data          48  main.o(.bss)
    acc_x_pre                                0x20000cc4   Data          48  main.o(.bss)
    acc_ahrs_FIFO                            0x20000cf4   Data          60  main.o(.bss)
    acc_FIFO                                 0x20000d30   Data          60  main.o(.bss)
    acc_ahrs                                 0x20000d6c   Data          12  main.o(.bss)
    gyro_fil                                 0x20000d78   Data          12  main.o(.bss)
    gyro_y_pre                               0x20000d84   Data          48  main.o(.bss)
    gyro_x_pre                               0x20000db4   Data          48  main.o(.bss)
    gyro_ahrs_FIFO                           0x20000de4   Data          60  main.o(.bss)
    gyro_FIFO                                0x20000e20   Data          60  main.o(.bss)
    gyro_ahrs                                0x20000e5c   Data          12  main.o(.bss)
    mag_fil                                  0x20000e68   Data          12  main.o(.bss)
    acc_off_calc                             0x20000e74   Data          12  main.o(.bss)
    gyro_off_calc                            0x20000e80   Data          12  main.o(.bss)
    acc_offset                               0x20000e8c   Data          12  main.o(.bss)
    gyro_offset                              0x20000e98   Data          12  main.o(.bss)
    euler_ahrs_offset                        0x20000ea4   Data          12  main.o(.bss)
    gyro_rad                                 0x20000eb0   Data          12  main.o(.bss)
    gyro_degree                              0x20000ebc   Data          12  main.o(.bss)
    gyro_cali_degree                         0x20000ec8   Data          12  main.o(.bss)
    motor_pwm                                0x20000ed4   Data          16  main.o(.bss)
    ahrs                                     0x20000ee4   Data          28  main.o(.bss)
    tmp_mag                                  0x20000f00   Data          12  main.o(.bss)
    __initial_sp                             0x20005030   Data           0  startup_stm32f401xc.o(STACK)



==============================================================================

Memory Map of the image

  Image Entry point : 0x08000195

  Load Region LR_IROM1 (Base: 0x08000000, Size: 0x0000f670, Max: 0x00040000, ABSOLUTE, COMPRESSED[0x0000f414])

    Execution Region ER_IROM1 (Exec base: 0x08000000, Load base: 0x08000000, Size: 0x0000f1a0, Max: 0x00040000, ABSOLUTE)

    Exec Addr    Load Addr    Size         Type   Attr      Idx    E Section Name        Object

    0x08000000   0x08000000   0x00000194   Data   RO         4641    RESET               startup_stm32f401xc.o
    0x08000194   0x08000194   0x00000000   Code   RO        12241  * .ARM.Collect$$$$00000000  mc_w.l(entry.o)
    0x08000194   0x08000194   0x00000004   Code   RO        12389    .ARM.Collect$$$$00000001  mc_w.l(entry2.o)
    0x08000198   0x08000198   0x00000004   Code   RO        12392    .ARM.Collect$$$$00000004  mc_w.l(entry5.o)
    0x0800019c   0x0800019c   0x00000000   Code   RO        12394    .ARM.Collect$$$$00000008  mc_w.l(entry7b.o)
    0x0800019c   0x0800019c   0x00000000   Code   RO        12396    .ARM.Collect$$$$0000000A  mc_w.l(entry8b.o)
    0x0800019c   0x0800019c   0x00000008   Code   RO        12397    .ARM.Collect$$$$0000000B  mc_w.l(entry9a.o)
    0x080001a4   0x080001a4   0x00000000   Code   RO        12399    .ARM.Collect$$$$0000000D  mc_w.l(entry10a.o)
    0x080001a4   0x080001a4   0x00000000   Code   RO        12401    .ARM.Collect$$$$0000000F  mc_w.l(entry11a.o)
    0x080001a4   0x080001a4   0x00000004   Code   RO        12390    .ARM.Collect$$$$00002712  mc_w.l(entry2.o)
    0x080001a8   0x080001a8   0x00000024   Code   RO         4642    .text               startup_stm32f401xc.o
    0x080001cc   0x080001cc   0x00000062   Code   RO        12244    .text               mc_w.l(ldiv.o)
    0x0800022e   0x0800022e   0x00000024   Code   RO        12248    .text               mc_w.l(memseta.o)
    0x08000252   0x08000252   0x0000014e   Code   RO        12308    .text               mf_w.l(dadd.o)
    0x080003a0   0x080003a0   0x000000e4   Code   RO        12310    .text               mf_w.l(dmul.o)
    0x08000484   0x08000484   0x00000022   Code   RO        12312    .text               mf_w.l(dflti.o)
    0x080004a6   0x080004a6   0x0000003e   Code   RO        12314    .text               mf_w.l(dfixi.o)
    0x080004e4   0x080004e4   0x00000026   Code   RO        12316    .text               mf_w.l(f2d.o)
    0x0800050a   0x0800050a   0x00000002   PAD
    0x0800050c   0x0800050c   0x00000030   Code   RO        12318    .text               mf_w.l(cdcmple.o)
    0x0800053c   0x0800053c   0x00000030   Code   RO        12320    .text               mf_w.l(cdrcmple.o)
    0x0800056c   0x0800056c   0x00000038   Code   RO        12322    .text               mf_w.l(d2f.o)
    0x080005a4   0x080005a4   0x0000002c   Code   RO        12406    .text               mc_w.l(uidiv.o)
    0x080005d0   0x080005d0   0x00000062   Code   RO        12408    .text               mc_w.l(uldiv.o)
    0x08000632   0x08000632   0x0000001e   Code   RO        12410    .text               mc_w.l(llshl.o)
    0x08000650   0x08000650   0x00000020   Code   RO        12412    .text               mc_w.l(llushr.o)
    0x08000670   0x08000670   0x00000024   Code   RO        12414    .text               mc_w.l(llsshr.o)
    0x08000694   0x08000694   0x00000000   Code   RO        12425    .text               mc_w.l(iusefp.o)
    0x08000694   0x08000694   0x0000006e   Code   RO        12426    .text               mf_w.l(fepilogue.o)
    0x08000702   0x08000702   0x000000ba   Code   RO        12428    .text               mf_w.l(depilogue.o)
    0x080007bc   0x080007bc   0x000000de   Code   RO        12430    .text               mf_w.l(ddiv.o)
    0x0800089a   0x0800089a   0x00000030   Code   RO        12434    .text               mf_w.l(dfixul.o)
    0x080008ca   0x080008ca   0x00000002   PAD
    0x080008cc   0x080008cc   0x00000024   Code   RO        12436    .text               mc_w.l(init.o)
    0x080008f0   0x080008f0   0x000000a2   Code   RO        12440    .text               mf_w.l(dsqrt.o)
    0x08000992   0x08000992   0x00000056   Code   RO        12452    .text               mc_w.l(__dczerorl2.o)
    0x080009e8   0x080009e8   0x00000178   Code   RO          229    i.ADC_Init          stm32f4xx_hal_adc.o
    0x08000b60   0x08000b60   0x00000036   Code   RO         4828    i.BSP_ACCELERO_Get_Axes  steval_fcu001_v1_accelero.o
    0x08000b96   0x08000b96   0x00000052   Code   RO         4844    i.BSP_ACCELERO_Init  steval_fcu001_v1_accelero.o
    0x08000be8   0x08000be8   0x0000003a   Code   RO         4848    i.BSP_ACCELERO_Read_Reg  steval_fcu001_v1_accelero.o
    0x08000c22   0x08000c22   0x00000028   Code   RO         4851    i.BSP_ACCELERO_Sensor_Enable  steval_fcu001_v1_accelero.o
    0x08000c4a   0x08000c4a   0x00000030   Code   RO         4853    i.BSP_ACCELERO_Set_FS  steval_fcu001_v1_accelero.o
    0x08000c7a   0x08000c7a   0x00000038   Code   RO         4858    i.BSP_ACCELERO_Set_ODR_Value  steval_fcu001_v1_accelero.o
    0x08000cb2   0x08000cb2   0x00000034   Code   RO         4866    i.BSP_ACCELERO_Write_Reg  steval_fcu001_v1_accelero.o
    0x08000ce6   0x08000ce6   0x00000036   Code   RO         5295    i.BSP_GYRO_Get_Axes  steval_fcu001_v1_gyro.o
    0x08000d1c   0x08000d1c   0x00000036   Code   RO         5304    i.BSP_GYRO_Init     steval_fcu001_v1_gyro.o
    0x08000d52   0x08000d52   0x00000028   Code   RO         5310    i.BSP_GYRO_Sensor_Enable  steval_fcu001_v1_gyro.o
    0x08000d7a   0x08000d7a   0x00000034   Code   RO         5318    i.BSP_GYRO_Write_Reg  steval_fcu001_v1_gyro.o
    0x08000dae   0x08000dae   0x00000002   PAD
    0x08000db0   0x08000db0   0x00000080   Code   RO         4651    i.BSP_LED_Init      steval_fcu001_v1.o
    0x08000e30   0x08000e30   0x00000024   Code   RO         4652    i.BSP_LED_Off       steval_fcu001_v1.o
    0x08000e54   0x08000e54   0x00000024   Code   RO         4653    i.BSP_LED_On        steval_fcu001_v1.o
    0x08000e78   0x08000e78   0x00000020   Code   RO         4654    i.BSP_LED_Toggle    steval_fcu001_v1.o
    0x08000e98   0x08000e98   0x0000008c   Code   RO         5540    i.BSP_LIS2MDL_MAGNETO_Init  steval_fcu001_v1_magneto.o
    0x08000f24   0x08000f24   0x000000fc   Code   RO         5701    i.BSP_LPS22HB_PRESSURE_Init  steval_fcu001_v1_pressure.o
    0x08001020   0x08001020   0x000000a0   Code   RO         4867    i.BSP_LSM303AGR_ACCELERO_Init  steval_fcu001_v1_accelero.o
    0x080010c0   0x080010c0   0x000000d8   Code   RO         4868    i.BSP_LSM6DSL_ACCELERO_Init  steval_fcu001_v1_accelero.o
    0x08001198   0x08001198   0x000000d0   Code   RO         5319    i.BSP_LSM6DSL_GYRO_Init  steval_fcu001_v1_gyro.o
    0x08001268   0x08001268   0x00000036   Code   RO         5551    i.BSP_MAGNETO_Init  steval_fcu001_v1_magneto.o
    0x0800129e   0x0800129e   0x00000028   Code   RO         5557    i.BSP_MAGNETO_Sensor_Enable  steval_fcu001_v1_magneto.o
    0x080012c6   0x080012c6   0x00000034   Code   RO         5562    i.BSP_MAGNETO_Write_Reg  steval_fcu001_v1_magneto.o
    0x080012fa   0x080012fa   0x00000036   Code   RO         5718    i.BSP_PRESSURE_Get_Press  steval_fcu001_v1_pressure.o
    0x08001330   0x08001330   0x00000036   Code   RO         5720    i.BSP_PRESSURE_Init  steval_fcu001_v1_pressure.o
    0x08001366   0x08001366   0x00000028   Code   RO         5726    i.BSP_PRESSURE_Sensor_Enable  steval_fcu001_v1_pressure.o
    0x0800138e   0x0800138e   0x00000006   Code   RO         4008    i.ClearTimer        timer.o
    0x08001394   0x08001394   0x000001b0   Code   RO         3836    i.FlightControlPID_OuterLoop  flight_control.o
    0x08001544   0x08001544   0x00000430   Code   RO         3837    i.FlightControlPID_innerLoop  flight_control.o
    0x08001974   0x08001974   0x00000148   Code   RO         4071    i.GetTargetEulerAngle  rc.o
    0x08001abc   0x08001abc   0x00000194   Code   RO          231    i.HAL_ADC_ConfigChannel  stm32f4xx_hal_adc.o
    0x08001c50   0x08001c50   0x00000068   Code   RO          240    i.HAL_ADC_Init      stm32f4xx_hal_adc.o
    0x08001cb8   0x08001cb8   0x00000054   Code   RO         3937    i.HAL_ADC_MspInit   stm32f4xx_hal_msp.o
    0x08001d0c   0x08001d0c   0x00000028   Code   RO          466    i.HAL_DMA_Abort_IT  stm32f4xx_hal_dma.o
    0x08001d34   0x08001d34   0x0000001a   Code   RO         1078    i.HAL_Delay         stm32f4xx_hal.o
    0x08001d4e   0x08001d4e   0x00000002   PAD
    0x08001d50   0x08001d50   0x000001d4   Code   RO         2367    i.HAL_GPIO_Init     stm32f4xx_hal_gpio.o
    0x08001f24   0x08001f24   0x00000010   Code   RO         2369    i.HAL_GPIO_ReadPin  stm32f4xx_hal_gpio.o
    0x08001f34   0x08001f34   0x00000008   Code   RO         2370    i.HAL_GPIO_TogglePin  stm32f4xx_hal_gpio.o
    0x08001f3c   0x08001f3c   0x0000000c   Code   RO         2371    i.HAL_GPIO_WritePin  stm32f4xx_hal_gpio.o
    0x08001f48   0x08001f48   0x0000000c   Code   RO         1084    i.HAL_GetTick       stm32f4xx_hal.o
    0x08001f54   0x08001f54   0x00000010   Code   RO         1085    i.HAL_IncTick       stm32f4xx_hal.o
    0x08001f64   0x08001f64   0x0000003c   Code   RO         1086    i.HAL_Init          stm32f4xx_hal.o
    0x08001fa0   0x08001fa0   0x00000028   Code   RO         1087    i.HAL_InitTick      stm32f4xx_hal.o
    0x08001fc8   0x08001fc8   0x00000014   Code   RO         3938    i.HAL_MspInit       stm32f4xx_hal_msp.o
    0x08001fdc   0x08001fdc   0x0000001a   Code   RO         1982    i.HAL_NVIC_EnableIRQ  stm32f4xx_hal_cortex.o
    0x08001ff6   0x08001ff6   0x0000007c   Code   RO         1988    i.HAL_NVIC_SetPriority  stm32f4xx_hal_cortex.o
    0x08002072   0x08002072   0x00000002   PAD
    0x08002074   0x08002074   0x00000028   Code   RO         1989    i.HAL_NVIC_SetPriorityGrouping  stm32f4xx_hal_cortex.o
    0x0800209c   0x0800209c   0x0000000e   Code   RO         3558    i.HAL_PCD_ConnectCallback  usbd_conf.o
    0x080020aa   0x080020aa   0x00000020   Code   RO         3559    i.HAL_PCD_DataInStageCallback  usbd_conf.o
    0x080020ca   0x080020ca   0x00000020   Code   RO         3560    i.HAL_PCD_DataOutStageCallback  usbd_conf.o
    0x080020ea   0x080020ea   0x0000000e   Code   RO         3561    i.HAL_PCD_DisconnectCallback  usbd_conf.o
    0x080020f8   0x080020f8   0x00000068   Code   RO          866    i.HAL_PCD_EP_ClrStall  stm32f4xx_hal_pcd.o
    0x08002160   0x08002160   0x0000008c   Code   RO          869    i.HAL_PCD_EP_Open   stm32f4xx_hal_pcd.o
    0x080021ec   0x080021ec   0x00000078   Code   RO          870    i.HAL_PCD_EP_Receive  stm32f4xx_hal_pcd.o
    0x08002264   0x08002264   0x0000007a   Code   RO          871    i.HAL_PCD_EP_SetStall  stm32f4xx_hal_pcd.o
    0x080022de   0x080022de   0x0000007a   Code   RO          872    i.HAL_PCD_EP_Transmit  stm32f4xx_hal_pcd.o
    0x08002358   0x08002358   0x0000068c   Code   RO          874    i.HAL_PCD_IRQHandler  stm32f4xx_hal_pcd.o
    0x080029e4   0x080029e4   0x00000012   Code   RO         3562    i.HAL_PCD_ISOINIncompleteCallback  usbd_conf.o
    0x080029f6   0x080029f6   0x00000012   Code   RO         3563    i.HAL_PCD_ISOOUTIncompleteCallback  usbd_conf.o
    0x08002a08   0x08002a08   0x00000032   Code   RO         3566    i.HAL_PCD_ResetCallback  usbd_conf.o
    0x08002a3a   0x08002a3a   0x0000000e   Code   RO         3567    i.HAL_PCD_ResumeCallback  usbd_conf.o
    0x08002a48   0x08002a48   0x0000000e   Code   RO         3568    i.HAL_PCD_SOFCallback  usbd_conf.o
    0x08002a56   0x08002a56   0x00000032   Code   RO          883    i.HAL_PCD_SetAddress  stm32f4xx_hal_pcd.o
    0x08002a88   0x08002a88   0x00000012   Code   RO         3569    i.HAL_PCD_SetupStageCallback  usbd_conf.o
    0x08002a9a   0x08002a9a   0x00000002   PAD
    0x08002a9c   0x08002a9c   0x00000034   Code   RO         3570    i.HAL_PCD_SuspendCallback  usbd_conf.o
    0x08002ad0   0x08002ad0   0x000001d0   Code   RO            5    i.HAL_RCC_ClockConfig  stm32f4xx_hal_rcc.o
    0x08002ca0   0x08002ca0   0x0000000c   Code   RO           10    i.HAL_RCC_GetHCLKFreq  stm32f4xx_hal_rcc.o
    0x08002cac   0x08002cac   0x0000002c   Code   RO           12    i.HAL_RCC_GetPCLK1Freq  stm32f4xx_hal_rcc.o
    0x08002cd8   0x08002cd8   0x0000002c   Code   RO           13    i.HAL_RCC_GetPCLK2Freq  stm32f4xx_hal_rcc.o
    0x08002d04   0x08002d04   0x000000b0   Code   RO           14    i.HAL_RCC_GetSysClockFreq  stm32f4xx_hal_rcc.o
    0x08002db4   0x08002db4   0x0000044c   Code   RO           17    i.HAL_RCC_OscConfig  stm32f4xx_hal_rcc.o
    0x08003200   0x08003200   0x00000002   Code   RO         2475    i.HAL_SPI_ErrorCallback  stm32f4xx_hal_spi.o
    0x08003202   0x08003202   0x00000008   Code   RO         2477    i.HAL_SPI_GetState  stm32f4xx_hal_spi.o
    0x0800320a   0x0800320a   0x00000002   PAD
    0x0800320c   0x0800320c   0x00000138   Code   RO         2478    i.HAL_SPI_IRQHandler  stm32f4xx_hal_spi.o
    0x08003344   0x08003344   0x0000008c   Code   RO         2479    i.HAL_SPI_Init      stm32f4xx_hal_spi.o
    0x080033d0   0x080033d0   0x00000070   Code   RO         3940    i.HAL_SPI_MspInit   stm32f4xx_hal_msp.o
    0x08003440   0x08003440   0x00000028   Code   RO         1991    i.HAL_SYSTICK_CLKSourceConfig  stm32f4xx_hal_cortex.o
    0x08003468   0x08003468   0x00000044   Code   RO         4072    i.HAL_SYSTICK_Callback  rc.o
    0x080034ac   0x080034ac   0x00000034   Code   RO         1993    i.HAL_SYSTICK_Config  stm32f4xx_hal_cortex.o
    0x080034e0   0x080034e0   0x00000008   Code   RO         1994    i.HAL_SYSTICK_IRQHandler  stm32f4xx_hal_cortex.o
    0x080034e8   0x080034e8   0x00000002   Code   RO         2125    i.HAL_TIMEx_BreakCallback  stm32f4xx_hal_tim_ex.o
    0x080034ea   0x080034ea   0x00000002   Code   RO         2126    i.HAL_TIMEx_CommutationCallback  stm32f4xx_hal_tim_ex.o
    0x080034ec   0x080034ec   0x00000062   Code   RO         2142    i.HAL_TIMEx_MasterConfigSynchronization  stm32f4xx_hal_tim_ex.o
    0x0800354e   0x0800354e   0x00000034   Code   RO         1220    i.HAL_TIM_Base_Init  stm32f4xx_hal_tim.o
    0x08003582   0x08003582   0x00000002   PAD
    0x08003584   0x08003584   0x000000f4   Code   RO         3942    i.HAL_TIM_Base_MspInit  stm32f4xx_hal_msp.o
    0x08003678   0x08003678   0x0000001e   Code   RO         1225    i.HAL_TIM_Base_Start_IT  stm32f4xx_hal_tim.o
    0x08003696   0x08003696   0x00000132   Code   RO         1229    i.HAL_TIM_ConfigClockSource  stm32f4xx_hal_tim.o
    0x080037c8   0x080037c8   0x00000100   Code   RO         4073    i.HAL_TIM_IC_CaptureCallback  rc.o
    0x080038c8   0x080038c8   0x000000e0   Code   RO         1250    i.HAL_TIM_IC_ConfigChannel  stm32f4xx_hal_tim.o
    0x080039a8   0x080039a8   0x00000034   Code   RO         1253    i.HAL_TIM_IC_Init   stm32f4xx_hal_tim.o
    0x080039dc   0x080039dc   0x00000002   Code   RO         1255    i.HAL_TIM_IC_MspInit  stm32f4xx_hal_tim.o
    0x080039de   0x080039de   0x0000006c   Code   RO         1258    i.HAL_TIM_IC_Start_IT  stm32f4xx_hal_tim.o
    0x08003a4a   0x08003a4a   0x00000196   Code   RO         1262    i.HAL_TIM_IRQHandler  stm32f4xx_hal_tim.o
    0x08003be0   0x08003be0   0x00000002   Code   RO         1265    i.HAL_TIM_OC_DelayElapsedCallback  stm32f4xx_hal_tim.o
    0x08003be2   0x08003be2   0x00000108   Code   RO         1286    i.HAL_TIM_PWM_ConfigChannel  stm32f4xx_hal_tim.o
    0x08003cea   0x08003cea   0x00000034   Code   RO         1289    i.HAL_TIM_PWM_Init  stm32f4xx_hal_tim.o
    0x08003d1e   0x08003d1e   0x00000002   Code   RO         1291    i.HAL_TIM_PWM_MspInit  stm32f4xx_hal_tim.o
    0x08003d20   0x08003d20   0x00000002   Code   RO         1292    i.HAL_TIM_PWM_PulseFinishedCallback  stm32f4xx_hal_tim.o
    0x08003d22   0x08003d22   0x00000002   PAD
    0x08003d24   0x08003d24   0x00000040   Code   RO         1293    i.HAL_TIM_PWM_Start  stm32f4xx_hal_tim.o
    0x08003d64   0x08003d64   0x0000090c   Code   RO         4178    i.HAL_TIM_PeriodElapsedCallback  main.o
    0x08004670   0x08004670   0x00000002   Code   RO         1303    i.HAL_TIM_TriggerCallback  stm32f4xx_hal_tim.o
    0x08004672   0x08004672   0x00000002   Code   RO         3211    i.HAL_UART_ErrorCallback  stm32f4xx_hal_uart.o
    0x08004674   0x08004674   0x0000014c   Code   RO         3214    i.HAL_UART_IRQHandler  stm32f4xx_hal_uart.o
    0x080047c0   0x080047c0   0x00000072   Code   RO         3215    i.HAL_UART_Init     stm32f4xx_hal_uart.o
    0x08004832   0x08004832   0x00000002   PAD
    0x08004834   0x08004834   0x0000006c   Code   RO         3944    i.HAL_UART_MspInit  stm32f4xx_hal_msp.o
    0x080048a0   0x080048a0   0x00000002   Code   RO         3221    i.HAL_UART_RxCpltCallback  stm32f4xx_hal_uart.o
    0x080048a2   0x080048a2   0x000000d6   Code   RO         3223    i.HAL_UART_Transmit  stm32f4xx_hal_uart.o
    0x08004978   0x08004978   0x00000002   Code   RO         3226    i.HAL_UART_TxCpltCallback  stm32f4xx_hal_uart.o
    0x0800497a   0x0800497a   0x00000028   Code   RO         6837    i.LIS2MDL_Check_WhoAmI  lis2mdl_mag_driver_hl.o
    0x080049a2   0x080049a2   0x00000024   Code   RO         6838    i.LIS2MDL_DeInit    lis2mdl_mag_driver_hl.o
    0x080049c6   0x080049c6   0x00000002   PAD
    0x080049c8   0x080049c8   0x00000088   Code   RO         6839    i.LIS2MDL_Get_Axes  lis2mdl_mag_driver_hl.o
    0x08004a50   0x08004a50   0x0000002a   Code   RO         6840    i.LIS2MDL_Get_AxesRaw  lis2mdl_mag_driver_hl.o
    0x08004a7a   0x08004a7a   0x0000002c   Code   RO         6841    i.LIS2MDL_Get_Axes_Raw  lis2mdl_mag_driver_hl.o
    0x08004aa6   0x08004aa6   0x0000004a   Code   RO         6842    i.LIS2MDL_Get_DRDY_Status  lis2mdl_mag_driver_hl.o
    0x08004af0   0x08004af0   0x00000014   Code   RO         6843    i.LIS2MDL_Get_FS    lis2mdl_mag_driver_hl.o
    0x08004b04   0x08004b04   0x0000006c   Code   RO         6844    i.LIS2MDL_Get_ODR   lis2mdl_mag_driver_hl.o
    0x08004b70   0x08004b70   0x0000000e   Code   RO         6845    i.LIS2MDL_Get_Sensitivity  lis2mdl_mag_driver_hl.o
    0x08004b7e   0x08004b7e   0x00000018   Code   RO         6846    i.LIS2MDL_Get_WhoAmI  lis2mdl_mag_driver_hl.o
    0x08004b96   0x08004b96   0x0000005e   Code   RO         6847    i.LIS2MDL_Init      lis2mdl_mag_driver_hl.o
    0x08004bf4   0x08004bf4   0x00000046   Code   RO         6946    i.LIS2MDL_MAG_Get_MagneticOutputs  lis2mdl_mag_driver.o
    0x08004c3a   0x08004c3a   0x00000024   Code   RO         6949    i.LIS2MDL_MAG_R_DataRate  lis2mdl_mag_driver.o
    0x08004c5e   0x08004c5e   0x00000020   Code   RO         6969    i.LIS2MDL_MAG_R_STATUS_bits  lis2mdl_mag_driver.o
    0x08004c7e   0x08004c7e   0x00000024   Code   RO         6973    i.LIS2MDL_MAG_R_WhoAmI_Bits  lis2mdl_mag_driver.o
    0x08004ca2   0x08004ca2   0x00000024   Code   RO         6974    i.LIS2MDL_MAG_ReadReg  lis2mdl_mag_driver.o
    0x08004cc6   0x08004cc6   0x00000040   Code   RO         6978    i.LIS2MDL_MAG_W_BlockDataUpdate  lis2mdl_mag_driver.o
    0x08004d06   0x08004d06   0x00000040   Code   RO         6979    i.LIS2MDL_MAG_W_DataRate  lis2mdl_mag_driver.o
    0x08004d46   0x08004d46   0x00000040   Code   RO         6992    i.LIS2MDL_MAG_W_Operating_Mode  lis2mdl_mag_driver.o
    0x08004d86   0x08004d86   0x00000040   Code   RO         6998    i.LIS2MDL_MAG_W_SelfTest  lis2mdl_mag_driver.o
    0x08004dc6   0x08004dc6   0x00000024   Code   RO         7001    i.LIS2MDL_MAG_WriteReg  lis2mdl_mag_driver.o
    0x08004dea   0x08004dea   0x0000001e   Code   RO         6848    i.LIS2MDL_Read_Reg  lis2mdl_mag_driver_hl.o
    0x08004e08   0x08004e08   0x00000022   Code   RO         6849    i.LIS2MDL_Sensor_Disable  lis2mdl_mag_driver_hl.o
    0x08004e2a   0x08004e2a   0x00000024   Code   RO         6850    i.LIS2MDL_Sensor_Enable  lis2mdl_mag_driver_hl.o
    0x08004e4e   0x08004e4e   0x00000006   Code   RO         6851    i.LIS2MDL_Set_FS    lis2mdl_mag_driver_hl.o
    0x08004e54   0x08004e54   0x00000006   Code   RO         6852    i.LIS2MDL_Set_FS_Value  lis2mdl_mag_driver_hl.o
    0x08004e5a   0x08004e5a   0x00000040   Code   RO         6853    i.LIS2MDL_Set_ODR   lis2mdl_mag_driver_hl.o
    0x08004e9a   0x08004e9a   0x00000002   PAD
    0x08004e9c   0x08004e9c   0x00000060   Code   RO         6854    i.LIS2MDL_Set_ODR_Value  lis2mdl_mag_driver_hl.o
    0x08004efc   0x08004efc   0x0000001c   Code   RO         6855    i.LIS2MDL_Write_Reg  lis2mdl_mag_driver_hl.o
    0x08004f18   0x08004f18   0x00000028   Code   RO         7769    i.LPS22HB_Check_WhoAmI  lps22hb_driver_hl.o
    0x08004f40   0x08004f40   0x00000028   Code   RO         7770    i.LPS22HB_FIFO_Get_Data  lps22hb_driver_hl.o
    0x08004f68   0x08004f68   0x0000001e   Code   RO         7771    i.LPS22HB_FIFO_Get_Empty_Status  lps22hb_driver_hl.o
    0x08004f86   0x08004f86   0x0000001e   Code   RO         7772    i.LPS22HB_FIFO_Get_Fth_Status  lps22hb_driver_hl.o
    0x08004fa4   0x08004fa4   0x0000001e   Code   RO         7773    i.LPS22HB_FIFO_Get_Full_Status  lps22hb_driver_hl.o
    0x08004fc2   0x08004fc2   0x0000001e   Code   RO         7774    i.LPS22HB_FIFO_Get_Mode  lps22hb_driver_hl.o
    0x08004fe0   0x08004fe0   0x0000001e   Code   RO         7775    i.LPS22HB_FIFO_Get_Num_Of_Samples  lps22hb_driver_hl.o
    0x08004ffe   0x08004ffe   0x0000001e   Code   RO         7776    i.LPS22HB_FIFO_Get_Ovr_Status  lps22hb_driver_hl.o
    0x0800501c   0x0800501c   0x00000018   Code   RO         7777    i.LPS22HB_FIFO_Get_Watermark_Level  lps22hb_driver_hl.o
    0x08005034   0x08005034   0x0000004c   Code   RO         7778    i.LPS22HB_FIFO_Reset_Interrupt  lps22hb_driver_hl.o
    0x08005080   0x08005080   0x0000004c   Code   RO         7779    i.LPS22HB_FIFO_Set_Interrupt  lps22hb_driver_hl.o
    0x080050cc   0x080050cc   0x00000046   Code   RO         7780    i.LPS22HB_FIFO_Set_Mode  lps22hb_driver_hl.o
    0x08005112   0x08005112   0x00000018   Code   RO         7781    i.LPS22HB_FIFO_Set_Watermark_Level  lps22hb_driver_hl.o
    0x0800512a   0x0800512a   0x0000002a   Code   RO         7782    i.LPS22HB_FIFO_Stop_On_Fth  lps22hb_driver_hl.o
    0x08005154   0x08005154   0x0000002a   Code   RO         7783    i.LPS22HB_FIFO_Usage  lps22hb_driver_hl.o
    0x0800517e   0x0800517e   0x0000002a   Code   RO         7784    i.LPS22HB_FIFO_Watermark_Usage  lps22hb_driver_hl.o
    0x080051a8   0x080051a8   0x00000044   Code   RO         9322    i.LPS22HB_Get_DataStatus  lps22hb_driver.o
    0x080051ec   0x080051ec   0x0000001c   Code   RO         9323    i.LPS22HB_Get_DeviceID  lps22hb_driver.o
    0x08005208   0x08005208   0x0000002c   Code   RO         9326    i.LPS22HB_Get_FifoMode  lps22hb_driver.o
    0x08005234   0x08005234   0x00000056   Code   RO         9327    i.LPS22HB_Get_FifoStatus  lps22hb_driver.o
    0x0800528a   0x0800528a   0x00000024   Code   RO         9328    i.LPS22HB_Get_FifoWatermarkLevel  lps22hb_driver.o
    0x080052ae   0x080052ae   0x00000002   PAD
    0x080052b0   0x080052b0   0x00000090   Code   RO         7785    i.LPS22HB_Get_ODR   lps22hb_driver_hl.o
    0x08005340   0x08005340   0x00000026   Code   RO         9334    i.LPS22HB_Get_Odr   lps22hb_driver.o
    0x08005366   0x08005366   0x00000002   PAD
    0x08005368   0x08005368   0x00000034   Code   RO         7786    i.LPS22HB_Get_Press  lps22hb_driver_hl.o
    0x0800539c   0x0800539c   0x0000002a   Code   RO         9336    i.LPS22HB_Get_Pressure  lps22hb_driver.o
    0x080053c6   0x080053c6   0x00000040   Code   RO         9339    i.LPS22HB_Get_RawPressure  lps22hb_driver.o
    0x08005406   0x08005406   0x0000002e   Code   RO         9340    i.LPS22HB_Get_RawTemperature  lps22hb_driver.o
    0x08005434   0x08005434   0x00000034   Code   RO         7787    i.LPS22HB_Get_Temp  lps22hb_driver_hl.o
    0x08005468   0x08005468   0x0000002c   Code   RO         9343    i.LPS22HB_Get_Temperature  lps22hb_driver.o
    0x08005494   0x08005494   0x00000018   Code   RO         7788    i.LPS22HB_Get_WhoAmI  lps22hb_driver_hl.o
    0x080054ac   0x080054ac   0x0000008e   Code   RO         7789    i.LPS22HB_Initialize  lps22hb_driver_hl.o
    0x0800553a   0x0800553a   0x0000000c   Code   RO         7790    i.LPS22HB_P_Check_WhoAmI  lps22hb_driver_hl.o
    0x08005546   0x08005546   0x00000024   Code   RO         7791    i.LPS22HB_P_DeInit  lps22hb_driver_hl.o
    0x0800556a   0x0800556a   0x0000001e   Code   RO         7792    i.LPS22HB_P_Get_DRDY_Status  lps22hb_driver_hl.o
    0x08005588   0x08005588   0x00000010   Code   RO         7793    i.LPS22HB_P_Get_ODR  lps22hb_driver_hl.o
    0x08005598   0x08005598   0x00000010   Code   RO         7794    i.LPS22HB_P_Get_Press  lps22hb_driver_hl.o
    0x080055a8   0x080055a8   0x00000010   Code   RO         7795    i.LPS22HB_P_Get_WhoAmI  lps22hb_driver_hl.o
    0x080055b8   0x080055b8   0x00000026   Code   RO         7796    i.LPS22HB_P_Init    lps22hb_driver_hl.o
    0x080055de   0x080055de   0x0000001c   Code   RO         7797    i.LPS22HB_P_Read_Reg  lps22hb_driver_hl.o
    0x080055fa   0x080055fa   0x0000002e   Code   RO         7798    i.LPS22HB_P_Sensor_Disable  lps22hb_driver_hl.o
    0x08005628   0x08005628   0x00000034   Code   RO         7799    i.LPS22HB_P_Sensor_Enable  lps22hb_driver_hl.o
    0x0800565c   0x0800565c   0x00000036   Code   RO         7800    i.LPS22HB_P_Set_ODR  lps22hb_driver_hl.o
    0x08005692   0x08005692   0x00000044   Code   RO         7801    i.LPS22HB_P_Set_ODR_Value  lps22hb_driver_hl.o
    0x080056d6   0x080056d6   0x0000001c   Code   RO         7802    i.LPS22HB_P_Write_Reg  lps22hb_driver_hl.o
    0x080056f2   0x080056f2   0x00000032   Code   RO         9348    i.LPS22HB_ReadReg   lps22hb_driver.o
    0x08005724   0x08005724   0x0000001e   Code   RO         7803    i.LPS22HB_Read_Reg  lps22hb_driver_hl.o
    0x08005742   0x08005742   0x00000044   Code   RO         9353    i.LPS22HB_Set_AutomaticIncrementRegAddress  lps22hb_driver.o
    0x08005786   0x08005786   0x00000040   Code   RO         9354    i.LPS22HB_Set_Bdu   lps22hb_driver.o
    0x080057c6   0x080057c6   0x00000044   Code   RO         9357    i.LPS22HB_Set_FIFO_FTH_Interrupt  lps22hb_driver.o
    0x0800580a   0x0800580a   0x00000044   Code   RO         9358    i.LPS22HB_Set_FIFO_FULL_Interrupt  lps22hb_driver.o
    0x0800584e   0x0800584e   0x00000044   Code   RO         9359    i.LPS22HB_Set_FIFO_OVR_Interrupt  lps22hb_driver.o
    0x08005892   0x08005892   0x00000040   Code   RO         9361    i.LPS22HB_Set_FifoMode  lps22hb_driver.o
    0x080058d2   0x080058d2   0x00000044   Code   RO         9362    i.LPS22HB_Set_FifoModeUse  lps22hb_driver.o
    0x08005916   0x08005916   0x00000040   Code   RO         9363    i.LPS22HB_Set_FifoWatermarkLevel  lps22hb_driver.o
    0x08005956   0x08005956   0x00000044   Code   RO         9364    i.LPS22HB_Set_FifoWatermarkLevelUse  lps22hb_driver.o
    0x0800599a   0x0800599a   0x00000046   Code   RO         9366    i.LPS22HB_Set_I2C   lps22hb_driver.o
    0x080059e0   0x080059e0   0x00000044   Code   RO         9372    i.LPS22HB_Set_LowPassFilter  lps22hb_driver.o
    0x08005a24   0x08005a24   0x00000040   Code   RO         9373    i.LPS22HB_Set_LowPassFilterCutoff  lps22hb_driver.o
    0x08005a64   0x08005a64   0x00000068   Code   RO         7804    i.LPS22HB_Set_ODR_Value_When_Disabled  lps22hb_driver_hl.o
    0x08005acc   0x08005acc   0x00000084   Code   RO         7805    i.LPS22HB_Set_ODR_Value_When_Enabled  lps22hb_driver_hl.o
    0x08005b50   0x08005b50   0x00000054   Code   RO         7806    i.LPS22HB_Set_ODR_When_Disabled  lps22hb_driver_hl.o
    0x08005ba4   0x08005ba4   0x00000054   Code   RO         7807    i.LPS22HB_Set_ODR_When_Enabled  lps22hb_driver_hl.o
    0x08005bf8   0x08005bf8   0x00000040   Code   RO         9374    i.LPS22HB_Set_Odr   lps22hb_driver.o
    0x08005c38   0x08005c38   0x00000040   Code   RO         9377    i.LPS22HB_Set_PowerMode  lps22hb_driver.o
    0x08005c78   0x08005c78   0x00000040   Code   RO         9379    i.LPS22HB_Set_SpiInterface  lps22hb_driver.o
    0x08005cb8   0x08005cb8   0x00000036   Code   RO         9382    i.LPS22HB_SwResetAndMemoryBoot  lps22hb_driver.o
    0x08005cee   0x08005cee   0x0000000c   Code   RO         7808    i.LPS22HB_T_Check_WhoAmI  lps22hb_driver_hl.o
    0x08005cfa   0x08005cfa   0x00000024   Code   RO         7809    i.LPS22HB_T_DeInit  lps22hb_driver_hl.o
    0x08005d1e   0x08005d1e   0x0000001e   Code   RO         7810    i.LPS22HB_T_Get_DRDY_Status  lps22hb_driver_hl.o
    0x08005d3c   0x08005d3c   0x00000010   Code   RO         7811    i.LPS22HB_T_Get_ODR  lps22hb_driver_hl.o
    0x08005d4c   0x08005d4c   0x00000010   Code   RO         7812    i.LPS22HB_T_Get_Temp  lps22hb_driver_hl.o
    0x08005d5c   0x08005d5c   0x00000010   Code   RO         7813    i.LPS22HB_T_Get_WhoAmI  lps22hb_driver_hl.o
    0x08005d6c   0x08005d6c   0x00000026   Code   RO         7814    i.LPS22HB_T_Init    lps22hb_driver_hl.o
    0x08005d92   0x08005d92   0x0000001c   Code   RO         7815    i.LPS22HB_T_Read_Reg  lps22hb_driver_hl.o
    0x08005dae   0x08005dae   0x0000002e   Code   RO         7816    i.LPS22HB_T_Sensor_Disable  lps22hb_driver_hl.o
    0x08005ddc   0x08005ddc   0x00000034   Code   RO         7817    i.LPS22HB_T_Sensor_Enable  lps22hb_driver_hl.o
    0x08005e10   0x08005e10   0x00000036   Code   RO         7818    i.LPS22HB_T_Set_ODR  lps22hb_driver_hl.o
    0x08005e46   0x08005e46   0x00000044   Code   RO         7819    i.LPS22HB_T_Set_ODR_Value  lps22hb_driver_hl.o
    0x08005e8a   0x08005e8a   0x0000001c   Code   RO         7820    i.LPS22HB_T_Write_Reg  lps22hb_driver_hl.o
    0x08005ea6   0x08005ea6   0x00000032   Code   RO         9383    i.LPS22HB_WriteReg  lps22hb_driver.o
    0x08005ed8   0x08005ed8   0x0000001c   Code   RO         7821    i.LPS22HB_Write_Reg  lps22hb_driver_hl.o
    0x08005ef4   0x08005ef4   0x00000154   Code   RO         8156    i.LSM303AGR_ACC_Get_Acceleration  lsm303agr_acc_driver.o
    0x08006048   0x08006048   0x00000046   Code   RO         8157    i.LSM303AGR_ACC_Get_Raw_Acceleration  lsm303agr_acc_driver.o
    0x0800608e   0x0800608e   0x00000024   Code   RO         8193    i.LSM303AGR_ACC_R_FullScale  lsm303agr_acc_driver.o
    0x080060b2   0x080060b2   0x00000024   Code   RO         8194    i.LSM303AGR_ACC_R_HiRes  lsm303agr_acc_driver.o
    0x080060d6   0x080060d6   0x00000024   Code   RO         8232    i.LSM303AGR_ACC_R_LOWPWR_EN  lsm303agr_acc_driver.o
    0x080060fa   0x080060fa   0x00000024   Code   RO         8236    i.LSM303AGR_ACC_R_ODR  lsm303agr_acc_driver.o
    0x0800611e   0x0800611e   0x00000024   Code   RO         8245    i.LSM303AGR_ACC_R_WHO_AM_I  lsm303agr_acc_driver.o
    0x08006142   0x08006142   0x00000024   Code   RO         8247    i.LSM303AGR_ACC_R_XDataAvail  lsm303agr_acc_driver.o
    0x08006166   0x08006166   0x00000024   Code   RO         8250    i.LSM303AGR_ACC_R_XEN  lsm303agr_acc_driver.o
    0x0800618a   0x0800618a   0x00000024   Code   RO         8257    i.LSM303AGR_ACC_R_YEN  lsm303agr_acc_driver.o
    0x080061ae   0x080061ae   0x00000024   Code   RO         8262    i.LSM303AGR_ACC_R_ZEN  lsm303agr_acc_driver.o
    0x080061d2   0x080061d2   0x0000002c   Code   RO         8274    i.LSM303AGR_ACC_ReadReg  lsm303agr_acc_driver.o
    0x080061fe   0x080061fe   0x00000040   Code   RO         8278    i.LSM303AGR_ACC_W_BlockDataUpdate  lsm303agr_acc_driver.o
    0x0800623e   0x0800623e   0x00000040   Code   RO         8294    i.LSM303AGR_ACC_W_FifoMode  lsm303agr_acc_driver.o
    0x0800627e   0x0800627e   0x00000040   Code   RO         8296    i.LSM303AGR_ACC_W_FullScale  lsm303agr_acc_driver.o
    0x080062be   0x080062be   0x00000040   Code   RO         8325    i.LSM303AGR_ACC_W_ODR  lsm303agr_acc_driver.o
    0x080062fe   0x080062fe   0x00000040   Code   RO         8334    i.LSM303AGR_ACC_W_XEN  lsm303agr_acc_driver.o
    0x0800633e   0x0800633e   0x00000040   Code   RO         8337    i.LSM303AGR_ACC_W_YEN  lsm303agr_acc_driver.o
    0x0800637e   0x0800637e   0x00000040   Code   RO         8340    i.LSM303AGR_ACC_W_ZEN  lsm303agr_acc_driver.o
    0x080063be   0x080063be   0x0000002c   Code   RO         8347    i.LSM303AGR_ACC_WriteReg  lsm303agr_acc_driver.o
    0x080063ea   0x080063ea   0x00000028   Code   RO         9710    i.LSM303AGR_X_Check_WhoAmI  lsm303agr_acc_driver_hl.o
    0x08006412   0x08006412   0x00000002   PAD
    0x08006414   0x08006414   0x00000034   Code   RO         9711    i.LSM303AGR_X_DeInit  lsm303agr_acc_driver_hl.o
    0x08006448   0x08006448   0x00000024   Code   RO         9712    i.LSM303AGR_X_Get_Axes  lsm303agr_acc_driver_hl.o
    0x0800646c   0x0800646c   0x0000002a   Code   RO         9713    i.LSM303AGR_X_Get_AxesRaw  lsm303agr_acc_driver_hl.o
    0x08006496   0x08006496   0x00000088   Code   RO         9714    i.LSM303AGR_X_Get_Axes_Raw  lsm303agr_acc_driver_hl.o
    0x0800651e   0x0800651e   0x00000062   Code   RO         9715    i.LSM303AGR_X_Get_Axes_Status  lsm303agr_acc_driver_hl.o
    0x08006580   0x08006580   0x00000032   Code   RO         9716    i.LSM303AGR_X_Get_DRDY_Status  lsm303agr_acc_driver_hl.o
    0x080065b2   0x080065b2   0x00000062   Code   RO         9717    i.LSM303AGR_X_Get_FS  lsm303agr_acc_driver_hl.o
    0x08006614   0x08006614   0x000000a8   Code   RO         9718    i.LSM303AGR_X_Get_ODR  lsm303agr_acc_driver_hl.o
    0x080066bc   0x080066bc   0x0000006c   Code   RO         9719    i.LSM303AGR_X_Get_Sensitivity  lsm303agr_acc_driver_hl.o
    0x08006728   0x08006728   0x00000074   Code   RO         9720    i.LSM303AGR_X_Get_Sensitivity_HR_Mode  lsm303agr_acc_driver_hl.o
    0x0800679c   0x0800679c   0x00000074   Code   RO         9721    i.LSM303AGR_X_Get_Sensitivity_LP_Mode  lsm303agr_acc_driver_hl.o
    0x08006810   0x08006810   0x00000074   Code   RO         9722    i.LSM303AGR_X_Get_Sensitivity_Normal_Mode  lsm303agr_acc_driver_hl.o
    0x08006884   0x08006884   0x00000018   Code   RO         9723    i.LSM303AGR_X_Get_WhoAmI  lsm303agr_acc_driver_hl.o
    0x0800689c   0x0800689c   0x00000078   Code   RO         9724    i.LSM303AGR_X_Init  lsm303agr_acc_driver_hl.o
    0x08006914   0x08006914   0x0000001e   Code   RO         9725    i.LSM303AGR_X_Read_Reg  lsm303agr_acc_driver_hl.o
    0x08006932   0x08006932   0x00000034   Code   RO         9726    i.LSM303AGR_X_Sensor_Disable  lsm303agr_acc_driver_hl.o
    0x08006966   0x08006966   0x0000002e   Code   RO         9727    i.LSM303AGR_X_Sensor_Enable  lsm303agr_acc_driver_hl.o
    0x08006994   0x08006994   0x00000056   Code   RO         9728    i.LSM303AGR_X_Set_Axes_Status  lsm303agr_acc_driver_hl.o
    0x080069ea   0x080069ea   0x00000036   Code   RO         9729    i.LSM303AGR_X_Set_FS  lsm303agr_acc_driver_hl.o
    0x08006a20   0x08006a20   0x0000005c   Code   RO         9730    i.LSM303AGR_X_Set_FS_Value  lsm303agr_acc_driver_hl.o
    0x08006a7c   0x08006a7c   0x0000002c   Code   RO         9731    i.LSM303AGR_X_Set_ODR  lsm303agr_acc_driver_hl.o
    0x08006aa8   0x08006aa8   0x0000003a   Code   RO         9732    i.LSM303AGR_X_Set_ODR_Value  lsm303agr_acc_driver_hl.o
    0x08006ae2   0x08006ae2   0x00000002   PAD
    0x08006ae4   0x08006ae4   0x0000009c   Code   RO         9733    i.LSM303AGR_X_Set_ODR_Value_When_Disabled  lsm303agr_acc_driver_hl.o
    0x08006b80   0x08006b80   0x000000a0   Code   RO         9734    i.LSM303AGR_X_Set_ODR_Value_When_Enabled  lsm303agr_acc_driver_hl.o
    0x08006c20   0x08006c20   0x0000005c   Code   RO         9735    i.LSM303AGR_X_Set_ODR_When_Disabled  lsm303agr_acc_driver_hl.o
    0x08006c7c   0x08006c7c   0x00000040   Code   RO         9736    i.LSM303AGR_X_Set_ODR_When_Enabled  lsm303agr_acc_driver_hl.o
    0x08006cbc   0x08006cbc   0x0000001c   Code   RO         9737    i.LSM303AGR_X_Write_Reg  lsm303agr_acc_driver_hl.o
    0x08006cd8   0x08006cd8   0x00000046   Code   RO        10395    i.LSM6DSL_ACC_GYRO_GetRawAccData  lsm6dsl_acc_gyro_driver.o
    0x08006d1e   0x08006d1e   0x00000046   Code   RO        10396    i.LSM6DSL_ACC_GYRO_GetRawGyroData  lsm6dsl_acc_gyro_driver.o
    0x08006d64   0x08006d64   0x00000046   Code   RO        10397    i.LSM6DSL_ACC_GYRO_Get_GetFIFOData  lsm6dsl_acc_gyro_driver.o
    0x08006daa   0x08006daa   0x00000046   Code   RO        10398    i.LSM6DSL_ACC_GYRO_Get_GetStepCounter  lsm6dsl_acc_gyro_driver.o
    0x08006df0   0x08006df0   0x00000024   Code   RO        10410    i.LSM6DSL_ACC_GYRO_R_D6D_EV_STATUS  lsm6dsl_acc_gyro_driver.o
    0x08006e14   0x08006e14   0x00000024   Code   RO        10419    i.LSM6DSL_ACC_GYRO_R_DOUBLE_TAP_EV_STATUS  lsm6dsl_acc_gyro_driver.o
    0x08006e38   0x08006e38   0x00000024   Code   RO        10428    i.LSM6DSL_ACC_GYRO_R_DSD_XH  lsm6dsl_acc_gyro_driver.o
    0x08006e5c   0x08006e5c   0x00000024   Code   RO        10429    i.LSM6DSL_ACC_GYRO_R_DSD_XL  lsm6dsl_acc_gyro_driver.o
    0x08006e80   0x08006e80   0x00000024   Code   RO        10430    i.LSM6DSL_ACC_GYRO_R_DSD_YH  lsm6dsl_acc_gyro_driver.o
    0x08006ea4   0x08006ea4   0x00000024   Code   RO        10431    i.LSM6DSL_ACC_GYRO_R_DSD_YL  lsm6dsl_acc_gyro_driver.o
    0x08006ec8   0x08006ec8   0x00000024   Code   RO        10432    i.LSM6DSL_ACC_GYRO_R_DSD_ZH  lsm6dsl_acc_gyro_driver.o
    0x08006eec   0x08006eec   0x00000024   Code   RO        10433    i.LSM6DSL_ACC_GYRO_R_DSD_ZL  lsm6dsl_acc_gyro_driver.o
    0x08006f10   0x08006f10   0x00000024   Code   RO        10440    i.LSM6DSL_ACC_GYRO_R_FF_EV_STATUS  lsm6dsl_acc_gyro_driver.o
    0x08006f34   0x08006f34   0x00000024   Code   RO        10442    i.LSM6DSL_ACC_GYRO_R_FIFOEmpty  lsm6dsl_acc_gyro_driver.o
    0x08006f58   0x08006f58   0x00000024   Code   RO        10443    i.LSM6DSL_ACC_GYRO_R_FIFOFull  lsm6dsl_acc_gyro_driver.o
    0x08006f7c   0x08006f7c   0x0000005e   Code   RO        10444    i.LSM6DSL_ACC_GYRO_R_FIFONumOfEntries  lsm6dsl_acc_gyro_driver.o
    0x08006fda   0x08006fda   0x0000005e   Code   RO        10445    i.LSM6DSL_ACC_GYRO_R_FIFOPattern  lsm6dsl_acc_gyro_driver.o
    0x08007038   0x08007038   0x00000024   Code   RO        10451    i.LSM6DSL_ACC_GYRO_R_FS_125  lsm6dsl_acc_gyro_driver.o
    0x0800705c   0x0800705c   0x00000024   Code   RO        10452    i.LSM6DSL_ACC_GYRO_R_FS_G  lsm6dsl_acc_gyro_driver.o
    0x08007080   0x08007080   0x00000024   Code   RO        10453    i.LSM6DSL_ACC_GYRO_R_FS_XL  lsm6dsl_acc_gyro_driver.o
    0x080070a4   0x080070a4   0x00000024   Code   RO        10457    i.LSM6DSL_ACC_GYRO_R_GDA  lsm6dsl_acc_gyro_driver.o
    0x080070c8   0x080070c8   0x00000024   Code   RO        10482    i.LSM6DSL_ACC_GYRO_R_ODR_G  lsm6dsl_acc_gyro_driver.o
    0x080070ec   0x080070ec   0x00000024   Code   RO        10483    i.LSM6DSL_ACC_GYRO_R_ODR_XL  lsm6dsl_acc_gyro_driver.o
    0x08007110   0x08007110   0x00000024   Code   RO        10484    i.LSM6DSL_ACC_GYRO_R_OVERRUN  lsm6dsl_acc_gyro_driver.o
    0x08007134   0x08007134   0x00000024   Code   RO        10489    i.LSM6DSL_ACC_GYRO_R_PEDO_EV_STATUS  lsm6dsl_acc_gyro_driver.o
    0x08007158   0x08007158   0x00000024   Code   RO        10501    i.LSM6DSL_ACC_GYRO_R_SINGLE_TAP_EV_STATUS  lsm6dsl_acc_gyro_driver.o
    0x0800717c   0x0800717c   0x00000024   Code   RO        10535    i.LSM6DSL_ACC_GYRO_R_TILT_EV_STATUS  lsm6dsl_acc_gyro_driver.o
    0x080071a0   0x080071a0   0x00000024   Code   RO        10547    i.LSM6DSL_ACC_GYRO_R_WHO_AM_I  lsm6dsl_acc_gyro_driver.o
    0x080071c4   0x080071c4   0x00000024   Code   RO        10551    i.LSM6DSL_ACC_GYRO_R_WU_EV_STATUS  lsm6dsl_acc_gyro_driver.o
    0x080071e8   0x080071e8   0x00000024   Code   RO        10553    i.LSM6DSL_ACC_GYRO_R_XLDA  lsm6dsl_acc_gyro_driver.o
    0x0800720c   0x0800720c   0x00000024   Code   RO        10560    i.LSM6DSL_ACC_GYRO_ReadReg  lsm6dsl_acc_gyro_driver.o
    0x08007230   0x08007230   0x00000040   Code   RO        10565    i.LSM6DSL_ACC_GYRO_W_6DEvOnInt1  lsm6dsl_acc_gyro_driver.o
    0x08007270   0x08007270   0x00000040   Code   RO        10567    i.LSM6DSL_ACC_GYRO_W_BASIC_INT  lsm6dsl_acc_gyro_driver.o
    0x080072b0   0x080072b0   0x00000040   Code   RO        10568    i.LSM6DSL_ACC_GYRO_W_BDU  lsm6dsl_acc_gyro_driver.o
    0x080072f0   0x080072f0   0x00000040   Code   RO        10578    i.LSM6DSL_ACC_GYRO_W_DEC_FIFO_G  lsm6dsl_acc_gyro_driver.o
    0x08007330   0x08007330   0x00000040   Code   RO        10580    i.LSM6DSL_ACC_GYRO_W_DEC_FIFO_XL  lsm6dsl_acc_gyro_driver.o
    0x08007370   0x08007370   0x00000048   Code   RO        10593    i.LSM6DSL_ACC_GYRO_W_DUR  lsm6dsl_acc_gyro_driver.o
    0x080073b8   0x080073b8   0x00000040   Code   RO        10594    i.LSM6DSL_ACC_GYRO_W_EmbeddedAccess  lsm6dsl_acc_gyro_driver.o
    0x080073f8   0x080073f8   0x00000040   Code   RO        10596    i.LSM6DSL_ACC_GYRO_W_FFEvOnInt1  lsm6dsl_acc_gyro_driver.o
    0x08007438   0x08007438   0x0000008c   Code   RO        10598    i.LSM6DSL_ACC_GYRO_W_FF_Duration  lsm6dsl_acc_gyro_driver.o
    0x080074c4   0x080074c4   0x00000040   Code   RO        10599    i.LSM6DSL_ACC_GYRO_W_FF_THS  lsm6dsl_acc_gyro_driver.o
    0x08007504   0x08007504   0x00000040   Code   RO        10600    i.LSM6DSL_ACC_GYRO_W_FIFO_MODE  lsm6dsl_acc_gyro_driver.o
    0x08007544   0x08007544   0x0000007e   Code   RO        10604    i.LSM6DSL_ACC_GYRO_W_FIFO_Watermark  lsm6dsl_acc_gyro_driver.o
    0x080075c2   0x080075c2   0x00000040   Code   RO        10605    i.LSM6DSL_ACC_GYRO_W_FS_125  lsm6dsl_acc_gyro_driver.o
    0x08007602   0x08007602   0x00000040   Code   RO        10606    i.LSM6DSL_ACC_GYRO_W_FS_G  lsm6dsl_acc_gyro_driver.o
    0x08007642   0x08007642   0x00000040   Code   RO        10607    i.LSM6DSL_ACC_GYRO_W_FS_XL  lsm6dsl_acc_gyro_driver.o
    0x08007682   0x08007682   0x00000040   Code   RO        10608    i.LSM6DSL_ACC_GYRO_W_FULL_FLAG_on_INT1  lsm6dsl_acc_gyro_driver.o
    0x080076c2   0x080076c2   0x00000040   Code   RO        10610    i.LSM6DSL_ACC_GYRO_W_FUNC_EN  lsm6dsl_acc_gyro_driver.o
    0x08007702   0x08007702   0x00000040   Code   RO        10612    i.LSM6DSL_ACC_GYRO_W_HPCF_XL  lsm6dsl_acc_gyro_driver.o
    0x08007742   0x08007742   0x00000040   Code   RO        10618    i.LSM6DSL_ACC_GYRO_W_I2C_DISABLE  lsm6dsl_acc_gyro_driver.o
    0x08007782   0x08007782   0x00000040   Code   RO        10620    i.LSM6DSL_ACC_GYRO_W_IF_Addr_Incr  lsm6dsl_acc_gyro_driver.o
    0x080077c2   0x080077c2   0x00000040   Code   RO        10623    i.LSM6DSL_ACC_GYRO_W_InComposit  lsm6dsl_acc_gyro_driver.o
    0x08007802   0x08007802   0x00000040   Code   RO        10625    i.LSM6DSL_ACC_GYRO_W_LIR  lsm6dsl_acc_gyro_driver.o
    0x08007842   0x08007842   0x00000040   Code   RO        10628    i.LSM6DSL_ACC_GYRO_W_LP_BW_G  lsm6dsl_acc_gyro_driver.o
    0x08007882   0x08007882   0x00000040   Code   RO        10630    i.LSM6DSL_ACC_GYRO_W_LowPassFiltSel_XL  lsm6dsl_acc_gyro_driver.o
    0x080078c2   0x080078c2   0x00000040   Code   RO        10633    i.LSM6DSL_ACC_GYRO_W_ODR_FIFO  lsm6dsl_acc_gyro_driver.o
    0x08007902   0x08007902   0x00000040   Code   RO        10634    i.LSM6DSL_ACC_GYRO_W_ODR_G  lsm6dsl_acc_gyro_driver.o
    0x08007942   0x08007942   0x00000040   Code   RO        10635    i.LSM6DSL_ACC_GYRO_W_ODR_XL  lsm6dsl_acc_gyro_driver.o
    0x08007982   0x08007982   0x00000040   Code   RO        10639    i.LSM6DSL_ACC_GYRO_W_PEDO  lsm6dsl_acc_gyro_driver.o
    0x080079c2   0x080079c2   0x00000040   Code   RO        10642    i.LSM6DSL_ACC_GYRO_W_PedoStepReset  lsm6dsl_acc_gyro_driver.o
    0x08007a02   0x08007a02   0x00000048   Code   RO        10643    i.LSM6DSL_ACC_GYRO_W_PedoThreshold  lsm6dsl_acc_gyro_driver.o
    0x08007a4a   0x08007a4a   0x00000048   Code   RO        10644    i.LSM6DSL_ACC_GYRO_W_QUIET_Duration  lsm6dsl_acc_gyro_driver.o
    0x08007a92   0x08007a92   0x00000046   Code   RO        10647    i.LSM6DSL_ACC_GYRO_W_SHOCK_Duration  lsm6dsl_acc_gyro_driver.o
    0x08007ad8   0x08007ad8   0x00000040   Code   RO        10649    i.LSM6DSL_ACC_GYRO_W_SINGLE_DOUBLE_TAP_EV  lsm6dsl_acc_gyro_driver.o
    0x08007b18   0x08007b18   0x00000040   Code   RO        10650    i.LSM6DSL_ACC_GYRO_W_SIXD_THS  lsm6dsl_acc_gyro_driver.o
    0x08007b58   0x08007b58   0x00000046   Code   RO        10651    i.LSM6DSL_ACC_GYRO_W_SLEEP_DUR  lsm6dsl_acc_gyro_driver.o
    0x08007b9e   0x08007b9e   0x00000040   Code   RO        10657    i.LSM6DSL_ACC_GYRO_W_STEP_DET_on_INT1  lsm6dsl_acc_gyro_driver.o
    0x08007bde   0x08007bde   0x00000040   Code   RO        10658    i.LSM6DSL_ACC_GYRO_W_STOP_ON_FTH  lsm6dsl_acc_gyro_driver.o
    0x08007c1e   0x08007c1e   0x00000040   Code   RO        10661    i.LSM6DSL_ACC_GYRO_W_SelfTest_G  lsm6dsl_acc_gyro_driver.o
    0x08007c5e   0x08007c5e   0x00000040   Code   RO        10662    i.LSM6DSL_ACC_GYRO_W_SelfTest_XL  lsm6dsl_acc_gyro_driver.o
    0x08007c9e   0x08007c9e   0x00000040   Code   RO        10665    i.LSM6DSL_ACC_GYRO_W_SingleTapOnInt1  lsm6dsl_acc_gyro_driver.o
    0x08007cde   0x08007cde   0x00000046   Code   RO        10671    i.LSM6DSL_ACC_GYRO_W_TAP_THS  lsm6dsl_acc_gyro_driver.o
    0x08007d24   0x08007d24   0x00000040   Code   RO        10672    i.LSM6DSL_ACC_GYRO_W_TAP_X_EN  lsm6dsl_acc_gyro_driver.o
    0x08007d64   0x08007d64   0x00000040   Code   RO        10673    i.LSM6DSL_ACC_GYRO_W_TAP_Y_EN  lsm6dsl_acc_gyro_driver.o
    0x08007da4   0x08007da4   0x00000040   Code   RO        10674    i.LSM6DSL_ACC_GYRO_W_TAP_Z_EN  lsm6dsl_acc_gyro_driver.o
    0x08007de4   0x08007de4   0x00000040   Code   RO        10675    i.LSM6DSL_ACC_GYRO_W_TILT  lsm6dsl_acc_gyro_driver.o
    0x08007e24   0x08007e24   0x00000040   Code   RO        10677    i.LSM6DSL_ACC_GYRO_W_TIMER_HR  lsm6dsl_acc_gyro_driver.o
    0x08007e64   0x08007e64   0x00000040   Code   RO        10680    i.LSM6DSL_ACC_GYRO_W_TapEvOnInt1  lsm6dsl_acc_gyro_driver.o
    0x08007ea4   0x08007ea4   0x00000040   Code   RO        10682    i.LSM6DSL_ACC_GYRO_W_TiltEvOnInt1  lsm6dsl_acc_gyro_driver.o
    0x08007ee4   0x08007ee4   0x00000048   Code   RO        10686    i.LSM6DSL_ACC_GYRO_W_WAKE_DUR  lsm6dsl_acc_gyro_driver.o
    0x08007f2c   0x08007f2c   0x00000046   Code   RO        10687    i.LSM6DSL_ACC_GYRO_W_WK_THS  lsm6dsl_acc_gyro_driver.o
    0x08007f72   0x08007f72   0x00000040   Code   RO        10688    i.LSM6DSL_ACC_GYRO_W_WUEvOnInt1  lsm6dsl_acc_gyro_driver.o
    0x08007fb2   0x08007fb2   0x00000024   Code   RO        10690    i.LSM6DSL_ACC_GYRO_WriteReg  lsm6dsl_acc_gyro_driver.o
    0x08007fd6   0x08007fd6   0x00000028   Code   RO         6290    i.LSM6DSL_Check_WhoAmI  lsm6dsl_acc_gyro_driver_hl.o
    0x08007ffe   0x08007ffe   0x00000002   PAD
    0x08008000   0x08008000   0x0000006c   Code   RO         6291    i.LSM6DSL_FIFO_G_Get_Axis  lsm6dsl_acc_gyro_driver_hl.o
    0x0800806c   0x0800806c   0x00000046   Code   RO         6292    i.LSM6DSL_FIFO_G_Set_Decimation  lsm6dsl_acc_gyro_driver_hl.o
    0x080080b2   0x080080b2   0x00000018   Code   RO         6293    i.LSM6DSL_FIFO_Get_Data  lsm6dsl_acc_gyro_driver_hl.o
    0x080080ca   0x080080ca   0x00000036   Code   RO         6294    i.LSM6DSL_FIFO_Get_Empty_Status  lsm6dsl_acc_gyro_driver_hl.o
    0x08008100   0x08008100   0x00000036   Code   RO         6295    i.LSM6DSL_FIFO_Get_Full_Status  lsm6dsl_acc_gyro_driver_hl.o
    0x08008136   0x08008136   0x00000018   Code   RO         6296    i.LSM6DSL_FIFO_Get_Num_Of_Samples  lsm6dsl_acc_gyro_driver_hl.o
    0x0800814e   0x0800814e   0x00000036   Code   RO         6297    i.LSM6DSL_FIFO_Get_Overrun_Status  lsm6dsl_acc_gyro_driver_hl.o
    0x08008184   0x08008184   0x00000018   Code   RO         6298    i.LSM6DSL_FIFO_Get_Pattern  lsm6dsl_acc_gyro_driver_hl.o
    0x0800819c   0x0800819c   0x0000002a   Code   RO         6299    i.LSM6DSL_FIFO_Set_INT1_FIFO_Full  lsm6dsl_acc_gyro_driver_hl.o
    0x080081c6   0x080081c6   0x00000038   Code   RO         6300    i.LSM6DSL_FIFO_Set_Mode  lsm6dsl_acc_gyro_driver_hl.o
    0x080081fe   0x080081fe   0x00000002   PAD
    0x08008200   0x08008200   0x000000e4   Code   RO         6301    i.LSM6DSL_FIFO_Set_ODR_Value  lsm6dsl_acc_gyro_driver_hl.o
    0x080082e4   0x080082e4   0x0000002a   Code   RO         6302    i.LSM6DSL_FIFO_Set_Stop_On_Fth  lsm6dsl_acc_gyro_driver_hl.o
    0x0800830e   0x0800830e   0x00000018   Code   RO         6303    i.LSM6DSL_FIFO_Set_Watermark_Level  lsm6dsl_acc_gyro_driver_hl.o
    0x08008326   0x08008326   0x00000002   PAD
    0x08008328   0x08008328   0x0000006c   Code   RO         6304    i.LSM6DSL_FIFO_X_Get_Axis  lsm6dsl_acc_gyro_driver_hl.o
    0x08008394   0x08008394   0x0000003e   Code   RO         6305    i.LSM6DSL_FIFO_X_Set_Decimation  lsm6dsl_acc_gyro_driver_hl.o
    0x080083d2   0x080083d2   0x0000000c   Code   RO         6306    i.LSM6DSL_G_Check_WhoAmI  lsm6dsl_acc_gyro_driver_hl.o
    0x080083de   0x080083de   0x00000002   PAD
    0x080083e0   0x080083e0   0x0000003c   Code   RO         6307    i.LSM6DSL_G_DeInit  lsm6dsl_acc_gyro_driver_hl.o
    0x0800841c   0x0800841c   0x00000088   Code   RO         6308    i.LSM6DSL_G_Get_Axes  lsm6dsl_acc_gyro_driver_hl.o
    0x080084a4   0x080084a4   0x0000002a   Code   RO         6309    i.LSM6DSL_G_Get_AxesRaw  lsm6dsl_acc_gyro_driver_hl.o
    0x080084ce   0x080084ce   0x0000004e   Code   RO         6310    i.LSM6DSL_G_Get_Axes_Raw  lsm6dsl_acc_gyro_driver_hl.o
    0x0800851c   0x0800851c   0x00000034   Code   RO         6311    i.LSM6DSL_G_Get_DRDY_Status  lsm6dsl_acc_gyro_driver_hl.o
    0x08008550   0x08008550   0x00000098   Code   RO         6312    i.LSM6DSL_G_Get_FS  lsm6dsl_acc_gyro_driver_hl.o
    0x080085e8   0x080085e8   0x000000dc   Code   RO         6313    i.LSM6DSL_G_Get_ODR  lsm6dsl_acc_gyro_driver_hl.o
    0x080086c4   0x080086c4   0x00000098   Code   RO         6314    i.LSM6DSL_G_Get_Sensitivity  lsm6dsl_acc_gyro_driver_hl.o
    0x0800875c   0x0800875c   0x00000010   Code   RO         6315    i.LSM6DSL_G_Get_WhoAmI  lsm6dsl_acc_gyro_driver_hl.o
    0x0800876c   0x0800876c   0x00000078   Code   RO         6316    i.LSM6DSL_G_Init    lsm6dsl_acc_gyro_driver_hl.o
    0x080087e4   0x080087e4   0x0000001c   Code   RO         6317    i.LSM6DSL_G_Read_Reg  lsm6dsl_acc_gyro_driver_hl.o
    0x08008800   0x08008800   0x00000034   Code   RO         6318    i.LSM6DSL_G_Sensor_Disable  lsm6dsl_acc_gyro_driver_hl.o
    0x08008834   0x08008834   0x0000002e   Code   RO         6319    i.LSM6DSL_G_Sensor_Enable  lsm6dsl_acc_gyro_driver_hl.o
    0x08008862   0x08008862   0x00000036   Code   RO         6320    i.LSM6DSL_G_Set_FS  lsm6dsl_acc_gyro_driver_hl.o
    0x08008898   0x08008898   0x00000098   Code   RO         6321    i.LSM6DSL_G_Set_FS_Value  lsm6dsl_acc_gyro_driver_hl.o
    0x08008930   0x08008930   0x00000010   Code   RO         6322    i.LSM6DSL_G_Set_Interrupt_Latch  lsm6dsl_acc_gyro_driver_hl.o
    0x08008940   0x08008940   0x0000002c   Code   RO         6323    i.LSM6DSL_G_Set_ODR  lsm6dsl_acc_gyro_driver_hl.o
    0x0800896c   0x0800896c   0x0000003a   Code   RO         6324    i.LSM6DSL_G_Set_ODR_Value  lsm6dsl_acc_gyro_driver_hl.o
    0x080089a6   0x080089a6   0x00000002   PAD
    0x080089a8   0x080089a8   0x000000e8   Code   RO         6325    i.LSM6DSL_G_Set_ODR_Value_When_Disabled  lsm6dsl_acc_gyro_driver_hl.o
    0x08008a90   0x08008a90   0x000000e4   Code   RO         6326    i.LSM6DSL_G_Set_ODR_Value_When_Enabled  lsm6dsl_acc_gyro_driver_hl.o
    0x08008b74   0x08008b74   0x0000005c   Code   RO         6327    i.LSM6DSL_G_Set_ODR_When_Disabled  lsm6dsl_acc_gyro_driver_hl.o
    0x08008bd0   0x08008bd0   0x00000040   Code   RO         6328    i.LSM6DSL_G_Set_ODR_When_Enabled  lsm6dsl_acc_gyro_driver_hl.o
    0x08008c10   0x08008c10   0x00000036   Code   RO         6329    i.LSM6DSL_G_Set_SelfTest  lsm6dsl_acc_gyro_driver_hl.o
    0x08008c46   0x08008c46   0x0000001c   Code   RO         6330    i.LSM6DSL_G_Write_Reg  lsm6dsl_acc_gyro_driver_hl.o
    0x08008c62   0x08008c62   0x00000018   Code   RO         6331    i.LSM6DSL_Get_WhoAmI  lsm6dsl_acc_gyro_driver_hl.o
    0x08008c7a   0x08008c7a   0x0000001e   Code   RO         6332    i.LSM6DSL_Read_Reg  lsm6dsl_acc_gyro_driver_hl.o
    0x08008c98   0x08008c98   0x00000004   Code   RO         4655    i.LSM6DSL_Sensor_IO_ITConfig  steval_fcu001_v1.o
    0x08008c9c   0x08008c9c   0x0000002a   Code   RO         6333    i.LSM6DSL_Set_Interrupt_Latch  lsm6dsl_acc_gyro_driver_hl.o
    0x08008cc6   0x08008cc6   0x0000001c   Code   RO         6334    i.LSM6DSL_Write_Reg  lsm6dsl_acc_gyro_driver_hl.o
    0x08008ce2   0x08008ce2   0x0000000c   Code   RO         6335    i.LSM6DSL_X_Check_WhoAmI  lsm6dsl_acc_gyro_driver_hl.o
    0x08008cee   0x08008cee   0x00000002   PAD
    0x08008cf0   0x08008cf0   0x00000090   Code   RO         6336    i.LSM6DSL_X_DeInit  lsm6dsl_acc_gyro_driver_hl.o
    0x08008d80   0x08008d80   0x00000032   Code   RO         6337    i.LSM6DSL_X_Disable_6D_Orientation  lsm6dsl_acc_gyro_driver_hl.o
    0x08008db2   0x08008db2   0x00000094   Code   RO         6338    i.LSM6DSL_X_Disable_Double_Tap_Detection  lsm6dsl_acc_gyro_driver_hl.o
    0x08008e46   0x08008e46   0x00000040   Code   RO         6339    i.LSM6DSL_X_Disable_Free_Fall_Detection  lsm6dsl_acc_gyro_driver_hl.o
    0x08008e86   0x08008e86   0x00000040   Code   RO         6340    i.LSM6DSL_X_Disable_Pedometer  lsm6dsl_acc_gyro_driver_hl.o
    0x08008ec6   0x08008ec6   0x00000078   Code   RO         6341    i.LSM6DSL_X_Disable_Single_Tap_Detection  lsm6dsl_acc_gyro_driver_hl.o
    0x08008f3e   0x08008f3e   0x00000016   Code   RO         6342    i.LSM6DSL_X_Disable_Step_Counter_Reset  lsm6dsl_acc_gyro_driver_hl.o
    0x08008f54   0x08008f54   0x00000032   Code   RO         6343    i.LSM6DSL_X_Disable_Tilt_Detection  lsm6dsl_acc_gyro_driver_hl.o
    0x08008f86   0x08008f86   0x00000040   Code   RO         6344    i.LSM6DSL_X_Disable_Wake_Up_Detection  lsm6dsl_acc_gyro_driver_hl.o
    0x08008fc6   0x08008fc6   0x00000002   PAD
    0x08008fc8   0x08008fc8   0x00000054   Code   RO         6345    i.LSM6DSL_X_Enable_6D_Orientation  lsm6dsl_acc_gyro_driver_hl.o
    0x0800901c   0x0800901c   0x000000b8   Code   RO         6346    i.LSM6DSL_X_Enable_Double_Tap_Detection  lsm6dsl_acc_gyro_driver_hl.o
    0x080090d4   0x080090d4   0x0000008c   Code   RO         6347    i.LSM6DSL_X_Enable_Free_Fall_Detection  lsm6dsl_acc_gyro_driver_hl.o
    0x08009160   0x08009160   0x0000005e   Code   RO         6348    i.LSM6DSL_X_Enable_Pedometer  lsm6dsl_acc_gyro_driver_hl.o
    0x080091be   0x080091be   0x00000002   PAD
    0x080091c0   0x080091c0   0x0000009c   Code   RO         6349    i.LSM6DSL_X_Enable_Single_Tap_Detection  lsm6dsl_acc_gyro_driver_hl.o
    0x0800925c   0x0800925c   0x00000016   Code   RO         6350    i.LSM6DSL_X_Enable_Step_Counter_Reset  lsm6dsl_acc_gyro_driver_hl.o
    0x08009272   0x08009272   0x00000050   Code   RO         6351    i.LSM6DSL_X_Enable_Tilt_Detection  lsm6dsl_acc_gyro_driver_hl.o
    0x080092c2   0x080092c2   0x00000002   PAD
    0x080092c4   0x080092c4   0x00000064   Code   RO         6352    i.LSM6DSL_X_Enable_Wake_Up_Detection  lsm6dsl_acc_gyro_driver_hl.o
    0x08009328   0x08009328   0x00000034   Code   RO         6353    i.LSM6DSL_X_Get_6D_Orientation_Status  lsm6dsl_acc_gyro_driver_hl.o
    0x0800935c   0x0800935c   0x00000034   Code   RO         6354    i.LSM6DSL_X_Get_6D_Orientation_XH  lsm6dsl_acc_gyro_driver_hl.o
    0x08009390   0x08009390   0x00000032   Code   RO         6355    i.LSM6DSL_X_Get_6D_Orientation_XL  lsm6dsl_acc_gyro_driver_hl.o
    0x080093c2   0x080093c2   0x00000034   Code   RO         6356    i.LSM6DSL_X_Get_6D_Orientation_YH  lsm6dsl_acc_gyro_driver_hl.o
    0x080093f6   0x080093f6   0x00000034   Code   RO         6357    i.LSM6DSL_X_Get_6D_Orientation_YL  lsm6dsl_acc_gyro_driver_hl.o
    0x0800942a   0x0800942a   0x00000034   Code   RO         6358    i.LSM6DSL_X_Get_6D_Orientation_ZH  lsm6dsl_acc_gyro_driver_hl.o
    0x0800945e   0x0800945e   0x00000034   Code   RO         6359    i.LSM6DSL_X_Get_6D_Orientation_ZL  lsm6dsl_acc_gyro_driver_hl.o
    0x08009492   0x08009492   0x00000002   PAD
    0x08009494   0x08009494   0x00000088   Code   RO         6360    i.LSM6DSL_X_Get_Axes  lsm6dsl_acc_gyro_driver_hl.o
    0x0800951c   0x0800951c   0x0000002a   Code   RO         6361    i.LSM6DSL_X_Get_AxesRaw  lsm6dsl_acc_gyro_driver_hl.o
    0x08009546   0x08009546   0x0000004e   Code   RO         6362    i.LSM6DSL_X_Get_Axes_Raw  lsm6dsl_acc_gyro_driver_hl.o
    0x08009594   0x08009594   0x00000032   Code   RO         6363    i.LSM6DSL_X_Get_DRDY_Status  lsm6dsl_acc_gyro_driver_hl.o
    0x080095c6   0x080095c6   0x00000034   Code   RO         6364    i.LSM6DSL_X_Get_Double_Tap_Detection_Status  lsm6dsl_acc_gyro_driver_hl.o
    0x080095fa   0x080095fa   0x00000062   Code   RO         6365    i.LSM6DSL_X_Get_FS  lsm6dsl_acc_gyro_driver_hl.o
    0x0800965c   0x0800965c   0x00000034   Code   RO         6366    i.LSM6DSL_X_Get_Free_Fall_Detection_Status  lsm6dsl_acc_gyro_driver_hl.o
    0x08009690   0x08009690   0x000000dc   Code   RO         6367    i.LSM6DSL_X_Get_ODR  lsm6dsl_acc_gyro_driver_hl.o
    0x0800976c   0x0800976c   0x00000034   Code   RO         6368    i.LSM6DSL_X_Get_Pedometer_Status  lsm6dsl_acc_gyro_driver_hl.o
    0x080097a0   0x080097a0   0x00000074   Code   RO         6369    i.LSM6DSL_X_Get_Sensitivity  lsm6dsl_acc_gyro_driver_hl.o
    0x08009814   0x08009814   0x00000034   Code   RO         6370    i.LSM6DSL_X_Get_Single_Tap_Detection_Status  lsm6dsl_acc_gyro_driver_hl.o
    0x08009848   0x08009848   0x00000018   Code   RO         6371    i.LSM6DSL_X_Get_Step_Count  lsm6dsl_acc_gyro_driver_hl.o
    0x08009860   0x08009860   0x00000034   Code   RO         6372    i.LSM6DSL_X_Get_Tilt_Detection_Status  lsm6dsl_acc_gyro_driver_hl.o
    0x08009894   0x08009894   0x00000034   Code   RO         6373    i.LSM6DSL_X_Get_Wake_Up_Detection_Status  lsm6dsl_acc_gyro_driver_hl.o
    0x080098c8   0x080098c8   0x00000010   Code   RO         6374    i.LSM6DSL_X_Get_WhoAmI  lsm6dsl_acc_gyro_driver_hl.o
    0x080098d8   0x080098d8   0x00000078   Code   RO         6375    i.LSM6DSL_X_Init    lsm6dsl_acc_gyro_driver_hl.o
    0x08009950   0x08009950   0x0000001c   Code   RO         6376    i.LSM6DSL_X_Read_Reg  lsm6dsl_acc_gyro_driver_hl.o
    0x0800996c   0x0800996c   0x00000034   Code   RO         6377    i.LSM6DSL_X_Sensor_Disable  lsm6dsl_acc_gyro_driver_hl.o
    0x080099a0   0x080099a0   0x0000002e   Code   RO         6378    i.LSM6DSL_X_Sensor_Enable  lsm6dsl_acc_gyro_driver_hl.o
    0x080099ce   0x080099ce   0x00000036   Code   RO         6379    i.LSM6DSL_X_Set_FS  lsm6dsl_acc_gyro_driver_hl.o
    0x08009a04   0x08009a04   0x0000005c   Code   RO         6380    i.LSM6DSL_X_Set_FS_Value  lsm6dsl_acc_gyro_driver_hl.o
    0x08009a60   0x08009a60   0x00000018   Code   RO         6381    i.LSM6DSL_X_Set_Free_Fall_Threshold  lsm6dsl_acc_gyro_driver_hl.o
    0x08009a78   0x08009a78   0x00000010   Code   RO         6382    i.LSM6DSL_X_Set_Interrupt_Latch  lsm6dsl_acc_gyro_driver_hl.o
    0x08009a88   0x08009a88   0x0000002c   Code   RO         6383    i.LSM6DSL_X_Set_ODR  lsm6dsl_acc_gyro_driver_hl.o
    0x08009ab4   0x08009ab4   0x0000003a   Code   RO         6384    i.LSM6DSL_X_Set_ODR_Value  lsm6dsl_acc_gyro_driver_hl.o
    0x08009aee   0x08009aee   0x00000002   PAD
    0x08009af0   0x08009af0   0x000000e8   Code   RO         6385    i.LSM6DSL_X_Set_ODR_Value_When_Disabled  lsm6dsl_acc_gyro_driver_hl.o
    0x08009bd8   0x08009bd8   0x000000e4   Code   RO         6386    i.LSM6DSL_X_Set_ODR_Value_When_Enabled  lsm6dsl_acc_gyro_driver_hl.o
    0x08009cbc   0x08009cbc   0x0000005c   Code   RO         6387    i.LSM6DSL_X_Set_ODR_When_Disabled  lsm6dsl_acc_gyro_driver_hl.o
    0x08009d18   0x08009d18   0x00000040   Code   RO         6388    i.LSM6DSL_X_Set_ODR_When_Enabled  lsm6dsl_acc_gyro_driver_hl.o
    0x08009d58   0x08009d58   0x00000018   Code   RO         6389    i.LSM6DSL_X_Set_Pedometer_Threshold  lsm6dsl_acc_gyro_driver_hl.o
    0x08009d70   0x08009d70   0x00000036   Code   RO         6390    i.LSM6DSL_X_Set_SelfTest  lsm6dsl_acc_gyro_driver_hl.o
    0x08009da6   0x08009da6   0x00000018   Code   RO         6391    i.LSM6DSL_X_Set_Tap_Duration_Time  lsm6dsl_acc_gyro_driver_hl.o
    0x08009dbe   0x08009dbe   0x00000018   Code   RO         6392    i.LSM6DSL_X_Set_Tap_Quiet_Time  lsm6dsl_acc_gyro_driver_hl.o
    0x08009dd6   0x08009dd6   0x00000018   Code   RO         6393    i.LSM6DSL_X_Set_Tap_Shock_Time  lsm6dsl_acc_gyro_driver_hl.o
    0x08009dee   0x08009dee   0x00000018   Code   RO         6394    i.LSM6DSL_X_Set_Tap_Threshold  lsm6dsl_acc_gyro_driver_hl.o
    0x08009e06   0x08009e06   0x00000018   Code   RO         6395    i.LSM6DSL_X_Set_Wake_Up_Threshold  lsm6dsl_acc_gyro_driver_hl.o
    0x08009e1e   0x08009e1e   0x0000001c   Code   RO         6396    i.LSM6DSL_X_Write_Reg  lsm6dsl_acc_gyro_driver_hl.o
    0x08009e3a   0x08009e3a   0x00000002   PAD
    0x08009e3c   0x08009e3c   0x0000004c   Code   RO         4179    i.MX_ADC1_Init      main.o
    0x08009e88   0x08009e88   0x00000084   Code   RO         4180    i.MX_GPIO_Init      main.o
    0x08009f0c   0x08009f0c   0x00000084   Code   RO         4183    i.MX_TIM2_Init      main.o
    0x08009f90   0x08009f90   0x00000084   Code   RO         4184    i.MX_TIM4_Init      main.o
    0x0800a014   0x0800a014   0x00000038   Code   RO         4185    i.MX_TIM9_Init      main.o
    0x0800a04c   0x0800a04c   0x00000030   Code   RO         4186    i.MX_USART1_UART_Init  main.o
    0x0800a07c   0x0800a07c   0x00000010   Code   RO         1995    i.NVIC_GetPriorityGrouping  stm32f4xx_hal_cortex.o
    0x0800a08c   0x0800a08c   0x00000028   Code   RO         1996    i.NVIC_SetPriority  stm32f4xx_hal_cortex.o
    0x0800a0b4   0x0800a0b4   0x00000010   Code   RO         4365    i.OTG_FS_IRQHandler  stm32f4xx_it.o
    0x0800a0c4   0x0800a0c4   0x000000a2   Code   RO          888    i.PCD_WriteEmptyTxFifo  stm32f4xx_hal_pcd.o
    0x0800a166   0x0800a166   0x00000002   PAD
    0x0800a168   0x0800a168   0x000000f4   Code   RO         3838    i.PIDControlInit    flight_control.o
    0x0800a25c   0x0800a25c   0x00000142   Code   RO         4433    i.QuaternionToEuler  quaternion.o
    0x0800a39e   0x0800a39e   0x0000007c   Code   RO         4323    i.ReadSensorRawData  sensor_data.o
    0x0800a41a   0x0800a41a   0x00000002   PAD
    0x0800a41c   0x0800a41c   0x00000010   Code   RO         4366    i.SPI1_IRQHandler   stm32f4xx_it.o
    0x0800a42c   0x0800a42c   0x00000010   Code   RO         4367    i.SPI2_IRQHandler   stm32f4xx_it.o
    0x0800a43c   0x0800a43c   0x00000014   Code   RO         2505    i.SPI_DMAAbortOnError  stm32f4xx_hal_spi.o
    0x0800a450   0x0800a450   0x0000014c   Code   RO         4656    i.SPI_Read          steval_fcu001_v1.o
    0x0800a59c   0x0800a59c   0x0000007e   Code   RO         4657    i.SPI_Read_nBytes   steval_fcu001_v1.o
    0x0800a61a   0x0800a61a   0x00000030   Code   RO         4658    i.SPI_Write         steval_fcu001_v1.o
    0x0800a64a   0x0800a64a   0x00000004   Code   RO         4659    i.Sensor_IO_Init    steval_fcu001_v1.o
    0x0800a64e   0x0800a64e   0x00000056   Code   RO         4660    i.Sensor_IO_Read    steval_fcu001_v1.o
    0x0800a6a4   0x0800a6a4   0x0000004c   Code   RO         4661    i.Sensor_IO_SPI_CS_Disable  steval_fcu001_v1.o
    0x0800a6f0   0x0800a6f0   0x00000050   Code   RO         4662    i.Sensor_IO_SPI_CS_Enable  steval_fcu001_v1.o
    0x0800a740   0x0800a740   0x000000e8   Code   RO         4663    i.Sensor_IO_SPI_CS_Init  steval_fcu001_v1.o
    0x0800a828   0x0800a828   0x000000e8   Code   RO         4664    i.Sensor_IO_SPI_CS_Init_All  steval_fcu001_v1.o
    0x0800a910   0x0800a910   0x000000f0   Code   RO         4665    i.Sensor_IO_SPI_Init  steval_fcu001_v1.o
    0x0800aa00   0x0800aa00   0x00000084   Code   RO         4666    i.Sensor_IO_SPI_Read  steval_fcu001_v1.o
    0x0800aa84   0x0800aa84   0x00000040   Code   RO         4667    i.Sensor_IO_SPI_Write  steval_fcu001_v1.o
    0x0800aac4   0x0800aac4   0x0000001c   Code   RO         4668    i.Sensor_IO_Write   steval_fcu001_v1.o
    0x0800aae0   0x0800aae0   0x0000000c   Code   RO         4009    i.SetupTimer        timer.o
    0x0800aaec   0x0800aaec   0x00000014   Code   RO         4010    i.StartTimer        timer.o
    0x0800ab00   0x0800ab00   0x0000000c   Code   RO         4368    i.SysTick_Handler   stm32f4xx_it.o
    0x0800ab0c   0x0800ab0c   0x000000bc   Code   RO         4187    i.SystemClock_Config  main.o
    0x0800abc8   0x0800abc8   0x00000064   Code   RO         3522    i.SystemInit        system_stm32f4xx.o
    0x0800ac2c   0x0800ac2c   0x00000010   Code   RO         4369    i.TIM1_BRK_TIM9_IRQHandler  stm32f4xx_it.o
    0x0800ac3c   0x0800ac3c   0x00000010   Code   RO         4370    i.TIM2_IRQHandler   stm32f4xx_it.o
    0x0800ac4c   0x0800ac4c   0x000000b0   Code   RO         1304    i.TIM_Base_SetConfig  stm32f4xx_hal_tim.o
    0x0800acfc   0x0800acfc   0x0000001c   Code   RO         1305    i.TIM_CCxChannelCmd  stm32f4xx_hal_tim.o
    0x0800ad18   0x0800ad18   0x00000018   Code   RO         1311    i.TIM_ETR_SetConfig  stm32f4xx_hal_tim.o
    0x0800ad30   0x0800ad30   0x00000014   Code   RO         1312    i.TIM_ITRx_SetConfig  stm32f4xx_hal_tim.o
    0x0800ad44   0x0800ad44   0x00000064   Code   RO         1313    i.TIM_OC1_SetConfig  stm32f4xx_hal_tim.o
    0x0800ada8   0x0800ada8   0x00000070   Code   RO         1314    i.TIM_OC2_SetConfig  stm32f4xx_hal_tim.o
    0x0800ae18   0x0800ae18   0x0000006c   Code   RO         1315    i.TIM_OC3_SetConfig  stm32f4xx_hal_tim.o
    0x0800ae84   0x0800ae84   0x00000058   Code   RO         1316    i.TIM_OC4_SetConfig  stm32f4xx_hal_tim.o
    0x0800aedc   0x0800aedc   0x0000002a   Code   RO         1318    i.TIM_TI1_ConfigInputStage  stm32f4xx_hal_tim.o
    0x0800af06   0x0800af06   0x00000002   PAD
    0x0800af08   0x0800af08   0x00000084   Code   RO         1319    i.TIM_TI1_SetConfig  stm32f4xx_hal_tim.o
    0x0800af8c   0x0800af8c   0x0000002c   Code   RO         1320    i.TIM_TI2_ConfigInputStage  stm32f4xx_hal_tim.o
    0x0800afb8   0x0800afb8   0x0000003e   Code   RO         1321    i.TIM_TI2_SetConfig  stm32f4xx_hal_tim.o
    0x0800aff6   0x0800aff6   0x0000003c   Code   RO         1322    i.TIM_TI3_SetConfig  stm32f4xx_hal_tim.o
    0x0800b032   0x0800b032   0x00000040   Code   RO         1323    i.TIM_TI4_SetConfig  stm32f4xx_hal_tim.o
    0x0800b072   0x0800b072   0x00000022   Code   RO         4012    i.TimerProcess      timer.o
    0x0800b094   0x0800b094   0x00000014   Code   RO         3228    i.UART_DMAAbortOnError  stm32f4xx_hal_uart.o
    0x0800b0a8   0x0800b0a8   0x00000020   Code   RO         3238    i.UART_EndRxTransfer  stm32f4xx_hal_uart.o
    0x0800b0c8   0x0800b0c8   0x00000020   Code   RO         3239    i.UART_EndTransmit_IT  stm32f4xx_hal_uart.o
    0x0800b0e8   0x0800b0e8   0x0000009a   Code   RO         3241    i.UART_Receive_IT   stm32f4xx_hal_uart.o
    0x0800b182   0x0800b182   0x00000002   PAD
    0x0800b184   0x0800b184   0x00000368   Code   RO         3242    i.UART_SetConfig    stm32f4xx_hal_uart.o
    0x0800b4ec   0x0800b4ec   0x00000068   Code   RO         3243    i.UART_Transmit_IT  stm32f4xx_hal_uart.o
    0x0800b554   0x0800b554   0x0000006c   Code   RO         3244    i.UART_WaitOnFlagUntilTimeout  stm32f4xx_hal_uart.o
    0x0800b5c0   0x0800b5c0   0x00000010   Code   RO         4371    i.USART1_IRQHandler  stm32f4xx_it.o
    0x0800b5d0   0x0800b5d0   0x00000016   Code   RO         5895    i.USBD_ClrClassConfig  usbd_core.o
    0x0800b5e6   0x0800b5e6   0x00000044   Code   RO         6033    i.USBD_ClrFeature   usbd_ctlreq.o
    0x0800b62a   0x0800b62a   0x00000018   Code   RO         6233    i.USBD_CtlContinueRx  usbd_ioreq.o
    0x0800b642   0x0800b642   0x00000018   Code   RO         6234    i.USBD_CtlContinueSendData  usbd_ioreq.o
    0x0800b65a   0x0800b65a   0x00000018   Code   RO         6034    i.USBD_CtlError     usbd_ctlreq.o
    0x0800b672   0x0800b672   0x0000001a   Code   RO         6236    i.USBD_CtlReceiveStatus  usbd_ioreq.o
    0x0800b68c   0x0800b68c   0x00000022   Code   RO         6237    i.USBD_CtlSendData  usbd_ioreq.o
    0x0800b6ae   0x0800b6ae   0x0000001a   Code   RO         6238    i.USBD_CtlSendStatus  usbd_ioreq.o
    0x0800b6c8   0x0800b6c8   0x00000050   Code   RO         6035    i.USBD_GetConfig    usbd_ctlreq.o
    0x0800b718   0x0800b718   0x00000148   Code   RO         6036    i.USBD_GetDescriptor  usbd_ctlreq.o
    0x0800b860   0x0800b860   0x00000044   Code   RO         6038    i.USBD_GetStatus    usbd_ctlreq.o
    0x0800b8a4   0x0800b8a4   0x00000014   Code   RO         3571    i.USBD_LL_ClearStallEP  usbd_conf.o
    0x0800b8b8   0x0800b8b8   0x000000da   Code   RO         5898    i.USBD_LL_DataInStage  usbd_core.o
    0x0800b992   0x0800b992   0x00000086   Code   RO         5899    i.USBD_LL_DataOutStage  usbd_core.o
    0x0800ba18   0x0800ba18   0x00000006   Code   RO         5900    i.USBD_LL_DevConnected  usbd_core.o
    0x0800ba1e   0x0800ba1e   0x0000001a   Code   RO         5901    i.USBD_LL_DevDisconnected  usbd_core.o
    0x0800ba38   0x0800ba38   0x00000038   Code   RO         3578    i.USBD_LL_IsStallEP  usbd_conf.o
    0x0800ba70   0x0800ba70   0x00000006   Code   RO         5902    i.USBD_LL_IsoINIncomplete  usbd_core.o
    0x0800ba76   0x0800ba76   0x00000006   Code   RO         5903    i.USBD_LL_IsoOUTIncomplete  usbd_core.o
    0x0800ba7c   0x0800ba7c   0x00000020   Code   RO         3579    i.USBD_LL_OpenEP    usbd_conf.o
    0x0800ba9c   0x0800ba9c   0x00000020   Code   RO         3580    i.USBD_LL_PrepareReceive  usbd_conf.o
    0x0800babc   0x0800babc   0x00000044   Code   RO         5904    i.USBD_LL_Reset     usbd_core.o
    0x0800bb00   0x0800bb00   0x0000000e   Code   RO         5905    i.USBD_LL_Resume    usbd_core.o
    0x0800bb0e   0x0800bb0e   0x00000022   Code   RO         5906    i.USBD_LL_SOF       usbd_core.o
    0x0800bb30   0x0800bb30   0x00000008   Code   RO         5907    i.USBD_LL_SetSpeed  usbd_core.o
    0x0800bb38   0x0800bb38   0x00000014   Code   RO         3581    i.USBD_LL_SetUSBAddress  usbd_conf.o
    0x0800bb4c   0x0800bb4c   0x0000006e   Code   RO         5908    i.USBD_LL_SetupStage  usbd_core.o
    0x0800bbba   0x0800bbba   0x00000014   Code   RO         3582    i.USBD_LL_StallEP   usbd_conf.o
    0x0800bbce   0x0800bbce   0x00000014   Code   RO         5909    i.USBD_LL_Suspend   usbd_core.o
    0x0800bbe2   0x0800bbe2   0x00000020   Code   RO         3585    i.USBD_LL_Transmit  usbd_conf.o
    0x0800bc02   0x0800bc02   0x00000028   Code   RO         6040    i.USBD_ParseSetupRequest  usbd_ctlreq.o
    0x0800bc2a   0x0800bc2a   0x00000006   Code   RO         5911    i.USBD_RunTestMode  usbd_core.o
    0x0800bc30   0x0800bc30   0x00000054   Code   RO         6041    i.USBD_SetAddress   usbd_ctlreq.o
    0x0800bc84   0x0800bc84   0x00000022   Code   RO         5912    i.USBD_SetClassConfig  usbd_core.o
    0x0800bca6   0x0800bca6   0x00000002   PAD
    0x0800bca8   0x0800bca8   0x000000e0   Code   RO         6042    i.USBD_SetConfig    usbd_ctlreq.o
    0x0800bd88   0x0800bd88   0x00000024   Code   RO         6043    i.USBD_SetFeature   usbd_ctlreq.o
    0x0800bdac   0x0800bdac   0x00000072   Code   RO         6044    i.USBD_StdDevReq    usbd_ctlreq.o
    0x0800be1e   0x0800be1e   0x00000156   Code   RO         6045    i.USBD_StdEPReq     usbd_ctlreq.o
    0x0800bf74   0x0800bf74   0x0000004a   Code   RO         6046    i.USBD_StdItfReq    usbd_ctlreq.o
    0x0800bfbe   0x0800bfbe   0x00000002   PAD
    0x0800bfc0   0x0800bfc0   0x000000c4   Code   RO          569    i.USB_ActivateEndpoint  stm32f4xx_ll_usb.o
    0x0800c084   0x0800c084   0x00000044   Code   RO          570    i.USB_ActivateSetup  stm32f4xx_ll_usb.o
    0x0800c0c8   0x0800c0c8   0x000001b0   Code   RO          582    i.USB_EP0StartXfer  stm32f4xx_ll_usb.o
    0x0800c278   0x0800c278   0x00000044   Code   RO          583    i.USB_EP0_OutStart  stm32f4xx_ll_usb.o
    0x0800c2bc   0x0800c2bc   0x00000088   Code   RO          584    i.USB_EPClearStall  stm32f4xx_ll_usb.o
    0x0800c344   0x0800c344   0x0000008c   Code   RO          585    i.USB_EPSetStall    stm32f4xx_ll_usb.o
    0x0800c3d0   0x0800c3d0   0x000002d0   Code   RO          586    i.USB_EPStartXfer   stm32f4xx_ll_usb.o
    0x0800c6a0   0x0800c6a0   0x00000030   Code   RO          589    i.USB_FlushTxFifo   stm32f4xx_ll_usb.o
    0x0800c6d0   0x0800c6d0   0x00000044   Code   RO          591    i.USB_GetDevSpeed   stm32f4xx_ll_usb.o
    0x0800c714   0x0800c714   0x0000000a   Code   RO          593    i.USB_GetMode       stm32f4xx_ll_usb.o
    0x0800c71e   0x0800c71e   0x00000012   Code   RO          600    i.USB_ReadDevAllInEpInterrupt  stm32f4xx_ll_usb.o
    0x0800c730   0x0800c730   0x00000012   Code   RO          601    i.USB_ReadDevAllOutEpInterrupt  stm32f4xx_ll_usb.o
    0x0800c742   0x0800c742   0x0000002c   Code   RO          602    i.USB_ReadDevInEPInterrupt  stm32f4xx_ll_usb.o
    0x0800c76e   0x0800c76e   0x00000016   Code   RO          603    i.USB_ReadDevOutEPInterrupt  stm32f4xx_ll_usb.o
    0x0800c784   0x0800c784   0x0000000c   Code   RO          604    i.USB_ReadInterrupts  stm32f4xx_ll_usb.o
    0x0800c790   0x0800c790   0x00000022   Code   RO          605    i.USB_ReadPacket    stm32f4xx_ll_usb.o
    0x0800c7b2   0x0800c7b2   0x00000024   Code   RO          608    i.USB_SetDevAddress  stm32f4xx_ll_usb.o
    0x0800c7d6   0x0800c7d6   0x00000030   Code   RO          612    i.USB_WritePacket   stm32f4xx_ll_usb.o
    0x0800c806   0x0800c806   0x00000002   PAD
    0x0800c808   0x0800c808   0x00000010   Code   RO         4013    i.User_Timer_Callback  timer.o
    0x0800c818   0x0800c818   0x0000002c   Code   RO        12258    i.__0vsnprintf      mc_w.l(printfa.o)
    0x0800c844   0x0800c844   0x00000030   Code   RO        12361    i.__ARM_fpclassify  m_wm.l(fpclassify.o)
    0x0800c874   0x0800c874   0x00000004   PAD
    0x0800c878   0x0800c878   0x00000360   Code   RO        12203    i.__hardfp_asin     m_wm.l(asin.o)
    0x0800cbd8   0x0800cbd8   0x000002d8   Code   RO        12324    i.__hardfp_atan     m_wm.l(atan.o)
    0x0800ceb0   0x0800ceb0   0x000001f0   Code   RO        12217    i.__hardfp_atan2    m_wm.l(atan2.o)
    0x0800d0a0   0x0800d0a0   0x000000f8   Code   RO        12363    i.__kernel_poly     m_wm.l(poly.o)
    0x0800d198   0x0800d198   0x00000014   Code   RO        12342    i.__mathlib_dbl_infnan  m_wm.l(dunder.o)
    0x0800d1ac   0x0800d1ac   0x00000014   Code   RO        12343    i.__mathlib_dbl_infnan2  m_wm.l(dunder.o)
    0x0800d1c0   0x0800d1c0   0x00000020   Code   RO        12344    i.__mathlib_dbl_invalid  m_wm.l(dunder.o)
    0x0800d1e0   0x0800d1e0   0x00000020   Code   RO        12347    i.__mathlib_dbl_underflow  m_wm.l(dunder.o)
    0x0800d200   0x0800d200   0x0000000e   Code   RO        12446    i.__scatterload_copy  mc_w.l(handlers.o)
    0x0800d20e   0x0800d20e   0x00000002   Code   RO        12447    i.__scatterload_null  mc_w.l(handlers.o)
    0x0800d210   0x0800d210   0x0000000e   Code   RO        12448    i.__scatterload_zeroinit  mc_w.l(handlers.o)
    0x0800d21e   0x0800d21e   0x00000002   PAD
    0x0800d220   0x0800d220   0x0000000c   Code   RO        12420    i.__set_errno       mc_w.l(errno.o)
    0x0800d22c   0x0800d22c   0x00000184   Code   RO        12260    i._fp_digits        mc_w.l(printfa.o)
    0x0800d3b0   0x0800d3b0   0x000006dc   Code   RO        12261    i._printf_core      mc_w.l(printfa.o)
    0x0800da8c   0x0800da8c   0x00000024   Code   RO        12262    i._printf_post_padding  mc_w.l(printfa.o)
    0x0800dab0   0x0800dab0   0x0000002e   Code   RO        12263    i._printf_pre_padding  mc_w.l(printfa.o)
    0x0800dade   0x0800dade   0x00000016   Code   RO        12264    i._snputc           mc_w.l(printfa.o)
    0x0800daf4   0x0800daf4   0x00000084   Code   RO         4074    i.add_queue         rc.o
    0x0800db78   0x0800db78   0x0000057c   Code   RO         4149    i.ahrs_fusion_ag    ahrs.o
    0x0800e0f4   0x0800e0f4   0x00000010   Code   RO        12326    i.atan              m_wm.l(atan.o)
    0x0800e104   0x0800e104   0x00000114   Code   RO         4188    i.enableAllSensors  main.o
    0x0800e218   0x0800e218   0x00000018   Code   RO        12357    i.fabs              m_wm.l(fabs.o)
    0x0800e230   0x0800e230   0x0000002e   Code   RO         4076    i.init_queue        rc.o
    0x0800e25e   0x0800e25e   0x00000002   PAD
    0x0800e260   0x0800e260   0x00000040   Code   RO         4077    i.init_rc_variables  rc.o
    0x0800e2a0   0x0800e2a0   0x00000054   Code   RO         4078    i.init_remote_control  rc.o
    0x0800e2f4   0x0800e2f4   0x0000004c   Code   RO         4189    i.initializeAllSensors  main.o
    0x0800e340   0x0800e340   0x0000003c   Code   RO         4345    i.invSqrt           basic_math.o
    0x0800e37c   0x0800e37c   0x00000006   Code   RO         4014    i.isTimerEventExist  timer.o
    0x0800e382   0x0800e382   0x00000002   PAD
    0x0800e384   0x0800e384   0x000008f0   Code   RO         4190    i.main              main.o
    0x0800ec74   0x0800ec74   0x0000002a   Code   RO         4480    i.myprintf          debug.o
    0x0800ec9e   0x0800ec9e   0x00000002   PAD
    0x0800eca0   0x0800eca0   0x000001c4   Code   RO         4560    i.set_motor_pwm     motor.o
    0x0800ee64   0x0800ee64   0x00000028   Code   RO         4561    i.set_motor_pwm_zero  motor.o
    0x0800ee8c   0x0800ee8c   0x0000006e   Code   RO        12379    i.sqrt              m_wm.l(sqrt.o)
    0x0800eefa   0x0800eefa   0x00000002   PAD
    0x0800eefc   0x0800eefc   0x000000fc   Code   RO         4079    i.update_rc_data    rc.o
    0x0800eff8   0x0800eff8   0x0000001c   Code   RO         4481    i.usart_puts        debug.o
    0x0800f014   0x0800f014   0x00000010   Data   RO           18    .constdata          stm32f4xx_hal_rcc.o
    0x0800f024   0x0800f024   0x00000008   Data   RO         4670    .constdata          steval_fcu001_v1.o
    0x0800f02c   0x0800f02c   0x00000004   PAD
    0x0800f030   0x0800f030   0x00000060   Data   RO         8348    .constdata          lsm303agr_acc_driver.o
    0x0800f090   0x0800f090   0x00000050   Data   RO        12206    .constdata          m_wm.l(asin.o)
    0x0800f0e0   0x0800f0e0   0x00000098   Data   RO        12327    .constdata          m_wm.l(atan.o)
    0x0800f178   0x0800f178   0x00000008   Data   RO        12365    .constdata          m_wm.l(qnan.o)
    0x0800f180   0x0800f180   0x00000020   Data   RO        12444    Region$$Table       anon$$obj.o


    Execution Region RW_IRAM1 (Exec base: 0x20000000, Load base: 0x0800f1a0, Size: 0x00005030, Max: 0x00010000, ABSOLUTE, COMPRESSED[0x00000274])

    Exec Addr    Load Addr    Size         Type   Attr      Idx    E Section Name        Object

    0x20000000   COMPRESSED   0x00000004   Data   RW         1092    .data               stm32f4xx_hal.o
    0x20000004   COMPRESSED   0x00000004   Data   RW         3524    .data               system_stm32f4xx.o
    0x20000008   COMPRESSED   0x00000034   Data   RW         3840    .data               flight_control.o
    0x2000003c   COMPRESSED   0x00000048   Data   RW         4082    .data               rc.o
    0x20000084   COMPRESSED   0x00000058   Data   RW         4151    .data               ahrs.o
    0x200000dc   COMPRESSED   0x0000007d   Data   RW         4192    .data               main.o
    0x20000159   COMPRESSED   0x00000003   PAD
    0x2000015c   COMPRESSED   0x00000008   Data   RW         4671    .data               steval_fcu001_v1.o
    0x20000164   COMPRESSED   0x0000000c   Data   RW         4870    .data               steval_fcu001_v1_accelero.o
    0x20000170   COMPRESSED   0x00000010   Data   RW         5321    .data               steval_fcu001_v1_gyro.o
    0x20000180   COMPRESSED   0x00000009   Data   RW         5564    .data               steval_fcu001_v1_magneto.o
    0x20000189   COMPRESSED   0x00000003   PAD
    0x2000018c   COMPRESSED   0x0000000c   Data   RW         5731    .data               steval_fcu001_v1_pressure.o
    0x20000198   COMPRESSED   0x00000001   Data   RW         6047    .data               usbd_ctlreq.o
    0x20000199   COMPRESSED   0x00000003   PAD
    0x2000019c   COMPRESSED   0x000001ae   Data   RW         6397    .data               lsm6dsl_acc_gyro_driver_hl.o
    0x2000034a   COMPRESSED   0x00000002   PAD
    0x2000034c   COMPRESSED   0x00000048   Data   RW         6856    .data               lis2mdl_mag_driver_hl.o
    0x20000394   COMPRESSED   0x000000e8   Data   RW         7822    .data               lps22hb_driver_hl.o
    0x2000047c   COMPRESSED   0x00000050   Data   RW         9738    .data               lsm303agr_acc_driver_hl.o
    0x200004cc   COMPRESSED   0x00000004   Data   RW        12421    .data               mc_w.l(errno.o)
    0x200004d0        -       0x000003f0   Zero   RW         3586    .bss                usbd_conf.o
    0x200008c0        -       0x00000014   Zero   RW         4015    .bss                timer.o
    0x200008d4        -       0x0000008a   Zero   RW         4080    .bss                rc.o
    0x2000095e   COMPRESSED   0x00000002   PAD
    0x20000960        -       0x000005ac   Zero   RW         4191    .bss                main.o
    0x20000f0c        -       0x000000b0   Zero   RW         4669    .bss                steval_fcu001_v1.o
    0x20000fbc        -       0x00000038   Zero   RW         4869    .bss                steval_fcu001_v1_accelero.o
    0x20000ff4        -       0x00000014   Zero   RW         5320    .bss                steval_fcu001_v1_gyro.o
    0x20001008        -       0x00000014   Zero   RW         5563    .bss                steval_fcu001_v1_magneto.o
    0x2000101c        -       0x00000014   Zero   RW         5730    .bss                steval_fcu001_v1_pressure.o
    0x20001030        -       0x00004000   Zero   RW         4639    STACK               startup_stm32f401xc.o

